Archive member included to satisfy reference by file (symbol)

C:/ST/STM32CubeIDE_1.19.0/STM32CubeIDE/plugins/com.st.stm32cube.ide.mcu.externaltools.gnu-tools-for-stm32.13.3.rel1.win32_1.0.0.202411081344/tools/bin/../lib/gcc/arm-none-eabi/13.3.1/../../../../arm-none-eabi/lib/thumb/v8-m.main+fp/hard\libc_nano.a(libc_a-abort.o)
                              ./Core/Src/queues.o (abort)
C:/ST/STM32CubeIDE_1.19.0/STM32CubeIDE/plugins/com.st.stm32cube.ide.mcu.externaltools.gnu-tools-for-stm32.13.3.rel1.win32_1.0.0.202411081344/tools/bin/../lib/gcc/arm-none-eabi/13.3.1/../../../../arm-none-eabi/lib/thumb/v8-m.main+fp/hard\libc_nano.a(libc_a-atoi.o)
                              ./Core/Src/API.o (atoi)
C:/ST/STM32CubeIDE_1.19.0/STM32CubeIDE/plugins/com.st.stm32cube.ide.mcu.externaltools.gnu-tools-for-stm32.13.3.rel1.win32_1.0.0.202411081344/tools/bin/../lib/gcc/arm-none-eabi/13.3.1/../../../../arm-none-eabi/lib/thumb/v8-m.main+fp/hard\libc_nano.a(libc_a-exit.o)
                              C:/ST/STM32CubeIDE_1.19.0/STM32CubeIDE/plugins/com.st.stm32cube.ide.mcu.externaltools.gnu-tools-for-stm32.13.3.rel1.win32_1.0.0.202411081344/tools/bin/../lib/gcc/arm-none-eabi/13.3.1/../../../../arm-none-eabi/lib/thumb/v8-m.main+fp/hard/crt0.o (exit)
C:/ST/STM32CubeIDE_1.19.0/STM32CubeIDE/plugins/com.st.stm32cube.ide.mcu.externaltools.gnu-tools-for-stm32.13.3.rel1.win32_1.0.0.202411081344/tools/bin/../lib/gcc/arm-none-eabi/13.3.1/../../../../arm-none-eabi/lib/thumb/v8-m.main+fp/hard\libc_nano.a(libc_a-malloc.o)
                              ./Core/Src/queues.o (malloc)
C:/ST/STM32CubeIDE_1.19.0/STM32CubeIDE/plugins/com.st.stm32cube.ide.mcu.externaltools.gnu-tools-for-stm32.13.3.rel1.win32_1.0.0.202411081344/tools/bin/../lib/gcc/arm-none-eabi/13.3.1/../../../../arm-none-eabi/lib/thumb/v8-m.main+fp/hard\libc_nano.a(libc_a-mallocr.o)
                              C:/ST/STM32CubeIDE_1.19.0/STM32CubeIDE/plugins/com.st.stm32cube.ide.mcu.externaltools.gnu-tools-for-stm32.13.3.rel1.win32_1.0.0.202411081344/tools/bin/../lib/gcc/arm-none-eabi/13.3.1/../../../../arm-none-eabi/lib/thumb/v8-m.main+fp/hard\libc_nano.a(libc_a-malloc.o) (_malloc_r)
C:/ST/STM32CubeIDE_1.19.0/STM32CubeIDE/plugins/com.st.stm32cube.ide.mcu.externaltools.gnu-tools-for-stm32.13.3.rel1.win32_1.0.0.202411081344/tools/bin/../lib/gcc/arm-none-eabi/13.3.1/../../../../arm-none-eabi/lib/thumb/v8-m.main+fp/hard\libc_nano.a(libc_a-mlock.o)
                              C:/ST/STM32CubeIDE_1.19.0/STM32CubeIDE/plugins/com.st.stm32cube.ide.mcu.externaltools.gnu-tools-for-stm32.13.3.rel1.win32_1.0.0.202411081344/tools/bin/../lib/gcc/arm-none-eabi/13.3.1/../../../../arm-none-eabi/lib/thumb/v8-m.main+fp/hard\libc_nano.a(libc_a-mallocr.o) (__malloc_lock)
C:/ST/STM32CubeIDE_1.19.0/STM32CubeIDE/plugins/com.st.stm32cube.ide.mcu.externaltools.gnu-tools-for-stm32.13.3.rel1.win32_1.0.0.202411081344/tools/bin/../lib/gcc/arm-none-eabi/13.3.1/../../../../arm-none-eabi/lib/thumb/v8-m.main+fp/hard\libc_nano.a(libc_a-strtol.o)
                              C:/ST/STM32CubeIDE_1.19.0/STM32CubeIDE/plugins/com.st.stm32cube.ide.mcu.externaltools.gnu-tools-for-stm32.13.3.rel1.win32_1.0.0.202411081344/tools/bin/../lib/gcc/arm-none-eabi/13.3.1/../../../../arm-none-eabi/lib/thumb/v8-m.main+fp/hard\libc_nano.a(libc_a-atoi.o) (_strtol_r)
C:/ST/STM32CubeIDE_1.19.0/STM32CubeIDE/plugins/com.st.stm32cube.ide.mcu.externaltools.gnu-tools-for-stm32.13.3.rel1.win32_1.0.0.202411081344/tools/bin/../lib/gcc/arm-none-eabi/13.3.1/../../../../arm-none-eabi/lib/thumb/v8-m.main+fp/hard\libc_nano.a(libc_a-ctype_.o)
                              C:/ST/STM32CubeIDE_1.19.0/STM32CubeIDE/plugins/com.st.stm32cube.ide.mcu.externaltools.gnu-tools-for-stm32.13.3.rel1.win32_1.0.0.202411081344/tools/bin/../lib/gcc/arm-none-eabi/13.3.1/../../../../arm-none-eabi/lib/thumb/v8-m.main+fp/hard\libc_nano.a(libc_a-strtol.o) (_ctype_)
C:/ST/STM32CubeIDE_1.19.0/STM32CubeIDE/plugins/com.st.stm32cube.ide.mcu.externaltools.gnu-tools-for-stm32.13.3.rel1.win32_1.0.0.202411081344/tools/bin/../lib/gcc/arm-none-eabi/13.3.1/../../../../arm-none-eabi/lib/thumb/v8-m.main+fp/hard\libc_nano.a(libc_a-fflush.o)
                              ./Core/Src/API.o (fflush)
C:/ST/STM32CubeIDE_1.19.0/STM32CubeIDE/plugins/com.st.stm32cube.ide.mcu.externaltools.gnu-tools-for-stm32.13.3.rel1.win32_1.0.0.202411081344/tools/bin/../lib/gcc/arm-none-eabi/13.3.1/../../../../arm-none-eabi/lib/thumb/v8-m.main+fp/hard\libc_nano.a(libc_a-fgets.o)
                              ./Core/Src/API.o (fgets)
C:/ST/STM32CubeIDE_1.19.0/STM32CubeIDE/plugins/com.st.stm32cube.ide.mcu.externaltools.gnu-tools-for-stm32.13.3.rel1.win32_1.0.0.202411081344/tools/bin/../lib/gcc/arm-none-eabi/13.3.1/../../../../arm-none-eabi/lib/thumb/v8-m.main+fp/hard\libc_nano.a(libc_a-findfp.o)
[...]
Memory Configuration

Name             Origin             Length             Attributes
RAM              0x20000000         0x000a0000         xrw
FLASH            0x08000000         0x00100000         xr
*default*        0x00000000         0xffffffff

Linker script and memory map

LOAD C:/ST/STM32CubeIDE_1.19.0/STM32CubeIDE/plugins/com.st.stm32cube.ide.mcu.externaltools.gnu-tools-for-stm32.13.3.rel1.win32_1.0.0.202411081344/tools/bin/../lib/gcc/arm-none-eabi/13.3.1/thumb/v8-m.main+fp/hard/crti.o
LOAD C:/ST/STM32CubeIDE_1.19.0/STM32CubeIDE/plugins/com.st.stm32cube.ide.mcu.externaltools.gnu-tools-for-stm32.13.3.rel1.win32_1.0.0.202411081344/tools/bin/../lib/gcc/arm-none-eabi/13.3.1/thumb/v8-m.main+fp/hard/crtbegin.o
LOAD C:/ST/STM32CubeIDE_1.19.0/STM32CubeIDE/plugins/com.st.stm32cube.ide.mcu.externaltools.gnu-tools-for-stm32.13.3.rel1.win32_1.0.0.202411081344/tools/bin/../lib/gcc/arm-none-eabi/13.3.1/../../../../arm-none-eabi/lib/thumb/v8-m.main+fp/hard/crt0.o
LOAD ./Core/Src/API.o
LOAD ./Core/Src/main.o
LOAD ./Core/Src/queues.o
LOAD ./Core/Src/solver.o
LOAD ./Core/Src/stm32h5xx_hal_msp.o
LOAD ./Core/Src/stm32h5xx_it.o
LOAD ./Core/Src/syscalls.o
LOAD ./Core/Src/sysmem.o
LOAD ./Core/Src/system_stm32h5xx.o
LOAD ./Core/Startup/startup_stm32h562rgtx.o
LOAD ./Drivers/STM32H5xx_HAL_Driver/Src/stm32h5xx_hal.o
LOAD ./Drivers/STM32H5xx_HAL_Driver/Src/stm32h5xx_hal_cortex.o
LOAD ./Drivers/STM32H5xx_HAL_Driver/Src/stm32h5xx_hal_dma.o
LOAD ./Drivers/STM32H5xx_HAL_Driver/Src/stm32h5xx_hal_dma_ex.o
LOAD ./Drivers/STM32H5xx_HAL_Driver/Src/stm32h5xx_hal_exti.o
LOAD ./Drivers/STM32H5xx_HAL_Driver/Src/stm32h5xx_hal_flash.o
LOAD ./Drivers/STM32H5xx_HAL_Driver/Src/stm32h5xx_hal_flash_ex.o
LOAD ./Drivers/STM32H5xx_HAL_Driver/Src/stm32h5xx_hal_gpio.o
LOAD ./Drivers/STM32H5xx_HAL_Driver/Src/stm32h5xx_hal_i2c.o
LOAD ./Drivers/STM32H5xx_HAL_Driver/Src/stm32h5xx_hal_i2c_ex.o
LOAD ./Drivers/STM32H5xx_HAL_Driver/Src/stm32h5xx_hal_icache.o
LOAD ./Drivers/STM32H5xx_HAL_Driver/Src/stm32h5xx_hal_mmc.o
LOAD ./Drivers/STM32H5xx_HAL_Driver/Src/stm32h5xx_hal_mmc_ex.o
LOAD ./Drivers/STM32H5xx_HAL_Driver/Src/stm32h5xx_hal_pcd.o
LOAD ./Drivers/STM32H5xx_HAL_Driver/Src/stm32h5xx_hal_pcd_ex.o
LOAD ./Drivers/STM32H5xx_HAL_Driver/Src/stm32h5xx_hal_pwr.o
LOAD ./Drivers/STM32H5xx_HAL_Driver/Src/stm32h5xx_hal_pwr_ex.o
LOAD ./Drivers/STM32H5xx_HAL_Driver/Src/stm32h5xx_hal_rcc.o
LOAD ./Drivers/STM32H5xx_HAL_Driver/Src/stm32h5xx_hal_rcc_ex.o
LOAD ./Drivers/STM32H5xx_HAL_Driver/Src/stm32h5xx_hal_sd.o
LOAD ./Drivers/STM32H5xx_HAL_Driver/Src/stm32h5xx_hal_sd_ex.o
LOAD ./Drivers/STM32H5xx_HAL_Driver/Src/stm32h5xx_hal_sdio.o
LOAD ./Drivers/STM32H5xx_HAL_Driver/Src/stm32h5xx_hal_tim.o
LOAD ./Drivers/STM32H5xx_HAL_Driver/Src/stm32h5xx_hal_tim_ex.o
LOAD ./Drivers/STM32H5xx_HAL_Driver/Src/stm32h5xx_ll_dlyb.o
LOAD ./Drivers/STM32H5xx_HAL_Driver/Src/stm32h5xx_ll_sdmmc.o
LOAD ./Drivers/STM32H5xx_HAL_Driver/Src/stm32h5xx_ll_usb.o
START GROUP
LOAD C:/ST/STM32CubeIDE_1.19.0/STM32CubeIDE/plugins/com.st.stm32cube.ide.mcu.externaltools.gnu-tools-for-stm32.13.3.rel1.win32_1.0.0.202411081344/tools/bin/../lib/gcc/arm-none-eabi/13.3.1/../../../../arm-none-eabi/lib/thumb/v8-m.main+fp/hard\libc_nano.a
LOAD C:/ST/STM32CubeIDE_1.19.0/STM32CubeIDE/plugins/com.st.stm32cube.ide.mcu.externaltools.gnu-tools-for-stm32.13.3.rel1.win32_1.0.0.202411081344/tools/bin/../lib/gcc/arm-none-eabi/13.3.1/../../../../arm-none-eabi/lib/thumb/v8-m.main+fp/hard\libm.a
END GROUP
START GROUP
LOAD C:/ST/STM32CubeIDE_1.19.0/STM32CubeIDE/plugins/com.st.stm32cube.ide.mcu.externaltools.gnu-tools-for-stm32.13.3.rel1.win32_1.0.0.202411081344/tools/bin/../lib/gcc/arm-none-eabi/13.3.1/thumb/v8-m.main+fp/hard\libgcc.a
LOAD C:/ST/STM32CubeIDE_1.19.0/STM32CubeIDE/plugins/com.st.stm32cube.ide.mcu.externaltools.gnu-tools-for-stm32.13.3.rel1.win32_1.0.0.202411081344/tools/bin/../lib/gcc/arm-none-eabi/13.3.1/../../../../arm-none-eabi/lib/thumb/v8-m.main+fp/hard\libc_nano.a
END GROUP
START GROUP
LOAD C:/ST/STM32CubeIDE_1.19.0/STM32CubeIDE/plugins/com.st.stm32cube.ide.mcu.externaltools.gnu-tools-for-stm32.13.3.rel1.win32_1.0.0.202411081344/tools/bin/../lib/gcc/arm-none-eabi/13.3.1/thumb/v8-m.main+fp/hard\libgcc.a
LOAD C:/ST/STM32CubeIDE_1.19.0/STM32CubeIDE/plugins/com.st.stm32cube.ide.mcu.externaltools.gnu-tools-for-stm32.13.3.rel1.win32_1.0.0.202411081344/tools/bin/../lib/gcc/arm-none-eabi/13.3.1/../../../../arm-none-eabi/lib/thumb/v8-m.main+fp/hard\libc_nano.a
LOAD C:/ST/STM32CubeIDE_1.19.0/STM32CubeIDE/plugins/com.st.stm32cube.ide.mcu.externaltools.gnu-tools-for-stm32.13.3.rel1.win32_1.0.0.202411081344/tools/bin/../lib/gcc/arm-none-eabi/13.3.1/../../../../arm-none-eabi/lib/thumb/v8-m.main+fp/hard\libnosys.a
END GROUP
START GROUP
LOAD C:/ST/STM32CubeIDE_1.19.0/STM32CubeIDE/plugins/com.st.stm32cube.ide.mcu.externaltools.gnu-tools-for-stm32.13.3.rel1.win32_1.0.0.202411081344/tools/bin/../lib/gcc/arm-none-eabi/13.3.1/thumb/v8-m.main+fp/hard\libgcc.a
LOAD C:/ST/STM32CubeIDE_1.19.0/STM32CubeIDE/plugins/com.st.stm32cube.ide.mcu.externaltools.gnu-tools-for-stm32.13.3.rel1.win32_1.0.0.202411081344/tools/bin/../lib/gcc/arm-none-eabi/13.3.1/../../../../arm-none-eabi/lib/thumb/v8-m.main+fp/hard\libc_nano.a
LOAD C:/ST/STM32CubeIDE_1.19.0/STM32CubeIDE/plugins/com.st.stm32cube.ide.mcu.externaltools.gnu-tools-for-stm32.13.3.rel1.win32_1.0.0.202411081344/tools/bin/../lib/gcc/arm-none-eabi/13.3.1/../../../../arm-none-eabi/lib/thumb/v8-m.main+fp/hard\libnosys.a
END GROUP
LOAD C:/ST/STM32CubeIDE_1.19.0/STM32CubeIDE/plugins/com.st.stm32cube.ide.mcu.externaltools.gnu-tools-for-stm32.13.3.rel1.win32_1.0.0.202411081344/tools/bin/../lib/gcc/arm-none-eabi/13.3.1/thumb/v8-m.main+fp/hard/crtend.o
LOAD C:/ST/STM32CubeIDE_1.19.0/STM32CubeIDE/plugins/com.st.stm32cube.ide.mcu.externaltools.gnu-tools-for-stm32.13.3.rel1.win32_1.0.0.202411081344/tools/bin/../lib/gcc/arm-none-eabi/13.3.1/thumb/v8-m.main+fp/hard/crtn.o
                0x200a0000                        _estack = (ORIGIN (RAM) + LENGTH (RAM))
                0x00000200                        _Min_Heap_Size = 0x200
                0x00000400                        _Min_Stack_Size = 0x400

.isr_vector     0x08000000      0x24c
                0x08000000                        . = ALIGN (0x4)
 *(.isr_vector)
 .isr_vector    0x08000000      0x24c ./Core/Startup/startup_stm32h562rgtx.o
                0x08000000                g_pfnVectors
                0x0800024c                        . = ALIGN (0x4)

.text           0x0800024c     0xbf34
                0x0800024c                        . = ALIGN (0x4)
 *(.text)
 .text          0x0800024c       0x40 C:/ST/STM32CubeIDE_1.19.0/STM32CubeIDE/plugins/com.st.stm32cube.ide.mcu.externaltools.gnu-tools-for-stm32.13.3.rel1.win32_1.0.0.202411081344/tools/bin/../lib/gcc/arm-none-eabi/13.3.1/thumb/v8-m.main+fp/hard/crtbegin.o
 *(.text*)
 .text.main     0x0800028c       0x3e ./Core/Src/main.o
                0x0800028c                main
 *fill*         0x080002ca        0x2 
 .text.SystemClock_Config
                0x080002cc       0xe8 ./Core/Src/main.o
                0x080002cc                SystemClock_Config
 .text.MX_I2C1_Init
                0x080003b4       0x80 ./Core/Src/main.o
 .text.MX_I2C2_Init
                0x08000434       0x80 ./Core/Src/main.o
 .text.MX_ICACHE_Init
                0x080004b4       0x26 ./Core/Src/main.o
 *fill*         0x080004da        0x2 
 .text.MX_SDMMC1_SD_Init
                0x080004dc       0x48 ./Core/Src/main.o
 .text.MX_TIM2_Init
                0x08000524      0x104 ./Core/Src/main.o
 .text.MX_USB_PCD_Init
                0x08000628       0x64 ./Core/Src/main.o
 .text.MX_GPIO_Init
                0x0800068c      0x1a0 ./Core/Src/main.o
 .text.Error_Handler
                0x0800082c        0xc ./Core/Src/main.o
                0x0800082c                Error_Handler
 .text.queue_create
                0x08000838       0x50 ./Core/Src/queues.o
                0x08000838                queue_create
 .text.queue_push
                0x08000888       0x90 ./Core/Src/queues.o
                0x08000888                queue_push
 .text.queue_pop
                0x08000918       0x90 ./Core/Src/queues.o
                0x08000918                queue_pop
 .text.queue_is_empty
                0x080009a8       0x40 ./Core/Src/queues.o
                0x080009a8                queue_is_empty
 .text.checkTravelArray
                0x080009e8       0x2c ./Core/Src/solver.o
                0x080009e8                checkTravelArray
 .text.updateTravelArray
                0x08000a14       0x2c ./Core/Src/solver.o
                0x08000a14                updateTravelArray
 .text.updateFloodArray
                0x08000a40       0x30 ./Core/Src/solver.o
                0x08000a40                updateFloodArray
 .text.getFloodArray
                0x08000a70       0x2c ./Core/Src/solver.o
                0x08000a70                getFloodArray
 .text.updatePathArray
                0x08000a9c       0x34 ./Core/Src/solver.o
                0x08000a9c                updatePathArray
 .text.getPathArray
                0x08000ad0       0x2c ./Core/Src/solver.o
                0x08000ad0                getPathArray
 .text.resetFloodArray
                0x08000afc       0x94 ./Core/Src/solver.o
                0x08000afc                resetFloodArray
 .text.checkWall
                0x08000b90       0x90 ./Core/Src/solver.o
                0x08000b90                checkWall
 .text.incrementCoord
                0x08000c20       0xa4 ./Core/Src/solver.o
                0x08000c20                incrementCoord
 .text.turnLeft
                0x08000cc4       0x30 ./Core/Src/solver.o
                0x08000cc4                turnLeft
 .text.turnRight
                0x08000cf4       0x30 ./Core/Src/solver.o
                0x08000cf4                turnRight
 .text.mouseInGoal
                0x08000d24       0x48 ./Core/Src/solver.o
                0x08000d24                mouseInGoal
 .text.getNeighbor
                0x08000d6c       0xb8 ./Core/Src/solver.o
                0x08000d6c                getNeighbor
 .text.generateNeighbor
                0x08000e24      0x102 ./Core/Src/solver.o
                0x08000e24                generateNeighbor
 *fill*         0x08000f26        0x2 
 .text.floodFill
                0x08000f28      0x1c8 ./Core/Src/solver.o
                0x08000f28                floodFill
 .text.placeWall
                0x080010f0       0x94 ./Core/Src/solver.o
                0x080010f0                placeWall
 .text.generateInitialWalls
                0x08001184       0x8a ./Core/Src/solver.o
                0x08001184                generateInitialWalls
 .text.updateWalls
                0x0800120e        0xe ./Core/Src/solver.o
                0x0800120e                updateWalls
 .text.nextAction
                0x0800121c      0x128 ./Core/Src/solver.o
                0x0800121c                nextAction
 .text.checkDestination
                0x08001344       0x6c ./Core/Src/solver.o
                0x08001344                checkDestination
 .text.highlightPath
                0x080013b0      0x10c ./Core/Src/solver.o
                0x080013b0                highlightPath
 .text.solver   0x080014bc       0x24 ./Core/Src/solver.o
                0x080014bc                solver
 .text.HAL_MspInit
                0x080014e0        0xe ./Core/Src/stm32h5xx_hal_msp.o
                0x080014e0                HAL_MspInit
 *fill*         0x080014ee        0x2 
 .text.HAL_I2C_MspInit
                0x080014f0      0x1f4 ./Core/Src/stm32h5xx_hal_msp.o
                0x080014f0                HAL_I2C_MspInit
 .text.HAL_SD_MspInit
                0x080016e4      0x17c ./Core/Src/stm32h5xx_hal_msp.o
                0x080016e4                HAL_SD_MspInit
 .text.HAL_TIM_Base_MspInit
                0x08001860       0x40 ./Core/Src/stm32h5xx_hal_msp.o
                0x08001860                HAL_TIM_Base_MspInit
 .text.HAL_TIM_MspPostInit
                0x080018a0       0xb4 ./Core/Src/stm32h5xx_hal_msp.o
                0x080018a0                HAL_TIM_MspPostInit
 .text.HAL_PCD_MspInit
                0x08001954       0xb4 ./Core/Src/stm32h5xx_hal_msp.o
                0x08001954                HAL_PCD_MspInit
 .text.NMI_Handler
                0x08001a08        0x8 ./Core/Src/stm32h5xx_it.o
                0x08001a08                NMI_Handler
 .text.HardFault_Handler
                0x08001a10        0x8 ./Core/Src/stm32h5xx_it.o
                0x08001a10                HardFault_Handler
 .text.MemManage_Handler
                0x08001a18        0x8 ./Core/Src/stm32h5xx_it.o
                0x08001a18                MemManage_Handler
 .text.BusFault_Handler
                0x08001a20        0x8 ./Core/Src/stm32h5xx_it.o
                0x08001a20                BusFault_Handler
 .text.UsageFault_Handler
                0x08001a28        0x8 ./Core/Src/stm32h5xx_it.o
                0x08001a28                UsageFault_Handler
 .text.SVC_Handler
                0x08001a30        0xe ./Core/Src/stm32h5xx_it.o
                0x08001a30                SVC_Handler
 .text.DebugMon_Handler
                0x08001a3e        0xe ./Core/Src/stm32h5xx_it.o
                0x08001a3e                DebugMon_Handler
 .text.PendSV_Handler
                0x08001a4c        0xe ./Core/Src/stm32h5xx_it.o
                0x08001a4c                PendSV_Handler
 .text.SysTick_Handler
                0x08001a5a        0xc ./Core/Src/stm32h5xx_it.o
                0x08001a5a                SysTick_Handler
 .text._getpid  0x08001a66       0x10 ./Core/Src/syscalls.o
                0x08001a66                _getpid
 .text._kill    0x08001a76       0x20 ./Core/Src/syscalls.o
                0x08001a76                _kill
 .text._exit    0x08001a96       0x16 ./Core/Src/syscalls.o
                0x08001a96                _exit
 .text._read    0x08001aac       0x3a ./Core/Src/syscalls.o
                0x08001aac                _read
 .text._write   0x08001ae6       0x38 ./Core/Src/syscalls.o
                0x08001ae6                _write
 .text._close   0x08001b1e       0x18 ./Core/Src/syscalls.o
                0x08001b1e                _close
 .text._fstat   0x08001b36       0x20 ./Core/Src/syscalls.o
                0x08001b36                _fstat
 .text._isatty  0x08001b56       0x16 ./Core/Src/syscalls.o
                0x08001b56                _isatty
 .text._lseek   0x08001b6c       0x1a ./Core/Src/syscalls.o
                0x08001b6c                _lseek
 *fill*         0x08001b86        0x2 
 .text._sbrk    0x08001b88       0x6c ./Core/Src/sysmem.o
                0x08001b88                _sbrk
 .text.SystemInit
                0x08001bf4       0xf8 ./Core/Src/system_stm32h5xx.o
                0x08001bf4                SystemInit
 .text.Reset_Handler
                0x08001cec       0x50 ./Core/Startup/startup_stm32h562rgtx.o
                0x08001cec                Reset_Handler
 .text.Default_Handler
                0x08001d3c        0x2 ./Core/Startup/startup_stm32h562rgtx.o
                0x08001d3c                EXTI2_IRQHandler
                0x08001d3c                TIM8_TRG_COM_IRQHandler
                0x08001d3c                TIM8_CC_IRQHandler
                0x08001d3c                EXTI5_IRQHandler
                0x08001d3c                I3C1_ER_IRQHandler
                0x08001d3c                UART8_IRQHandler
                0x08001d3c                SPI4_IRQHandler
                0x08001d3c                GPDMA2_Channel1_IRQHandler
                0x08001d3c                FLASH_S_IRQHandler
                0x08001d3c                EXTI13_IRQHandler
                0x08001d3c                TIM1_CC_IRQHandler
                0x08001d3c                GPDMA2_Channel3_IRQHandler
                0x08001d3c                TAMP_IRQHandler
                0x08001d3c                TIM6_IRQHandler
                0x08001d3c                EXTI12_IRQHandler
                0x08001d3c                CORDIC_IRQHandler
                0x08001d3c                USB_DRD_FS_IRQHandler
                0x08001d3c                EXTI3_IRQHandler
                0x08001d3c                LPTIM4_IRQHandler
                0x08001d3c                GPDMA1_Channel5_IRQHandler
                0x08001d3c                EXTI8_IRQHandler
                0x08001d3c                GPDMA2_Channel5_IRQHandler
                0x08001d3c                LPTIM2_IRQHandler
                0x08001d3c                I2C3_ER_IRQHandler
                0x08001d3c                GPDMA2_Channel2_IRQHandler
                0x08001d3c                USART10_IRQHandler
                0x08001d3c                LPTIM3_IRQHandler
                0x08001d3c                EXTI0_IRQHandler
                0x08001d3c                I2C2_EV_IRQHandler
                0x08001d3c                FPU_IRQHandler
                0x08001d3c                GPDMA1_Channel3_IRQHandler
                0x08001d3c                GPDMA1_Channel7_IRQHandler
                0x08001d3c                FDCAN1_IT1_IRQHandler
                0x08001d3c                RAMCFG_IRQHandler
                0x08001d3c                DCACHE1_IRQHandler
                0x08001d3c                SPI1_IRQHandler
                0x08001d3c                OCTOSPI1_IRQHandler
                0x08001d3c                GPDMA1_Channel2_IRQHandler
                0x08001d3c                TIM8_UP_IRQHandler
                0x08001d3c                RCC_S_IRQHandler
                0x08001d3c                SAI2_IRQHandler
                0x08001d3c                ADC1_IRQHandler
                0x08001d3c                USART6_IRQHandler
                0x08001d3c                EXTI15_IRQHandler
                0x08001d3c                TIM17_IRQHandler
                0x08001d3c                USART3_IRQHandler
                0x08001d3c                RTC_IRQHandler
                0x08001d3c                EXTI9_IRQHandler
                0x08001d3c                LPTIM5_IRQHandler
                0x08001d3c                UART5_IRQHandler
                0x08001d3c                TIM4_IRQHandler
                0x08001d3c                I2C1_EV_IRQHandler
                0x08001d3c                GPDMA1_Channel1_IRQHandler
                0x08001d3c                TIM16_IRQHandler
                0x08001d3c                UART4_IRQHandler
                0x08001d3c                SecureFault_Handler
                0x08001d3c                TIM3_IRQHandler
                0x08001d3c                RCC_IRQHandler
                0x08001d3c                UART9_IRQHandler
                0x08001d3c                TIM1_TRG_COM_IRQHandler
                0x08001d3c                Default_Handler
                0x08001d3c                FMAC_IRQHandler
                0x08001d3c                CEC_IRQHandler
                0x08001d3c                USART11_IRQHandler
                0x08001d3c                TIM14_IRQHandler
                0x08001d3c                TIM13_IRQHandler
                0x08001d3c                GPDMA2_Channel4_IRQHandler
                0x08001d3c                SPI5_IRQHandler
                0x08001d3c                TIM12_IRQHandler
                0x08001d3c                TIM7_IRQHandler
                0x08001d3c                SDMMC1_IRQHandler
                0x08001d3c                TIM5_IRQHandler
                0x08001d3c                UCPD1_IRQHandler
                0x08001d3c                GPDMA1_Channel0_IRQHandler
                0x08001d3c                I3C1_EV_IRQHandler
                0x08001d3c                TIM15_IRQHandler
                0x08001d3c                PVD_AVD_IRQHandler
                0x08001d3c                I2C3_EV_IRQHandler
                0x08001d3c                ADC2_IRQHandler
                0x08001d3c                SPI2_IRQHandler
                0x08001d3c                EXTI14_IRQHandler
                0x08001d3c                EXTI11_IRQHandler
                0x08001d3c                CRS_IRQHandler
                0x08001d3c                EXTI4_IRQHandler
                0x08001d3c                GPDMA2_Channel0_IRQHandler
                0x08001d3c                RTC_S_IRQHandler
                0x08001d3c                RNG_IRQHandler
                0x08001d3c                GPDMA2_Channel6_IRQHandler
                0x08001d3c                TIM1_UP_IRQHandler
                0x08001d3c                UART12_IRQHandler
                0x08001d3c                WWDG_IRQHandler
                0x08001d3c                SPI6_IRQHandler
                0x08001d3c                I2C4_EV_IRQHandler
                0x08001d3c                IWDG_IRQHandler
                0x08001d3c                LPUART1_IRQHandler
                0x08001d3c                FDCAN1_IT0_IRQHandler
                0x08001d3c                TIM2_IRQHandler
                0x08001d3c                GPDMA1_Channel4_IRQHandler
                0x08001d3c                EXTI7_IRQHandler
                0x08001d3c                TIM1_BRK_IRQHandler
                0x08001d3c                EXTI1_IRQHandler
                0x08001d3c                LPTIM6_IRQHandler
                0x08001d3c                DAC1_IRQHandler
                0x08001d3c                DTS_IRQHandler
                0x08001d3c                UART7_IRQHandler
                0x08001d3c                GTZC_IRQHandler
                0x08001d3c                USART2_IRQHandler
                0x08001d3c                GPDMA1_Channel6_IRQHandler
                0x08001d3c                GPDMA2_Channel7_IRQHandler
                0x08001d3c                I2C2_ER_IRQHandler
                0x08001d3c                TIM8_BRK_IRQHandler
                0x08001d3c                FLASH_IRQHandler
                0x08001d3c                USART1_IRQHandler
                0x08001d3c                EXTI10_IRQHandler
                0x08001d3c                SPI3_IRQHandler
                0x08001d3c                I2C1_ER_IRQHandler
                0x08001d3c                FMC_IRQHandler
                0x08001d3c                EXTI6_IRQHandler
                0x08001d3c                LPTIM1_IRQHandler
                0x08001d3c                DCMI_PSSI_IRQHandler
                0x08001d3c                I2C4_ER_IRQHandler
                0x08001d3c                ICACHE_IRQHandler
                0x08001d3c                SAI1_IRQHandler
                0x08001d3c                HASH_IRQHandler
 *fill*         0x08001d3e        0x2 
 .text.HAL_Init
                0x08001d40       0x50 ./Drivers/STM32H5xx_HAL_Driver/Src/stm32h5xx_hal.o
                0x08001d40                HAL_Init
 .text.HAL_InitTick
                0x08001d90       0xec ./Drivers/STM32H5xx_HAL_Driver/Src/stm32h5xx_hal.o
                0x08001d90                HAL_InitTick
 .text.HAL_IncTick
                0x08001e7c       0x28 ./Drivers/STM32H5xx_HAL_Driver/Src/stm32h5xx_hal.o
                0x08001e7c                HAL_IncTick
 .text.HAL_GetTick
                0x08001ea4       0x18 ./Drivers/STM32H5xx_HAL_Driver/Src/stm32h5xx_hal.o
                0x08001ea4                HAL_GetTick
 .text.HAL_Delay
                0x08001ebc       0x48 ./Drivers/STM32H5xx_HAL_Driver/Src/stm32h5xx_hal.o
                0x08001ebc                HAL_Delay
 .text.__NVIC_SetPriorityGrouping
                0x08001f04       0x48 ./Drivers/STM32H5xx_HAL_Driver/Src/stm32h5xx_hal_cortex.o
 .text.__NVIC_GetPriorityGrouping
                0x08001f4c       0x1c ./Drivers/STM32H5xx_HAL_Driver/Src/stm32h5xx_hal_cortex.o
 .text.__NVIC_SetPriority
                0x08001f68       0x54 ./Drivers/STM32H5xx_HAL_Driver/Src/stm32h5xx_hal_cortex.o
 .text.NVIC_EncodePriority
                0x08001fbc       0x66 ./Drivers/STM32H5xx_HAL_Driver/Src/stm32h5xx_hal_cortex.o
 .text.HAL_NVIC_SetPriorityGrouping
                0x08002022       0x16 ./Drivers/STM32H5xx_HAL_Driver/Src/stm32h5xx_hal_cortex.o
                0x08002022                HAL_NVIC_SetPriorityGrouping
 .text.HAL_NVIC_SetPriority
                0x08002038       0x34 ./Drivers/STM32H5xx_HAL_Driver/Src/stm32h5xx_hal_cortex.o
                0x08002038                HAL_NVIC_SetPriority
 .text.HAL_SYSTICK_Config
                0x0800206c       0x44 ./Drivers/STM32H5xx_HAL_Driver/Src/stm32h5xx_hal_cortex.o
                0x0800206c                HAL_SYSTICK_Config
 .text.HAL_SYSTICK_CLKSourceConfig
                0x080020b0       0xb0 ./Drivers/STM32H5xx_HAL_Driver/Src/stm32h5xx_hal_cortex.o
                0x080020b0                HAL_SYSTICK_CLKSourceConfig
 .text.HAL_SYSTICK_GetCLKSourceConfig
                0x08002160       0x6c ./Drivers/STM32H5xx_HAL_Driver/Src/stm32h5xx_hal_cortex.o
                0x08002160                HAL_SYSTICK_GetCLKSourceConfig
 .text.HAL_GPIO_Init
                0x080021cc      0x2bc ./Drivers/STM32H5xx_HAL_Driver/Src/stm32h5xx_hal_gpio.o
                0x080021cc                HAL_GPIO_Init
 .text.HAL_GPIO_WritePin
                0x08002488       0x30 ./Drivers/STM32H5xx_HAL_Driver/Src/stm32h5xx_hal_gpio.o
                0x08002488                HAL_GPIO_WritePin
 .text.HAL_I2C_Init
                0x080024b8      0x136 ./Drivers/STM32H5xx_HAL_Driver/Src/stm32h5xx_hal_i2c.o
                0x080024b8                HAL_I2C_Init
 .text.HAL_I2CEx_ConfigAnalogFilter
                0x080025ee       0x96 ./Drivers/STM32H5xx_HAL_Driver/Src/stm32h5xx_hal_i2c_ex.o
                0x080025ee                HAL_I2CEx_ConfigAnalogFilter
 .text.HAL_I2CEx_ConfigDigitalFilter
                0x08002684       0x98 ./Drivers/STM32H5xx_HAL_Driver/Src/stm32h5xx_hal_i2c_ex.o
                0x08002684                HAL_I2CEx_ConfigDigitalFilter
 .text.HAL_ICACHE_ConfigAssociativityMode
                0x0800271c       0x40 ./Drivers/STM32H5xx_HAL_Driver/Src/stm32h5xx_hal_icache.o
                0x0800271c                HAL_ICACHE_ConfigAssociativityMode
 .text.HAL_ICACHE_Enable
                0x0800275c       0x20 ./Drivers/STM32H5xx_HAL_Driver/Src/stm32h5xx_hal_icache.o
                0x0800275c                HAL_ICACHE_Enable
 .text.HAL_PCD_Init
                0x0800277c      0x202 ./Drivers/STM32H5xx_HAL_Driver/Src/stm32h5xx_hal_pcd.o
                0x0800277c                HAL_PCD_Init
 .text.HAL_PCDEx_ActivateLPM
                0x0800297e       0x44 ./Drivers/STM32H5xx_HAL_Driver/Src/stm32h5xx_hal_pcd_ex.o
                0x0800297e                HAL_PCDEx_ActivateLPM
 *fill*         0x080029c2        0x2 
 .text.HAL_PWREx_EnableVddUSB
                0x080029c4       0x20 ./Drivers/STM32H5xx_HAL_Driver/Src/stm32h5xx_hal_pwr_ex.o
                0x080029c4                HAL_PWREx_EnableVddUSB
 .text.HAL_RCC_OscConfig
                0x080029e4      0x870 ./Drivers/STM32H5xx_HAL_Driver/Src/stm32h5xx_hal_rcc.o
                0x080029e4                HAL_RCC_OscConfig
 .text.HAL_RCC_ClockConfig
                0x08003254      0x370 ./Drivers/STM32H5xx_HAL_Driver/Src/stm32h5xx_hal_rcc.o
                0x08003254                HAL_RCC_ClockConfig
 .text.HAL_RCC_GetSysClockFreq
                0x080035c4      0x258 ./Drivers/STM32H5xx_HAL_Driver/Src/stm32h5xx_hal_rcc.o
                0x080035c4                HAL_RCC_GetSysClockFreq
 .text.HAL_RCC_GetHCLKFreq
                0x0800381c       0x38 ./Drivers/STM32H5xx_HAL_Driver/Src/stm32h5xx_hal_rcc.o
                0x0800381c                HAL_RCC_GetHCLKFreq
 .text.HAL_RCC_GetPCLK1Freq
                0x08003854       0x2c ./Drivers/STM32H5xx_HAL_Driver/Src/stm32h5xx_hal_rcc.o
                0x08003854                HAL_RCC_GetPCLK1Freq
 .text.HAL_RCC_GetPCLK2Freq
                0x08003880       0x2c ./Drivers/STM32H5xx_HAL_Driver/Src/stm32h5xx_hal_rcc.o
                0x08003880                HAL_RCC_GetPCLK2Freq
 .text.HAL_RCC_GetPCLK3Freq
                0x080038ac       0x2c ./Drivers/STM32H5xx_HAL_Driver/Src/stm32h5xx_hal_rcc.o
                0x080038ac                HAL_RCC_GetPCLK3Freq
 .text.HAL_RCCEx_PeriphCLKConfig
                0x080038d8     0x1e8c ./Drivers/STM32H5xx_HAL_Driver/Src/stm32h5xx_hal_rcc_ex.o
                0x080038d8                HAL_RCCEx_PeriphCLKConfig
 .text.HAL_RCCEx_GetPLL1ClockFreq
                0x08005764      0x2d8 ./Drivers/STM32H5xx_HAL_Driver/Src/stm32h5xx_hal_rcc_ex.o
                0x08005764                HAL_RCCEx_GetPLL1ClockFreq
 .text.HAL_RCCEx_GetPLL2ClockFreq
                0x08005a3c      0x2d8 ./Drivers/STM32H5xx_HAL_Driver/Src/stm32h5xx_hal_rcc_ex.o
                0x08005a3c                HAL_RCCEx_GetPLL2ClockFreq
 .text.HAL_RCCEx_GetPLL3ClockFreq
                0x08005d14      0x2d8 ./Drivers/STM32H5xx_HAL_Driver/Src/stm32h5xx_hal_rcc_ex.o
                0x08005d14                HAL_RCCEx_GetPLL3ClockFreq
 .text.HAL_RCCEx_GetPeriphCLKFreq
                0x08005fec     0x264c ./Drivers/STM32H5xx_HAL_Driver/Src/stm32h5xx_hal_rcc_ex.o
                0x08005fec                HAL_RCCEx_GetPeriphCLKFreq
 .text.RCCEx_PLL2_Config
                0x08008638      0x130 ./Drivers/STM32H5xx_HAL_Driver/Src/stm32h5xx_hal_rcc_ex.o
 .text.RCCEx_PLL3_Config
                0x08008768      0x130 ./Drivers/STM32H5xx_HAL_Driver/Src/stm32h5xx_hal_rcc_ex.o
 .text.HAL_SD_Init
                0x08008898      0x106 ./Drivers/STM32H5xx_HAL_Driver/Src/stm32h5xx_hal_sd.o
                0x08008898                HAL_SD_Init
 *fill*         0x0800899e        0x2 
 .text.HAL_SD_InitCard
                0x080089a0      0x148 ./Drivers/STM32H5xx_HAL_Driver/Src/stm32h5xx_hal_sd.o
                0x080089a0                HAL_SD_InitCard
 .text.HAL_SD_GetCardCSD
                0x08008ae8      0x348 ./Drivers/STM32H5xx_HAL_Driver/Src/stm32h5xx_hal_sd.o
                0x08008ae8                HAL_SD_GetCardCSD
 .text.HAL_SD_GetCardStatus
                0x08008e30      0x17c ./Drivers/STM32H5xx_HAL_Driver/Src/stm32h5xx_hal_sd.o
                0x08008e30                HAL_SD_GetCardStatus
 .text.HAL_SD_ConfigWideBusOperation
                0x08008fac      0x238 ./Drivers/STM32H5xx_HAL_Driver/Src/stm32h5xx_hal_sd.o
                0x08008fac                HAL_SD_ConfigWideBusOperation
 .text.HAL_SD_GetCardState
                0x080091e4       0x40 ./Drivers/STM32H5xx_HAL_Driver/Src/stm32h5xx_hal_sd.o
                0x080091e4                HAL_SD_GetCardState
 .text.SD_InitCard
                0x08009224      0x19c ./Drivers/STM32H5xx_HAL_Driver/Src/stm32h5xx_hal_sd.o
 .text.SD_PowerON
                0x080093c0      0x11c ./Drivers/STM32H5xx_HAL_Driver/Src/stm32h5xx_hal_sd.o
 .text.SD_SendSDStatus
                0x080094dc      0x1a0 ./Drivers/STM32H5xx_HAL_Driver/Src/stm32h5xx_hal_sd.o
 .text.SD_SendStatus
                0x0800967c       0x50 ./Drivers/STM32H5xx_HAL_Driver/Src/stm32h5xx_hal_sd.o
 .text.SD_WideBus_Enable
                0x080096cc       0x96 ./Drivers/STM32H5xx_HAL_Driver/Src/stm32h5xx_hal_sd.o
 .text.SD_WideBus_Disable
                0x08009762       0x96 ./Drivers/STM32H5xx_HAL_Driver/Src/stm32h5xx_hal_sd.o
 .text.SD_FindSCR
                0x080097f8      0x1a0 ./Drivers/STM32H5xx_HAL_Driver/Src/stm32h5xx_hal_sd.o
 .text.HAL_TIM_Base_Init
                0x08009998       0xae ./Drivers/STM32H5xx_HAL_Driver/Src/stm32h5xx_hal_tim.o
                0x08009998                HAL_TIM_Base_Init
 .text.HAL_TIM_PWM_Init
                0x08009a46       0xae ./Drivers/STM32H5xx_HAL_Driver/Src/stm32h5xx_hal_tim.o
                0x08009a46                HAL_TIM_PWM_Init
 .text.HAL_TIM_PWM_MspInit
                0x08009af4       0x14 ./Drivers/STM32H5xx_HAL_Driver/Src/stm32h5xx_hal_tim.o
                0x08009af4                HAL_TIM_PWM_MspInit
 .text.HAL_TIM_PWM_ConfigChannel
                0x08009b08      0x228 ./Drivers/STM32H5xx_HAL_Driver/Src/stm32h5xx_hal_tim.o
                0x08009b08                HAL_TIM_PWM_ConfigChannel
 .text.HAL_TIM_ConfigClockSource
                0x08009d30      0x23c ./Drivers/STM32H5xx_HAL_Driver/Src/stm32h5xx_hal_tim.o
                0x08009d30                HAL_TIM_ConfigClockSource
 .text.TIM_Base_SetConfig
                0x08009f6c      0x254 ./Drivers/STM32H5xx_HAL_Driver/Src/stm32h5xx_hal_tim.o
                0x08009f6c                TIM_Base_SetConfig
 .text.TIM_OC1_SetConfig
                0x0800a1c0      0x184 ./Drivers/STM32H5xx_HAL_Driver/Src/stm32h5xx_hal_tim.o
 .text.TIM_OC2_SetConfig
                0x0800a344      0x160 ./Drivers/STM32H5xx_HAL_Driver/Src/stm32h5xx_hal_tim.o
                0x0800a344                TIM_OC2_SetConfig
 .text.TIM_OC3_SetConfig
                0x0800a4a4      0x15c ./Drivers/STM32H5xx_HAL_Driver/Src/stm32h5xx_hal_tim.o
 .text.TIM_OC4_SetConfig
                0x0800a600      0x160 ./Drivers/STM32H5xx_HAL_Driver/Src/stm32h5xx_hal_tim.o
 .text.TIM_OC5_SetConfig
                0x0800a760      0x104 ./Drivers/STM32H5xx_HAL_Driver/Src/stm32h5xx_hal_tim.o
 .text.TIM_OC6_SetConfig
                0x0800a864      0x108 ./Drivers/STM32H5xx_HAL_Driver/Src/stm32h5xx_hal_tim.o
 .text.TIM_TI1_ConfigInputStage
                0x0800a96c       0x5e ./Drivers/STM32H5xx_HAL_Driver/Src/stm32h5xx_hal_tim.o
 .text.TIM_TI2_ConfigInputStage
                0x0800a9ca       0x60 ./Drivers/STM32H5xx_HAL_Driver/Src/stm32h5xx_hal_tim.o
 .text.TIM_ITRx_SetConfig
                0x0800aa2a       0x3a ./Drivers/STM32H5xx_HAL_Driver/Src/stm32h5xx_hal_tim.o
 .text.TIM_ETR_SetConfig
                0x0800aa64       0x40 ./Drivers/STM32H5xx_HAL_Driver/Src/stm32h5xx_hal_tim.o
                0x0800aa64                TIM_ETR_SetConfig
 .text.HAL_TIMEx_MasterConfigSynchronization
                0x0800aaa4      0x1a0 ./Drivers/STM32H5xx_HAL_Driver/Src/stm32h5xx_hal_tim_ex.o
                0x0800aaa4                HAL_TIMEx_MasterConfigSynchronization
 .text.SDMMC_Init
                0x0800ac44       0x54 ./Drivers/STM32H5xx_HAL_Driver/Src/stm32h5xx_ll_sdmmc.o
                0x0800ac44                SDMMC_Init
 .text.SDMMC_ReadFIFO
                0x0800ac98       0x1a ./Drivers/STM32H5xx_HAL_Driver/Src/stm32h5xx_ll_sdmmc.o
                0x0800ac98                SDMMC_ReadFIFO
 .text.SDMMC_PowerState_ON
                0x0800acb2       0x22 ./Drivers/STM32H5xx_HAL_Driver/Src/stm32h5xx_ll_sdmmc.o
                0x0800acb2                SDMMC_PowerState_ON
 .text.SDMMC_GetPowerState
                0x0800acd4       0x1c ./Drivers/STM32H5xx_HAL_Driver/Src/stm32h5xx_ll_sdmmc.o
                0x0800acd4                SDMMC_GetPowerState
 .text.SDMMC_SendCommand
                0x0800acf0       0x54 ./Drivers/STM32H5xx_HAL_Driver/Src/stm32h5xx_ll_sdmmc.o
                0x0800acf0                SDMMC_SendCommand
 .text.SDMMC_GetCommandResponse
                0x0800ad44       0x1a ./Drivers/STM32H5xx_HAL_Driver/Src/stm32h5xx_ll_sdmmc.o
                0x0800ad44                SDMMC_GetCommandResponse
 .text.SDMMC_GetResponse
                0x0800ad5e       0x26 ./Drivers/STM32H5xx_HAL_Driver/Src/stm32h5xx_ll_sdmmc.o
                0x0800ad5e                SDMMC_GetResponse
 .text.SDMMC_ConfigData
                0x0800ad84       0x58 ./Drivers/STM32H5xx_HAL_Driver/Src/stm32h5xx_ll_sdmmc.o
                0x0800ad84                SDMMC_ConfigData
 .text.SDMMC_CmdBlockLength
                0x0800addc       0x46 ./Drivers/STM32H5xx_HAL_Driver/Src/stm32h5xx_ll_sdmmc.o
                0x0800addc                SDMMC_CmdBlockLength
 .text.SDMMC_CmdSelDesel
                0x0800ae22       0x46 ./Drivers/STM32H5xx_HAL_Driver/Src/stm32h5xx_ll_sdmmc.o
                0x0800ae22                SDMMC_CmdSelDesel
 .text.SDMMC_CmdGoIdleState
                0x0800ae68       0x3c ./Drivers/STM32H5xx_HAL_Driver/Src/stm32h5xx_ll_sdmmc.o
                0x0800ae68                SDMMC_CmdGoIdleState
 .text.SDMMC_CmdOperCond
                0x0800aea4       0x40 ./Drivers/STM32H5xx_HAL_Driver/Src/stm32h5xx_ll_sdmmc.o
                0x0800aea4                SDMMC_CmdOperCond
 .text.SDMMC_CmdAppCommand
                0x0800aee4       0x46 ./Drivers/STM32H5xx_HAL_Driver/Src/stm32h5xx_ll_sdmmc.o
                0x0800aee4                SDMMC_CmdAppCommand
 .text.SDMMC_CmdAppOperCommand
                0x0800af2a       0x40 ./Drivers/STM32H5xx_HAL_Driver/Src/stm32h5xx_ll_sdmmc.o
                0x0800af2a                SDMMC_CmdAppOperCommand
 .text.SDMMC_CmdBusWidth
                0x0800af6a       0x46 ./Drivers/STM32H5xx_HAL_Driver/Src/stm32h5xx_ll_sdmmc.o
                0x0800af6a                SDMMC_CmdBusWidth
 .text.SDMMC_CmdSendSCR
                0x0800afb0       0x44 ./Drivers/STM32H5xx_HAL_Driver/Src/stm32h5xx_ll_sdmmc.o
                0x0800afb0                SDMMC_CmdSendSCR
 .text.SDMMC_CmdSendCID
                0x0800aff4       0x3e ./Drivers/STM32H5xx_HAL_Driver/Src/stm32h5xx_ll_sdmmc.o
                0x0800aff4                SDMMC_CmdSendCID
 .text.SDMMC_CmdSendCSD
                0x0800b032       0x40 ./Drivers/STM32H5xx_HAL_Driver/Src/stm32h5xx_ll_sdmmc.o
                0x0800b032                SDMMC_CmdSendCSD
 .text.SDMMC_CmdSetRelAdd
                0x0800b072       0x44 ./Drivers/STM32H5xx_HAL_Driver/Src/stm32h5xx_ll_sdmmc.o
                0x0800b072                SDMMC_CmdSetRelAdd
 .text.SDMMC_CmdSendStatus
                0x0800b0b6       0x46 ./Drivers/STM32H5xx_HAL_Driver/Src/stm32h5xx_ll_sdmmc.o
                0x0800b0b6                SDMMC_CmdSendStatus
 .text.SDMMC_CmdStatusRegister
                0x0800b0fc       0x44 ./Drivers/STM32H5xx_HAL_Driver/Src/stm32h5xx_ll_sdmmc.o
                0x0800b0fc                SDMMC_CmdStatusRegister
 .text.SDMMC_GetCmdResp1
                0x0800b140      0x1e4 ./Drivers/STM32H5xx_HAL_Driver/Src/stm32h5xx_ll_sdmmc.o
                0x0800b140                SDMMC_GetCmdResp1
 .text.SDMMC_GetCmdResp2
                0x0800b324       0x94 ./Drivers/STM32H5xx_HAL_Driver/Src/stm32h5xx_ll_sdmmc.o
                0x0800b324                SDMMC_GetCmdResp2
 .text.SDMMC_GetCmdResp3
                0x0800b3b8       0x80 ./Drivers/STM32H5xx_HAL_Driver/Src/stm32h5xx_ll_sdmmc.o
                0x0800b3b8                SDMMC_GetCmdResp3
 .text.SDMMC_GetCmdResp6
                0x0800b438       0xf0 ./Drivers/STM32H5xx_HAL_Driver/Src/stm32h5xx_ll_sdmmc.o
                0x0800b438                SDMMC_GetCmdResp6
 .text.SDMMC_GetCmdResp7
                0x0800b528       0x9c ./Drivers/STM32H5xx_HAL_Driver/Src/stm32h5xx_ll_sdmmc.o
                0x0800b528                SDMMC_GetCmdResp7
 .text.SDMMC_GetCmdError
                0x0800b5c4       0x5c ./Drivers/STM32H5xx_HAL_Driver/Src/stm32h5xx_ll_sdmmc.o
 .text.USB_CoreReset
                0x0800b620       0x2e ./Drivers/STM32H5xx_HAL_Driver/Src/stm32h5xx_ll_usb.o
 .text.USB_CoreInit
                0x0800b64e       0x3c ./Drivers/STM32H5xx_HAL_Driver/Src/stm32h5xx_ll_usb.o
                0x0800b64e                USB_CoreInit
 .text.USB_DisableGlobalInt
                0x0800b68a       0x2a ./Drivers/STM32H5xx_HAL_Driver/Src/stm32h5xx_ll_usb.o
                0x0800b68a                USB_DisableGlobalInt
 .text.USB_SetCurrentMode
                0x0800b6b4       0x46 ./Drivers/STM32H5xx_HAL_Driver/Src/stm32h5xx_ll_usb.o
                0x0800b6b4                USB_SetCurrentMode
 .text.USB_DevInit
                0x0800b6fa       0x46 ./Drivers/STM32H5xx_HAL_Driver/Src/stm32h5xx_ll_usb.o
                0x0800b6fa                USB_DevInit
 .text.USB_DevDisconnect
                0x0800b740       0x22 ./Drivers/STM32H5xx_HAL_Driver/Src/stm32h5xx_ll_usb.o
                0x0800b740                USB_DevDisconnect
 .text.abort    0x0800b762        0xe C:/ST/STM32CubeIDE_1.19.0/STM32CubeIDE/plugins/com.st.stm32cube.ide.mcu.externaltools.gnu-tools-for-stm32.13.3.rel1.win32_1.0.0.202411081344/tools/bin/../lib/gcc/arm-none-eabi/13.3.1/../../../../arm-none-eabi/lib/thumb/v8-m.main+fp/hard\libc_nano.a(libc_a-abort.o)
                0x0800b762                abort
 .text.malloc   0x0800b770       0x10 C:/ST/STM32CubeIDE_1.19.0/STM32CubeIDE/plugins/com.st.stm32cube.ide.mcu.externaltools.gnu-tools-for-stm32.13.3.rel1.win32_1.0.0.202411081344/tools/bin/../lib/gcc/arm-none-eabi/13.3.1/../../../../arm-none-eabi/lib/thumb/v8-m.main+fp/hard\libc_nano.a(libc_a-malloc.o)
                0x0800b770                malloc
 .text.free     0x0800b780       0x10 C:/ST/STM32CubeIDE_1.19.0/STM32CubeIDE/plugins/com.st.stm32cube.ide.mcu.externaltools.gnu-tools-for-stm32.13.3.rel1.win32_1.0.0.202411081344/tools/bin/../lib/gcc/arm-none-eabi/13.3.1/../../../../arm-none-eabi/lib/thumb/v8-m.main+fp/hard\libc_nano.a(libc_a-malloc.o)
                0x0800b780                free
 .text.sbrk_aligned
                0x0800b790       0x44 C:/ST/STM32CubeIDE_1.19.0/STM32CubeIDE/plugins/com.st.stm32cube.ide.mcu.externaltools.gnu-tools-for-stm32.13.3.rel1.win32_1.0.0.202411081344/tools/bin/../lib/gcc/arm-none-eabi/13.3.1/../../../../arm-none-eabi/lib/thumb/v8-m.main+fp/hard\libc_nano.a(libc_a-mallocr.o)
 .text._malloc_r
                0x0800b7d4      0x100 C:/ST/STM32CubeIDE_1.19.0/STM32CubeIDE/plugins/com.st.stm32cube.ide.mcu.externaltools.gnu-tools-for-stm32.13.3.rel1.win32_1.0.0.202411081344/tools/bin/../lib/gcc/arm-none-eabi/13.3.1/../../../../arm-none-eabi/lib/thumb/v8-m.main+fp/hard\libc_nano.a(libc_a-mallocr.o)
                0x0800b7d4                _malloc_r
 .text.__malloc_lock
                0x0800b8d4        0xc C:/ST/STM32CubeIDE_1.19.0/STM32CubeIDE/plugins/com.st.stm32cube.ide.mcu.externaltools.gnu-tools-for-stm32.13.3.rel1.win32_1.0.0.202411081344/tools/bin/../lib/gcc/arm-none-eabi/13.3.1/../../../../arm-none-eabi/lib/thumb/v8-m.main+fp/hard\libc_nano.a(libc_a-mlock.o)
                0x0800b8d4                __malloc_lock
 .text.__malloc_unlock
                0x0800b8e0        0xc C:/ST/STM32CubeIDE_1.19.0/STM32CubeIDE/plugins/com.st.stm32cube.ide.mcu.externaltools.gnu-tools-for-stm32.13.3.rel1.win32_1.0.0.202411081344/tools/bin/../lib/gcc/arm-none-eabi/13.3.1/../../../../arm-none-eabi/lib/thumb/v8-m.main+fp/hard\libc_nano.a(libc_a-mlock.o)
                0x0800b8e0                __malloc_unlock
 .text.__sflush_r
                0x0800b8ec      0x108 C:/ST/STM32CubeIDE_1.19.0/STM32CubeIDE/plugins/com.st.stm32cube.ide.mcu.externaltools.gnu-tools-for-stm32.13.3.rel1.win32_1.0.0.202411081344/tools/bin/../lib/gcc/arm-none-eabi/13.3.1/../../../../arm-none-eabi/lib/thumb/v8-m.main+fp/hard\libc_nano.a(libc_a-fflush.o)
                0x0800b8ec                __sflush_r
 .text._fflush_r
                0x0800b9f4       0x50 C:/ST/STM32CubeIDE_1.19.0/STM32CubeIDE/plugins/com.st.stm32cube.ide.mcu.externaltools.gnu-tools-for-stm32.13.3.rel1.win32_1.0.0.202411081344/tools/bin/../lib/gcc/arm-none-eabi/13.3.1/../../../../arm-none-eabi/lib/thumb/v8-m.main+fp/hard\libc_nano.a(libc_a-fflush.o)
                0x0800b9f4                _fflush_r
 .text.std      0x0800ba44       0x6c C:/ST/STM32CubeIDE_1.19.0/STM32CubeIDE/plugins/com.st.stm32cube.ide.mcu.externaltools.gnu-tools-for-stm32.13.3.rel1.win32_1.0.0.202411081344/tools/bin/../lib/gcc/arm-none-eabi/13.3.1/../../../../arm-none-eabi/lib/thumb/v8-m.main+fp/hard\libc_nano.a(libc_a-findfp.o)
 .text.stdio_exit_handler
                0x0800bab0       0x18 C:/ST/STM32CubeIDE_1.19.0/STM32CubeIDE/plugins/com.st.stm32cube.ide.mcu.externaltools.gnu-tools-for-stm32.13.3.rel1.win32_1.0.0.202411081344/tools/bin/../lib/gcc/arm-none-eabi/13.3.1/../../../../arm-none-eabi/lib/thumb/v8-m.main+fp/hard\libc_nano.a(libc_a-findfp.o)
 .text.cleanup_stdio
                0x0800bac8       0x40 C:/ST/STM32CubeIDE_1.19.0/STM32CubeIDE/plugins/com.st.stm32cube.ide.mcu.externaltools.gnu-tools-for-stm32.13.3.rel1.win32_1.0.0.202411081344/tools/bin/../lib/gcc/arm-none-eabi/13.3.1/../../../../arm-none-eabi/lib/thumb/v8-m.main+fp/hard\libc_nano.a(libc_a-findfp.o)
 .text.global_stdio_init.part.0
                0x0800bb08       0x3c C:/ST/STM32CubeIDE_1.19.0/STM32CubeIDE/plugins/com.st.stm32cube.ide.mcu.externaltools.gnu-tools-for-stm32.13.3.rel1.win32_1.0.0.202411081344/tools/bin/../lib/gcc/arm-none-eabi/13.3.1/../../../../arm-none-eabi/lib/thumb/v8-m.main+fp/hard\libc_nano.a(libc_a-findfp.o)
 .text.__sfp_lock_acquire
                0x0800bb44        0xc C:/ST/STM32CubeIDE_1.19.0/STM32CubeIDE/plugins/com.st.stm32cube.ide.mcu.externaltools.gnu-tools-for-stm32.13.3.rel1.win32_1.0.0.202411081344/tools/bin/../lib/gcc/arm-none-eabi/13.3.1/../../../../arm-none-eabi/lib/thumb/v8-m.main+fp/hard\libc_nano.a(libc_a-findfp.o)
                0x0800bb44                __sfp_lock_acquire
 .text.__sfp_lock_release
                0x0800bb50        0xc C:/ST/STM32CubeIDE_1.19.0/STM32CubeIDE/plugins/com.st.stm32cube.ide.mcu.externaltools.gnu-tools-for-stm32.13.3.rel1.win32_1.0.0.202411081344/tools/bin/../lib/gcc/arm-none-eabi/13.3.1/../../../../arm-none-eabi/lib/thumb/v8-m.main+fp/hard\libc_nano.a(libc_a-findfp.o)
                0x0800bb50                __sfp_lock_release
 .text.__sinit  0x0800bb5c       0x30 C:/ST/STM32CubeIDE_1.19.0/STM32CubeIDE/plugins/com.st.stm32cube.ide.mcu.externaltools.gnu-tools-for-stm32.13.3.rel1.win32_1.0.0.202411081344/tools/bin/../lib/gcc/arm-none-eabi/13.3.1/../../../../arm-none-eabi/lib/thumb/v8-m.main+fp/hard\libc_nano.a(libc_a-findfp.o)
                0x0800bb5c                __sinit
 .text._fwalk_sglue
                0x0800bb8c       0x3c C:/ST/STM32CubeIDE_1.19.0/STM32CubeIDE/plugins/com.st.stm32cube.ide.mcu.externaltools.gnu-tools-for-stm32.13.3.rel1.win32_1.0.0.202411081344/tools/bin/../lib/gcc/arm-none-eabi/13.3.1/../../../../arm-none-eabi/lib/thumb/v8-m.main+fp/hard\libc_nano.a(libc_a-fwalk.o)
                0x0800bb8c                _fwalk_sglue
 .text._fwrite_r
                0x0800bbc8       0x96 C:/ST/STM32CubeIDE_1.19.0/STM32CubeIDE/plugins/com.st.stm32cube.ide.mcu.externaltools.gnu-tools-for-stm32.13.3.rel1.win32_1.0.0.202411081344/tools/bin/../lib/gcc/arm-none-eabi/13.3.1/../../../../arm-none-eabi/lib/thumb/v8-m.main+fp/hard\libc_nano.a(libc_a-fwrite.o)
                0x0800bbc8                _fwrite_r
 *fill*         0x0800bc5e        0x2 
 .text.fwrite   0x0800bc60       0x1c C:/ST/STM32CubeIDE_1.19.0/STM32CubeIDE/plugins/com.st.stm32cube.ide.mcu.externaltools.gnu-tools-for-stm32.13.3.rel1.win32_1.0.0.202411081344/tools/bin/../lib/gcc/arm-none-eabi/13.3.1/../../../../arm-none-eabi/lib/thumb/v8-m.main+fp/hard\libc_nano.a(libc_a-fwrite.o)
                0x0800bc60                fwrite
 .text.__sread  0x0800bc7c       0x22 C:/ST/STM32CubeIDE_1.19.0/STM32CubeIDE/plugins/com.st.stm32cube.ide.mcu.externaltools.gnu-tools-for-stm32.13.3.rel1.win32_1.0.0.202411081344/tools/bin/../lib/gcc/arm-none-eabi/13.3.1/../../../../arm-none-eabi/lib/thumb/v8-m.main+fp/hard\libc_nano.a(libc_a-stdio.o)
                0x0800bc7c                __sread
 .text.__swrite
                0x0800bc9e       0x38 C:/ST/STM32CubeIDE_1.19.0/STM32CubeIDE/plugins/com.st.stm32cube.ide.mcu.externaltools.gnu-tools-for-stm32.13.3.rel1.win32_1.0.0.202411081344/tools/bin/../lib/gcc/arm-none-eabi/13.3.1/../../../../arm-none-eabi/lib/thumb/v8-m.main+fp/hard\libc_nano.a(libc_a-stdio.o)
                0x0800bc9e                __swrite
 .text.__sseek  0x0800bcd6       0x24 C:/ST/STM32CubeIDE_1.19.0/STM32CubeIDE/plugins/com.st.stm32cube.ide.mcu.externaltools.gnu-tools-for-stm32.13.3.rel1.win32_1.0.0.202411081344/tools/bin/../lib/gcc/arm-none-eabi/13.3.1/../../../../arm-none-eabi/lib/thumb/v8-m.main+fp/hard\libc_nano.a(libc_a-stdio.o)
                0x0800bcd6                __sseek
 .text.__sclose
                0x0800bcfa        0x8 C:/ST/STM32CubeIDE_1.19.0/STM32CubeIDE/plugins/com.st.stm32cube.ide.mcu.externaltools.gnu-tools-for-stm32.13.3.rel1.win32_1.0.0.202411081344/tools/bin/../lib/gcc/arm-none-eabi/13.3.1/../../../../arm-none-eabi/lib/thumb/v8-m.main+fp/hard\libc_nano.a(libc_a-stdio.o)
                0x0800bcfa                __sclose
 .text.__swbuf_r
                0x0800bd02       0x7c C:/ST/STM32CubeIDE_1.19.0/STM32CubeIDE/plugins/com.st.stm32cube.ide.mcu.externaltools.gnu-tools-for-stm32.13.3.rel1.win32_1.0.0.202411081344/tools/bin/../lib/gcc/arm-none-eabi/13.3.1/../../../../arm-none-eabi/lib/thumb/v8-m.main+fp/hard\libc_nano.a(libc_a-wbuf.o)
                0x0800bd02                __swbuf_r
 *fill*         0x0800bd7e        0x2 
 .text.__swsetup_r
                0x0800bd80       0xac C:/ST/STM32CubeIDE_1.19.0/STM32CubeIDE/plugins/com.st.stm32cube.ide.mcu.externaltools.gnu-tools-for-stm32.13.3.rel1.win32_1.0.0.202411081344/tools/bin/../lib/gcc/arm-none-eabi/13.3.1/../../../../arm-none-eabi/lib/thumb/v8-m.main+fp/hard\libc_nano.a(libc_a-wsetup.o)
                0x0800bd80                __swsetup_r
 .text.memset   0x0800be2c       0x10 C:/ST/STM32CubeIDE_1.19.0/STM32CubeIDE/plugins/com.st.stm32cube.ide.mcu.externaltools.gnu-tools-for-stm32.13.3.rel1.win32_1.0.0.202411081344/tools/bin/../lib/gcc/arm-none-eabi/13.3.1/../../../../arm-none-eabi/lib/thumb/v8-m.main+fp/hard\libc_nano.a(libc_a-memset.o)
                0x0800be2c                memset
 .text._raise_r
                0x0800be3c       0x50 C:/ST/STM32CubeIDE_1.19.0/STM32CubeIDE/plugins/com.st.stm32cube.ide.mcu.externaltools.gnu-tools-for-stm32.13.3.rel1.win32_1.0.0.202411081344/tools/bin/../lib/gcc/arm-none-eabi/13.3.1/../../../../arm-none-eabi/lib/thumb/v8-m.main+fp/hard\libc_nano.a(libc_a-signal.o)
                0x0800be3c                _raise_r
 .text.raise    0x0800be8c       0x10 C:/ST/STM32CubeIDE_1.19.0/STM32CubeIDE/plugins/com.st.stm32cube.ide.mcu.externaltools.gnu-tools-for-stm32.13.3.rel1.win32_1.0.0.202411081344/tools/bin/../lib/gcc/arm-none-eabi/13.3.1/../../../../arm-none-eabi/lib/thumb/v8-m.main+fp/hard\libc_nano.a(libc_a-signal.o)
                0x0800be8c                raise
 .text._close_r
                0x0800be9c       0x20 C:/ST/STM32CubeIDE_1.19.0/STM32CubeIDE/plugins/com.st.stm32cube.ide.mcu.externaltools.gnu-tools-for-stm32.13.3.rel1.win32_1.0.0.202411081344/tools/bin/../lib/gcc/arm-none-eabi/13.3.1/../../../../arm-none-eabi/lib/thumb/v8-m.main+fp/hard\libc_nano.a(libc_a-closer.o)
                0x0800be9c                _close_r
 .text._lseek_r
                0x0800bebc       0x24 C:/ST/STM32CubeIDE_1.19.0/STM32CubeIDE/plugins/com.st.stm32cube.ide.mcu.externaltools.gnu-tools-for-stm32.13.3.rel1.win32_1.0.0.202411081344/tools/bin/../lib/gcc/arm-none-eabi/13.3.1/../../../../arm-none-eabi/lib/thumb/v8-m.main+fp/hard\libc_nano.a(libc_a-lseekr.o)
                0x0800bebc                _lseek_r
 .text._read_r  0x0800bee0       0x24 C:/ST/STM32CubeIDE_1.19.0/STM32CubeIDE/plugins/com.st.stm32cube.ide.mcu.externaltools.gnu-tools-for-stm32.13.3.rel1.win32_1.0.0.202411081344/tools/bin/../lib/gcc/arm-none-eabi/13.3.1/../../../../arm-none-eabi/lib/thumb/v8-m.main+fp/hard\libc_nano.a(libc_a-readr.o)
                0x0800bee0                _read_r
 .text._kill_r  0x0800bf04       0x24 C:/ST/STM32CubeIDE_1.19.0/STM32CubeIDE/plugins/com.st.stm32cube.ide.mcu.externaltools.gnu-tools-for-stm32.13.3.rel1.win32_1.0.0.202411081344/tools/bin/../lib/gcc/arm-none-eabi/13.3.1/../../../../arm-none-eabi/lib/thumb/v8-m.main+fp/hard\libc_nano.a(libc_a-signalr.o)
                0x0800bf04                _kill_r
 .text._getpid_r
                0x0800bf28        0x4 C:/ST/STM32CubeIDE_1.19.0/STM32CubeIDE/plugins/com.st.stm32cube.ide.mcu.externaltools.gnu-tools-for-stm32.13.3.rel1.win32_1.0.0.202411081344/tools/bin/../lib/gcc/arm-none-eabi/13.3.1/../../../../arm-none-eabi/lib/thumb/v8-m.main+fp/hard\libc_nano.a(libc_a-signalr.o)
                0x0800bf28                _getpid_r
 .text._sbrk_r  0x0800bf2c       0x20 C:/ST/STM32CubeIDE_1.19.0/STM32CubeIDE/plugins/com.st.stm32cube.ide.mcu.externaltools.gnu-tools-for-stm32.13.3.rel1.win32_1.0.0.202411081344/tools/bin/../lib/gcc/arm-none-eabi/13.3.1/../../../../arm-none-eabi/lib/thumb/v8-m.main+fp/hard\libc_nano.a(libc_a-sbrkr.o)
                0x0800bf2c                _sbrk_r
 .text._write_r
                0x0800bf4c       0x24 C:/ST/STM32CubeIDE_1.19.0/STM32CubeIDE/plugins/com.st.stm32cube.ide.mcu.externaltools.gnu-tools-for-stm32.13.3.rel1.win32_1.0.0.202411081344/tools/bin/../lib/gcc/arm-none-eabi/13.3.1/../../../../arm-none-eabi/lib/thumb/v8-m.main+fp/hard\libc_nano.a(libc_a-writer.o)
                0x0800bf4c                _write_r
 .text.__errno  0x0800bf70        0xc C:/ST/STM32CubeIDE_1.19.0/STM32CubeIDE/plugins/com.st.stm32cube.ide.mcu.externaltools.gnu-tools-for-stm32.13.3.rel1.win32_1.0.0.202411081344/tools/bin/../lib/gcc/arm-none-eabi/13.3.1/../../../../arm-none-eabi/lib/thumb/v8-m.main+fp/hard\libc_nano.a(libc_a-errno.o)
                0x0800bf70                __errno
 .text.__libc_init_array
                0x0800bf7c       0x48 C:/ST/STM32CubeIDE_1.19.0/STM32CubeIDE/plugins/com.st.stm32cube.ide.mcu.externaltools.gnu-tools-for-stm32.13.3.rel1.win32_1.0.0.202411081344/tools/bin/../lib/gcc/arm-none-eabi/13.3.1/../../../../arm-none-eabi/lib/thumb/v8-m.main+fp/hard\libc_nano.a(libc_a-init.o)
                0x0800bf7c                __libc_init_array
 .text.__retarget_lock_init_recursive
                0x0800bfc4        0x2 C:/ST/STM32CubeIDE_1.19.0/STM32CubeIDE/plugins/com.st.stm32cube.ide.mcu.externaltools.gnu-tools-for-stm32.13.3.rel1.win32_1.0.0.202411081344/tools/bin/../lib/gcc/arm-none-eabi/13.3.1/../../../../arm-none-eabi/lib/thumb/v8-m.main+fp/hard\libc_nano.a(libc_a-lock.o)
                0x0800bfc4                __retarget_lock_init_recursive
 .text.__retarget_lock_acquire_recursive
                0x0800bfc6        0x2 C:/ST/STM32CubeIDE_1.19.0/STM32CubeIDE/plugins/com.st.stm32cube.ide.mcu.externaltools.gnu-tools-for-stm32.13.3.rel1.win32_1.0.0.202411081344/tools/bin/../lib/gcc/arm-none-eabi/13.3.1/../../../../arm-none-eabi/lib/thumb/v8-m.main+fp/hard\libc_nano.a(libc_a-lock.o)
                0x0800bfc6                __retarget_lock_acquire_recursive
 .text.__retarget_lock_release_recursive
                0x0800bfc8        0x2 C:/ST/STM32CubeIDE_1.19.0/STM32CubeIDE/plugins/com.st.stm32cube.ide.mcu.externaltools.gnu-tools-for-stm32.13.3.rel1.win32_1.0.0.202411081344/tools/bin/../lib/gcc/arm-none-eabi/13.3.1/../../../../arm-none-eabi/lib/thumb/v8-m.main+fp/hard\libc_nano.a(libc_a-lock.o)
                0x0800bfc8                __retarget_lock_release_recursive
 *fill*         0x0800bfca        0x2 
 .text._free_r  0x0800bfcc       0x94 C:/ST/STM32CubeIDE_1.19.0/STM32CubeIDE/plugins/com.st.stm32cube.ide.mcu.externaltools.gnu-tools-for-stm32.13.3.rel1.win32_1.0.0.202411081344/tools/bin/../lib/gcc/arm-none-eabi/13.3.1/../../../../arm-none-eabi/lib/thumb/v8-m.main+fp/hard\libc_nano.a(libc_a-freer.o)
                0x0800bfcc                _free_r
 .text.__swhatbuf_r
                0x0800c060       0x4a C:/ST/STM32CubeIDE_1.19.0/STM32CubeIDE/plugins/com.st.stm32cube.ide.mcu.externaltools.gnu-tools-for-stm32.13.3.rel1.win32_1.0.0.202411081344/tools/bin/../lib/gcc/arm-none-eabi/13.3.1/../../../../arm-none-eabi/lib/thumb/v8-m.main+fp/hard\libc_nano.a(libc_a-makebuf.o)
                0x0800c060                __swhatbuf_r
 .text.__smakebuf_r
                0x0800c0aa       0x78 C:/ST/STM32CubeIDE_1.19.0/STM32CubeIDE/plugins/com.st.stm32cube.ide.mcu.externaltools.gnu-tools-for-stm32.13.3.rel1.win32_1.0.0.202411081344/tools/bin/../lib/gcc/arm-none-eabi/13.3.1/../../../../arm-none-eabi/lib/thumb/v8-m.main+fp/hard\libc_nano.a(libc_a-makebuf.o)
                0x0800c0aa                __smakebuf_r
 *fill*         0x0800c122        0x2 
 .text._fstat_r
                0x0800c124       0x24 C:/ST/STM32CubeIDE_1.19.0/STM32CubeIDE/plugins/com.st.stm32cube.ide.mcu.externaltools.gnu-tools-for-stm32.13.3.rel1.win32_1.0.0.202411081344/tools/bin/../lib/gcc/arm-none-eabi/13.3.1/../../../../arm-none-eabi/lib/thumb/v8-m.main+fp/hard\libc_nano.a(libc_a-fstatr.o)
                0x0800c124                _fstat_r
 .text._isatty_r
                0x0800c148       0x20 C:/ST/STM32CubeIDE_1.19.0/STM32CubeIDE/plugins/com.st.stm32cube.ide.mcu.externaltools.gnu-tools-for-stm32.13.3.rel1.win32_1.0.0.202411081344/tools/bin/../lib/gcc/arm-none-eabi/13.3.1/../../../../arm-none-eabi/lib/thumb/v8-m.main+fp/hard\libc_nano.a(libc_a-isattyr.o)
                0x0800c148                _isatty_r
 *(.glue_7)
 .glue_7        0x0800c168        0x0 linker stubs
 *(.glue_7t)
 .glue_7t       0x0800c168        0x0 linker stubs
 *(.eh_frame)
 .eh_frame      0x0800c168        0x0 C:/ST/STM32CubeIDE_1.19.0/STM32CubeIDE/plugins/com.st.stm32cube.ide.mcu.externaltools.gnu-tools-for-stm32.13.3.rel1.win32_1.0.0.202411081344/tools/bin/../lib/gcc/arm-none-eabi/13.3.1/thumb/v8-m.main+fp/hard/crtbegin.o
 *(.init)
 .init          0x0800c168        0x4 C:/ST/STM32CubeIDE_1.19.0/STM32CubeIDE/plugins/com.st.stm32cube.ide.mcu.externaltools.gnu-tools-for-stm32.13.3.rel1.win32_1.0.0.202411081344/tools/bin/../lib/gcc/arm-none-eabi/13.3.1/thumb/v8-m.main+fp/hard/crti.o
                0x0800c168                _init
 .init          0x0800c16c        0x8 C:/ST/STM32CubeIDE_1.19.0/STM32CubeIDE/plugins/com.st.stm32cube.ide.mcu.externaltools.gnu-tools-for-stm32.13.3.rel1.win32_1.0.0.202411081344/tools/bin/../lib/gcc/arm-none-eabi/13.3.1/thumb/v8-m.main+fp/hard/crtn.o
 *(.fini)
 .fini          0x0800c174        0x4 C:/ST/STM32CubeIDE_1.19.0/STM32CubeIDE/plugins/com.st.stm32cube.ide.mcu.externaltools.gnu-tools-for-stm32.13.3.rel1.win32_1.0.0.202411081344/tools/bin/../lib/gcc/arm-none-eabi/13.3.1/thumb/v8-m.main+fp/hard/crti.o
                0x0800c174                _fini
 .fini          0x0800c178        0x8 C:/ST/STM32CubeIDE_1.19.0/STM32CubeIDE/plugins/com.st.stm32cube.ide.mcu.externaltools.gnu-tools-for-stm32.13.3.rel1.win32_1.0.0.202411081344/tools/bin/../lib/gcc/arm-none-eabi/13.3.1/thumb/v8-m.main+fp/hard/crtn.o
                0x0800c180                        . = ALIGN (0x4)
                0x0800c180                        _etext = .

.vfp11_veneer   0x0800c180        0x0
 .vfp11_veneer  0x0800c180        0x0 linker stubs

.v4_bx          0x0800c180        0x0
 .v4_bx         0x0800c180        0x0 linker stubs

.iplt           0x0800c180        0x0
 .iplt          0x0800c180        0x0 C:/ST/STM32CubeIDE_1.19.0/STM32CubeIDE/plugins/com.st.stm32cube.ide.mcu.externaltools.gnu-tools-for-stm32.13.3.rel1.win32_1.0.0.202411081344/tools/bin/../lib/gcc/arm-none-eabi/13.3.1/thumb/v8-m.main+fp/hard/crtbegin.o

.rodata         0x0800c180      0x124
                0x0800c180                        . = ALIGN (0x4)
 *(.rodata)
 .rodata        0x0800c180      0x10a ./Core/Src/queues.o
 *(.rodata*)
 *fill*         0x0800c28a        0x2 
 .rodata.AHBPrescTable
                0x0800c28c       0x10 ./Core/Src/system_stm32h5xx.o
                0x0800c28c                AHBPrescTable
 .rodata.APBPrescTable
                0x0800c29c        0x8 ./Core/Src/system_stm32h5xx.o
                0x0800c29c                APBPrescTable
                0x0800c2a4                        . = ALIGN (0x4)

.ARM.extab      0x0800c2a4        0x0
                0x0800c2a4                        . = ALIGN (0x4)
 *(.ARM.extab* .gnu.linkonce.armextab.*)
                0x0800c2a4                        . = ALIGN (0x4)

.ARM            0x0800c2a4        0x0
                0x0800c2a4                        . = ALIGN (0x4)
                0x0800c2a4                        __exidx_start = .
 *(.ARM.exidx*)
                0x0800c2a4                        __exidx_end = .
                0x0800c2a4                        . = ALIGN (0x4)

.preinit_array  0x0800c2a4        0x0
                0x0800c2a4                        . = ALIGN (0x4)
                0x0800c2a4                        PROVIDE (__preinit_array_start = .)
 *(.preinit_array*)
                0x0800c2a4                        PROVIDE (__preinit_array_end = .)
                0x0800c2a4                        . = ALIGN (0x4)

.init_array     0x0800c2a4        0x4
                0x0800c2a4                        . = ALIGN (0x4)
                0x0800c2a4                        PROVIDE (__init_array_start = .)
 *(SORT_BY_NAME(.init_array.*))
 *(.init_array*)
 .init_array    0x0800c2a4        0x4 C:/ST/STM32CubeIDE_1.19.0/STM32CubeIDE/plugins/com.st.stm32cube.ide.mcu.externaltools.gnu-tools-for-stm32.13.3.rel1.win32_1.0.0.202411081344/tools/bin/../lib/gcc/arm-none-eabi/13.3.1/thumb/v8-m.main+fp/hard/crtbegin.o
                0x0800c2a8                        PROVIDE (__init_array_end = .)
                0x0800c2a8                        . = ALIGN (0x4)

.fini_array     0x0800c2a8        0x4
                0x0800c2a8                        . = ALIGN (0x4)
                [!provide]                        PROVIDE (__fini_array_start = .)
 *(SORT_BY_NAME(.fini_array.*))
 *(.fini_array*)
 .fini_array    0x0800c2a8        0x4 C:/ST/STM32CubeIDE_1.19.0/STM32CubeIDE/plugins/com.st.stm32cube.ide.mcu.externaltools.gnu-tools-for-stm32.13.3.rel1.win32_1.0.0.202411081344/tools/bin/../lib/gcc/arm-none-eabi/13.3.1/thumb/v8-m.main+fp/hard/crtbegin.o
                [!provide]                        PROVIDE (__fini_array_end = .)
                0x0800c2ac                        . = ALIGN (0x4)
                0x0800c2ac                        _sidata = LOADADDR (.data)

.rel.dyn        0x0800c2ac        0x0
 .rel.iplt      0x0800c2ac        0x0 C:/ST/STM32CubeIDE_1.19.0/STM32CubeIDE/plugins/com.st.stm32cube.ide.mcu.externaltools.gnu-tools-for-stm32.13.3.rel1.win32_1.0.0.202411081344/tools/bin/../lib/gcc/arm-none-eabi/13.3.1/thumb/v8-m.main+fp/hard/crtbegin.o

.data           0x20000000       0x6c load address 0x0800c2ac
                0x20000000                        . = ALIGN (0x4)
                0x20000000                        _sdata = .
 *(.data)
 *(.data*)
 .data.target   0x20000000        0x1 ./Core/Src/solver.o
                0x20000000                target
 *fill*         0x20000001        0x3 
 .data.SystemCoreClock
                0x20000004        0x4 ./Core/Src/system_stm32h5xx.o
                0x20000004                SystemCoreClock
 .data.uwTickPrio
                0x20000008        0x4 ./Drivers/STM32H5xx_HAL_Driver/Src/stm32h5xx_hal.o
                0x20000008                uwTickPrio
 .data.uwTickFreq
                0x2000000c        0x1 ./Drivers/STM32H5xx_HAL_Driver/Src/stm32h5xx_hal.o
                0x2000000c                uwTickFreq
 *fill*         0x2000000d        0x3 
 .data.__sglue  0x20000010        0xc C:/ST/STM32CubeIDE_1.19.0/STM32CubeIDE/plugins/com.st.stm32cube.ide.mcu.externaltools.gnu-tools-for-stm32.13.3.rel1.win32_1.0.0.202411081344/tools/bin/../lib/gcc/arm-none-eabi/13.3.1/../../../../arm-none-eabi/lib/thumb/v8-m.main+fp/hard\libc_nano.a(libc_a-findfp.o)
                0x20000010                __sglue
 .data._impure_ptr
                0x2000001c        0x4 C:/ST/STM32CubeIDE_1.19.0/STM32CubeIDE/plugins/com.st.stm32cube.ide.mcu.externaltools.gnu-tools-for-stm32.13.3.rel1.win32_1.0.0.202411081344/tools/bin/../lib/gcc/arm-none-eabi/13.3.1/../../../../arm-none-eabi/lib/thumb/v8-m.main+fp/hard\libc_nano.a(libc_a-impure.o)
                0x2000001c                _impure_ptr
 .data._impure_data
                0x20000020       0x4c C:/ST/STM32CubeIDE_1.19.0/STM32CubeIDE/plugins/com.st.stm32cube.ide.mcu.externaltools.gnu-tools-for-stm32.13.3.rel1.win32_1.0.0.202411081344/tools/bin/../lib/gcc/arm-none-eabi/13.3.1/../../../../arm-none-eabi/lib/thumb/v8-m.main+fp/hard\libc_nano.a(libc_a-impure.o)
                0x20000020                _impure_data
 *(.RamFunc)
 *(.RamFunc*)
                0x2000006c                        . = ALIGN (0x4)
                0x2000006c                        _edata = .

.igot.plt       0x2000006c        0x0 load address 0x0800c318
 .igot.plt      0x2000006c        0x0 C:/ST/STM32CubeIDE_1.19.0/STM32CubeIDE/plugins/com.st.stm32cube.ide.mcu.externaltools.gnu-tools-for-stm32.13.3.rel1.win32_1.0.0.202411081344/tools/bin/../lib/gcc/arm-none-eabi/13.3.1/thumb/v8-m.main+fp/hard/crtbegin.o
                0x2000006c                        . = ALIGN (0x4)

.bss            0x2000006c     0x1750 load address 0x0800c318
                0x2000006c                        _sbss = .
                0x2000006c                        __bss_start__ = _sbss
 *(.bss)
 .bss           0x2000006c       0x1c C:/ST/STM32CubeIDE_1.19.0/STM32CubeIDE/plugins/com.st.stm32cube.ide.mcu.externaltools.gnu-tools-for-stm32.13.3.rel1.win32_1.0.0.202411081344/tools/bin/../lib/gcc/arm-none-eabi/13.3.1/thumb/v8-m.main+fp/hard/crtbegin.o
 *(.bss*)
 .bss.hi2c1     0x20000088       0x54 ./Core/Src/main.o
                0x20000088                hi2c1
 .bss.hi2c2     0x200000dc       0x54 ./Core/Src/main.o
                0x200000dc                hi2c2
 .bss.hsd1      0x20000130       0x7c ./Core/Src/main.o
                0x20000130                hsd1
 .bss.htim2     0x200001ac       0x4c ./Core/Src/main.o
                0x200001ac                htim2
 .bss.hpcd_USB_DRD_FS
                0x200001f8      0x2e4 ./Core/Src/main.o
                0x200001f8                hpcd_USB_DRD_FS
 .bss.currentXY
                0x200004dc        0x8 ./Core/Src/solver.o
                0x200004dc                currentXY
 .bss.currentHeading
                0x200004e4        0x1 ./Core/Src/solver.o
                0x200004e4                currentHeading
 *fill*         0x200004e5        0x3 
 .bss.verticalWalls
                0x200004e8      0x440 ./Core/Src/solver.o
                0x200004e8                verticalWalls
 .bss.horizontalWalls
                0x20000928      0x440 ./Core/Src/solver.o
                0x20000928                horizontalWalls
 .bss.floodArray
                0x20000d68      0x400 ./Core/Src/solver.o
                0x20000d68                floodArray
 .bss.pathArray
                0x20001168      0x100 ./Core/Src/solver.o
                0x20001168                pathArray
 .bss.travelArray
                0x20001268      0x400 ./Core/Src/solver.o
                0x20001268                travelArray
 .bss.__sbrk_heap_end
                0x20001668        0x4 ./Core/Src/sysmem.o
 .bss.uwTick    0x2000166c        0x4 ./Drivers/STM32H5xx_HAL_Driver/Src/stm32h5xx_hal.o
                0x2000166c                uwTick
 .bss.__malloc_sbrk_start
                0x20001670        0x4 C:/ST/STM32CubeIDE_1.19.0/STM32CubeIDE/plugins/com.st.stm32cube.ide.mcu.externaltools.gnu-tools-for-stm32.13.3.rel1.win32_1.0.0.202411081344/tools/bin/../lib/gcc/arm-none-eabi/13.3.1/../../../../arm-none-eabi/lib/thumb/v8-m.main+fp/hard\libc_nano.a(libc_a-mallocr.o)
                0x20001670                __malloc_sbrk_start
 .bss.__malloc_free_list
                0x20001674        0x4 C:/ST/STM32CubeIDE_1.19.0/STM32CubeIDE/plugins/com.st.stm32cube.ide.mcu.externaltools.gnu-tools-for-stm32.13.3.rel1.win32_1.0.0.202411081344/tools/bin/../lib/gcc/arm-none-eabi/13.3.1/../../../../arm-none-eabi/lib/thumb/v8-m.main+fp/hard\libc_nano.a(libc_a-mallocr.o)
                0x20001674                __malloc_free_list
 .bss.__sf      0x20001678      0x138 C:/ST/STM32CubeIDE_1.19.0/STM32CubeIDE/plugins/com.st.stm32cube.ide.mcu.externaltools.gnu-tools-for-stm32.13.3.rel1.win32_1.0.0.202411081344/tools/bin/../lib/gcc/arm-none-eabi/13.3.1/../../../../arm-none-eabi/lib/thumb/v8-m.main+fp/hard\libc_nano.a(libc_a-findfp.o)
                0x20001678                __sf
 .bss.__stdio_exit_handler
                0x200017b0        0x4 C:/ST/STM32CubeIDE_1.19.0/STM32CubeIDE/plugins/com.st.stm32cube.ide.mcu.externaltools.gnu-tools-for-stm32.13.3.rel1.win32_1.0.0.202411081344/tools/bin/../lib/gcc/arm-none-eabi/13.3.1/../../../../arm-none-eabi/lib/thumb/v8-m.main+fp/hard\libc_nano.a(libc_a-findfp.o)
                0x200017b0                __stdio_exit_handler
 .bss.errno     0x200017b4        0x4 C:/ST/STM32CubeIDE_1.19.0/STM32CubeIDE/plugins/com.st.stm32cube.ide.mcu.externaltools.gnu-tools-for-stm32.13.3.rel1.win32_1.0.0.202411081344/tools/bin/../lib/gcc/arm-none-eabi/13.3.1/../../../../arm-none-eabi/lib/thumb/v8-m.main+fp/hard\libc_nano.a(libc_a-reent.o)
                0x200017b4                errno
 .bss.__lock___malloc_recursive_mutex
                0x200017b8        0x1 C:/ST/STM32CubeIDE_1.19.0/STM32CubeIDE/plugins/com.st.stm32cube.ide.mcu.externaltools.gnu-tools-for-stm32.13.3.rel1.win32_1.0.0.202411081344/tools/bin/../lib/gcc/arm-none-eabi/13.3.1/../../../../arm-none-eabi/lib/thumb/v8-m.main+fp/hard\libc_nano.a(libc_a-lock.o)
                0x200017b8                __lock___malloc_recursive_mutex
 .bss.__lock___sfp_recursive_mutex
                0x200017b9        0x1 C:/ST/STM32CubeIDE_1.19.0/STM32CubeIDE/plugins/com.st.stm32cube.ide.mcu.externaltools.gnu-tools-for-stm32.13.3.rel1.win32_1.0.0.202411081344/tools/bin/../lib/gcc/arm-none-eabi/13.3.1/../../../../arm-none-eabi/lib/thumb/v8-m.main+fp/hard\libc_nano.a(libc_a-lock.o)
                0x200017b9                __lock___sfp_recursive_mutex
 *(COMMON)
                0x200017bc                        . = ALIGN (0x4)
 *fill*         0x200017ba        0x2 
                0x200017bc                        _ebss = .
                0x200017bc                        __bss_end__ = _ebss

._user_heap_stack
                0x200017bc      0x604 load address 0x0800c318
                0x200017c0                        . = ALIGN (0x8)
 *fill*         0x200017bc        0x4 
                [!provide]                        PROVIDE (end = .)
                0x200017c0                        PROVIDE (_end = .)
                0x200019c0                        . = (. + _Min_Heap_Size)
 *fill*         0x200017c0      0x200 
                0x20001dc0                        . = (. + _Min_Stack_Size)
 *fill*         0x200019c0      0x400 
                0x20001dc0                        . = ALIGN (0x8)

/DISCARD/
 libc.a(*)
 libm.a(*)
 libgcc.a(*)

.ARM.attributes
                0x00000000       0x36
 *(.ARM.attributes)
 .ARM.attributes
                0x00000000       0x26 C:/ST/STM32CubeIDE_1.19.0/STM32CubeIDE/plugins/com.st.stm32cube.ide.mcu.externaltools.gnu-tools-for-stm32.13.3.rel1.win32_1.0.0.202411081344/tools/bin/../lib/gcc/arm-none-eabi/13.3.1/thumb/v8-m.main+fp/hard/crti.o
 .ARM.attributes
                0x00000026       0x38 C:/ST/STM32CubeIDE_1.19.0/STM32CubeIDE/plugins/com.st.stm32cube.ide.mcu.externaltools.gnu-tools-for-stm32.13.3.rel1.win32_1.0.0.202411081344/tools/bin/../lib/gcc/arm-none-eabi/13.3.1/thumb/v8-m.main+fp/hard/crtbegin.o
 .ARM.attributes
                0x0000005e       0x3a ./Core/Src/main.o
 .ARM.attributes
                0x00000098       0x3a ./Core/Src/queues.o
 .ARM.attributes
                0x000000d2       0x3a ./Core/Src/solver.o
 .ARM.attributes
                0x0000010c       0x3a ./Core/Src/stm32h5xx_hal_msp.o
 .ARM.attributes
                0x00000146       0x3a ./Core/Src/stm32h5xx_it.o
 .ARM.attributes
                0x00000180       0x3a ./Core/Src/syscalls.o
 .ARM.attributes
                0x000001ba       0x3a ./Core/Src/sysmem.o
 .ARM.attributes
                0x000001f4       0x3a ./Core/Src/system_stm32h5xx.o
 .ARM.attributes
                0x0000022e       0x24 ./Core/Startup/startup_stm32h562rgtx.o
 .ARM.attributes
                0x00000252       0x3a ./Drivers/STM32H5xx_HAL_Driver/Src/stm32h5xx_hal.o
 .ARM.attributes
                0x0000028c       0x3a ./Drivers/STM32H5xx_HAL_Driver/Src/stm32h5xx_hal_cortex.o
 .ARM.attributes
                0x000002c6       0x3a ./Drivers/STM32H5xx_HAL_Driver/Src/stm32h5xx_hal_gpio.o
 .ARM.attributes
                0x00000300       0x3a ./Drivers/STM32H5xx_HAL_Driver/Src/stm32h5xx_hal_i2c.o
 .ARM.attributes
                0x0000033a       0x3a ./Drivers/STM32H5xx_HAL_Driver/Src/stm32h5xx_hal_i2c_ex.o
 .ARM.attributes
                0x00000374       0x3a ./Drivers/STM32H5xx_HAL_Driver/Src/stm32h5xx_hal_icache.o
 .ARM.attributes
                0x000003ae       0x3a ./Drivers/STM32H5xx_HAL_Driver/Src/stm32h5xx_hal_pcd.o
 .ARM.attributes
                0x000003e8       0x3a ./Drivers/STM32H5xx_HAL_Driver/Src/stm32h5xx_hal_pcd_ex.o
 .ARM.attributes
                0x00000422       0x3a ./Drivers/STM32H5xx_HAL_Driver/Src/stm32h5xx_hal_pwr_ex.o
 .ARM.attributes
                0x0000045c       0x3a ./Drivers/STM32H5xx_HAL_Driver/Src/stm32h5xx_hal_rcc.o
 .ARM.attributes
                0x00000496       0x3a ./Drivers/STM32H5xx_HAL_Driver/Src/stm32h5xx_hal_rcc_ex.o
 .ARM.attributes
                0x000004d0       0x3a ./Drivers/STM32H5xx_HAL_Driver/Src/stm32h5xx_hal_sd.o
 .ARM.attributes
                0x0000050a       0x3a ./Drivers/STM32H5xx_HAL_Driver/Src/stm32h5xx_hal_tim.o
 .ARM.attributes
                0x00000544       0x3a ./Drivers/STM32H5xx_HAL_Driver/Src/stm32h5xx_hal_tim_ex.o
 .ARM.attributes
                0x0000057e       0x3a ./Drivers/STM32H5xx_HAL_Driver/Src/stm32h5xx_ll_sdmmc.o
 .ARM.attributes
                0x000005b8       0x3a ./Drivers/STM32H5xx_HAL_Driver/Src/stm32h5xx_ll_usb.o
 .ARM.attributes
                0x000005f2       0x38 C:/ST/STM32CubeIDE_1.19.0/STM32CubeIDE/plugins/com.st.stm32cube.ide.mcu.externaltools.gnu-tools-for-stm32.13.3.rel1.win32_1.0.0.202411081344/tools/bin/../lib/gcc/arm-none-eabi/13.3.1/../../../../arm-none-eabi/lib/thumb/v8-m.main+fp/hard\libc_nano.a(libc_a-abort.o)
 .ARM.attributes
                0x0000062a       0x38 C:/ST/STM32CubeIDE_1.19.0/STM32CubeIDE/plugins/com.st.stm32cube.ide.mcu.externaltools.gnu-tools-for-stm32.13.3.rel1.win32_1.0.0.202411081344/tools/bin/../lib/gcc/arm-none-eabi/13.3.1/../../../../arm-none-eabi/lib/thumb/v8-m.main+fp/hard\libc_nano.a(libc_a-malloc.o)
 .ARM.attributes
                0x00000662       0x38 C:/ST/STM32CubeIDE_1.19.0/STM32CubeIDE/plugins/com.st.stm32cube.ide.mcu.externaltools.gnu-tools-for-stm32.13.3.rel1.win32_1.0.0.202411081344/tools/bin/../lib/gcc/arm-none-eabi/13.3.1/../../../../arm-none-eabi/lib/thumb/v8-m.main+fp/hard\libc_nano.a(libc_a-mallocr.o)
 .ARM.attributes
                0x0000069a       0x38 C:/ST/STM32CubeIDE_1.19.0/STM32CubeIDE/plugins/com.st.stm32cube.ide.mcu.externaltools.gnu-tools-for-stm32.13.3.rel1.win32_1.0.0.202411081344/tools/bin/../lib/gcc/arm-none-eabi/13.3.1/../../../../arm-none-eabi/lib/thumb/v8-m.main+fp/hard\libc_nano.a(libc_a-mlock.o)
 .ARM.attributes
                0x000006d2       0x38 C:/ST/STM32CubeIDE_1.19.0/STM32CubeIDE/plugins/com.st.stm32cube.ide.mcu.externaltools.gnu-tools-for-stm32.13.3.rel1.win32_1.0.0.202411081344/tools/bin/../lib/gcc/arm-none-eabi/13.3.1/../../../../arm-none-eabi/lib/thumb/v8-m.main+fp/hard\libc_nano.a(libc_a-fflush.o)
 .ARM.attributes
                0x0000070a       0x38 C:/ST/STM32CubeIDE_1.19.0/STM32CubeIDE/plugins/com.st.stm32cube.ide.mcu.externaltools.gnu-tools-for-stm32.13.3.rel1.win32_1.0.0.202411081344/tools/bin/../lib/gcc/arm-none-eabi/13.3.1/../../../../arm-none-eabi/lib/thumb/v8-m.main+fp/hard\libc_nano.a(libc_a-findfp.o)
 .ARM.attributes
                0x00000742       0x38 C:/ST/STM32CubeIDE_1.19.0/STM32CubeIDE/plugins/com.st.stm32cube.ide.mcu.externaltools.gnu-tools-for-stm32.13.3.rel1.win32_1.0.0.202411081344/tools/bin/../lib/gcc/arm-none-eabi/13.3.1/../../../../arm-none-eabi/lib/thumb/v8-m.main+fp/hard\libc_nano.a(libc_a-fwalk.o)
 .ARM.attributes
                0x0000077a       0x38 C:/ST/STM32CubeIDE_1.19.0/STM32CubeIDE/plugins/com.st.stm32cube.ide.mcu.externaltools.gnu-tools-for-stm32.13.3.rel1.win32_1.0.0.202411081344/tools/bin/../lib/gcc/arm-none-eabi/13.3.1/../../../../arm-none-eabi/lib/thumb/v8-m.main+fp/hard\libc_nano.a(libc_a-fwrite.o)
 .ARM.attributes
                0x000007b2       0x38 C:/ST/STM32CubeIDE_1.19.0/STM32CubeIDE/plugins/com.st.stm32cube.ide.mcu.externaltools.gnu-tools-for-stm32.13.3.rel1.win32_1.0.0.202411081344/tools/bin/../lib/gcc/arm-none-eabi/13.3.1/../../../../arm-none-eabi/lib/thumb/v8-m.main+fp/hard\libc_nano.a(libc_a-stdio.o)
 .ARM.attributes
                0x000007ea       0x38 C:/ST/STM32CubeIDE_1.19.0/STM32CubeIDE/plugins/com.st.stm32cube.ide.mcu.externaltools.gnu-tools-for-stm32.13.3.rel1.win32_1.0.0.202411081344/tools/bin/../lib/gcc/arm-none-eabi/13.3.1/../../../../arm-none-eabi/lib/thumb/v8-m.main+fp/hard\libc_nano.a(libc_a-wbuf.o)
 .ARM.attributes
                0x00000822       0x38 C:/ST/STM32CubeIDE_1.19.0/STM32CubeIDE/plugins/com.st.stm32cube.ide.mcu.externaltools.gnu-tools-for-stm32.13.3.rel1.win32_1.0.0.202411081344/tools/bin/../lib/gcc/arm-none-eabi/13.3.1/../../../../arm-none-eabi/lib/thumb/v8-m.main+fp/hard\libc_nano.a(libc_a-wsetup.o)
 .ARM.attributes
                0x0000085a       0x38 C:/ST/STM32CubeIDE_1.19.0/STM32CubeIDE/plugins/com.st.stm32cube.ide.mcu.externaltools.gnu-tools-for-stm32.13.3.rel1.win32_1.0.0.202411081344/tools/bin/../lib/gcc/arm-none-eabi/13.3.1/../../../../arm-none-eabi/lib/thumb/v8-m.main+fp/hard\libc_nano.a(libc_a-memset.o)
 .ARM.attributes
                0x00000892       0x38 C:/ST/STM32CubeIDE_1.19.0/STM32CubeIDE/plugins/com.st.stm32cube.ide.mcu.externaltools.gnu-tools-for-stm32.13.3.rel1.win32_1.0.0.202411081344/tools/bin/../lib/gcc/arm-none-eabi/13.3.1/../../../../arm-none-eabi/lib/thumb/v8-m.main+fp/hard\libc_nano.a(libc_a-signal.o)
 .ARM.attributes
                0x000008ca       0x38 C:/ST/STM32CubeIDE_1.19.0/STM32CubeIDE/plugins/com.st.stm32cube.ide.mcu.externaltools.gnu-tools-for-stm32.13.3.rel1.win32_1.0.0.202411081344/tools/bin/../lib/gcc/arm-none-eabi/13.3.1/../../../../arm-none-eabi/lib/thumb/v8-m.main+fp/hard\libc_nano.a(libc_a-closer.o)
 .ARM.attributes
                0x00000902       0x38 C:/ST/STM32CubeIDE_1.19.0/STM32CubeIDE/plugins/com.st.stm32cube.ide.mcu.externaltools.gnu-tools-for-stm32.13.3.rel1.win32_1.0.0.202411081344/tools/bin/../lib/gcc/arm-none-eabi/13.3.1/../../../../arm-none-eabi/lib/thumb/v8-m.main+fp/hard\libc_nano.a(libc_a-reent.o)
 .ARM.attributes
                0x0000093a       0x38 C:/ST/STM32CubeIDE_1.19.0/STM32CubeIDE/plugins/com.st.stm32cube.ide.mcu.externaltools.gnu-tools-for-stm32.13.3.rel1.win32_1.0.0.202411081344/tools/bin/../lib/gcc/arm-none-eabi/13.3.1/../../../../arm-none-eabi/lib/thumb/v8-m.main+fp/hard\libc_nano.a(libc_a-impure.o)
 .ARM.attributes
                0x00000972       0x38 C:/ST/STM32CubeIDE_1.19.0/STM32CubeIDE/plugins/com.st.stm32cube.ide.mcu.externaltools.gnu-tools-for-stm32.13.3.rel1.win32_1.0.0.202411081344/tools/bin/../lib/gcc/arm-none-eabi/13.3.1/../../../../arm-none-eabi/lib/thumb/v8-m.main+fp/hard\libc_nano.a(libc_a-lseekr.o)
 .ARM.attributes
                0x000009aa       0x38 C:/ST/STM32CubeIDE_1.19.0/STM32CubeIDE/plugins/com.st.stm32cube.ide.mcu.externaltools.gnu-tools-for-stm32.13.3.rel1.win32_1.0.0.202411081344/tools/bin/../lib/gcc/arm-none-eabi/13.3.1/../../../../arm-none-eabi/lib/thumb/v8-m.main+fp/hard\libc_nano.a(libc_a-readr.o)
 .ARM.attributes
                0x000009e2       0x38 C:/ST/STM32CubeIDE_1.19.0/STM32CubeIDE/plugins/com.st.stm32cube.ide.mcu.externaltools.gnu-tools-for-stm32.13.3.rel1.win32_1.0.0.202411081344/tools/bin/../lib/gcc/arm-none-eabi/13.3.1/../../../../arm-none-eabi/lib/thumb/v8-m.main+fp/hard\libc_nano.a(libc_a-signalr.o)
 .ARM.attributes
                0x00000a1a       0x38 C:/ST/STM32CubeIDE_1.19.0/STM32CubeIDE/plugins/com.st.stm32cube.ide.mcu.externaltools.gnu-tools-for-stm32.13.3.rel1.win32_1.0.0.202411081344/tools/bin/../lib/gcc/arm-none-eabi/13.3.1/../../../../arm-none-eabi/lib/thumb/v8-m.main+fp/hard\libc_nano.a(libc_a-sbrkr.o)
 .ARM.attributes
                0x00000a52       0x38 C:/ST/STM32CubeIDE_1.19.0/STM32CubeIDE/plugins/com.st.stm32cube.ide.mcu.externaltools.gnu-tools-for-stm32.13.3.rel1.win32_1.0.0.202411081344/tools/bin/../lib/gcc/arm-none-eabi/13.3.1/../../../../arm-none-eabi/lib/thumb/v8-m.main+fp/hard\libc_nano.a(libc_a-writer.o)
 .ARM.attributes
                0x00000a8a       0x38 C:/ST/STM32CubeIDE_1.19.0/STM32CubeIDE/plugins/com.st.stm32cube.ide.mcu.externaltools.gnu-tools-for-stm32.13.3.rel1.win32_1.0.0.202411081344/tools/bin/../lib/gcc/arm-none-eabi/13.3.1/../../../../arm-none-eabi/lib/thumb/v8-m.main+fp/hard\libc_nano.a(libc_a-errno.o)
 .ARM.attributes
                0x00000ac2       0x38 C:/ST/STM32CubeIDE_1.19.0/STM32CubeIDE/plugins/com.st.stm32cube.ide.mcu.externaltools.gnu-tools-for-stm32.13.3.rel1.win32_1.0.0.202411081344/tools/bin/../lib/gcc/arm-none-eabi/13.3.1/../../../../arm-none-eabi/lib/thumb/v8-m.main+fp/hard\libc_nano.a(libc_a-init.o)
 .ARM.attributes
                0x00000afa       0x38 C:/ST/STM32CubeIDE_1.19.0/STM32CubeIDE/plugins/com.st.stm32cube.ide.mcu.externaltools.gnu-tools-for-stm32.13.3.rel1.win32_1.0.0.202411081344/tools/bin/../lib/gcc/arm-none-eabi/13.3.1/../../../../arm-none-eabi/lib/thumb/v8-m.main+fp/hard\libc_nano.a(libc_a-lock.o)
 .ARM.attributes
                0x00000b32       0x38 C:/ST/STM32CubeIDE_1.19.0/STM32CubeIDE/plugins/com.st.stm32cube.ide.mcu.externaltools.gnu-tools-for-stm32.13.3.rel1.win32_1.0.0.202411081344/tools/bin/../lib/gcc/arm-none-eabi/13.3.1/../../../../arm-none-eabi/lib/thumb/v8-m.main+fp/hard\libc_nano.a(libc_a-freer.o)
 .ARM.attributes
                0x00000b6a       0x38 C:/ST/STM32CubeIDE_1.19.0/STM32CubeIDE/plugins/com.st.stm32cube.ide.mcu.externaltools.gnu-tools-for-stm32.13.3.rel1.win32_1.0.0.202411081344/tools/bin/../lib/gcc/arm-none-eabi/13.3.1/../../../../arm-none-eabi/lib/thumb/v8-m.main+fp/hard\libc_nano.a(libc_a-makebuf.o)
 .ARM.attributes
                0x00000ba2       0x38 C:/ST/STM32CubeIDE_1.19.0/STM32CubeIDE/plugins/com.st.stm32cube.ide.mcu.externaltools.gnu-tools-for-stm32.13.3.rel1.win32_1.0.0.202411081344/tools/bin/../lib/gcc/arm-none-eabi/13.3.1/../../../../arm-none-eabi/lib/thumb/v8-m.main+fp/hard\libc_nano.a(libc_a-fstatr.o)
 .ARM.attributes
                0x00000bda       0x38 C:/ST/STM32CubeIDE_1.19.0/STM32CubeIDE/plugins/com.st.stm32cube.ide.mcu.externaltools.gnu-tools-for-stm32.13.3.rel1.win32_1.0.0.202411081344/tools/bin/../lib/gcc/arm-none-eabi/13.3.1/../../../../arm-none-eabi/lib/thumb/v8-m.main+fp/hard\libc_nano.a(libc_a-isattyr.o)
 .ARM.attributes
                0x00000c12       0x26 C:/ST/STM32CubeIDE_1.19.0/STM32CubeIDE/plugins/com.st.stm32cube.ide.mcu.externaltools.gnu-tools-for-stm32.13.3.rel1.win32_1.0.0.202411081344/tools/bin/../lib/gcc/arm-none-eabi/13.3.1/thumb/v8-m.main+fp/hard/crtn.o
OUTPUT(micromouse.elf elf32-littlearm)
LOAD linker stubs
LOAD C:/ST/STM32CubeIDE_1.19.0/STM32CubeIDE/plugins/com.st.stm32cube.ide.mcu.externaltools.gnu-tools-for-stm32.13.3.rel1.win32_1.0.0.202411081344/tools/bin/../lib/gcc/arm-none-eabi/13.3.1/../../../../arm-none-eabi/lib/thumb/v8-m.main+fp/hard\libc.a
LOAD C:/ST/STM32CubeIDE_1.19.0/STM32CubeIDE/plugins/com.st.stm32cube.ide.mcu.externaltools.gnu-tools-for-stm32.13.3.rel1.win32_1.0.0.202411081344/tools/bin/../lib/gcc/arm-none-eabi/13.3.1/../../../../arm-none-eabi/lib/thumb/v8-m.main+fp/hard\libm.a
LOAD C:/ST/STM32CubeIDE_1.19.0/STM32CubeIDE/plugins/com.st.stm32cube.ide.mcu.externaltools.gnu-tools-for-stm32.13.3.rel1.win32_1.0.0.202411081344/tools/bin/../lib/gcc/arm-none-eabi/13.3.1/thumb/v8-m.main+fp/hard\libgcc.a

.debug_info     0x00000000    0x1b151
 .debug_info    0x00000000     0x25be ./Core/Src/main.o
 .debug_info    0x000025be      0x9c6 ./Core/Src/queues.o
 .debug_info    0x00002f84      0x814 ./Core/Src/solver.o
 .debug_info    0x00003798     0x1fc8 ./Core/Src/stm32h5xx_hal_msp.o
 .debug_info    0x00005760      0x128 ./Core/Src/stm32h5xx_it.o
 .debug_info    0x00005888      0x6a3 ./Core/Src/syscalls.o
 .debug_info    0x00005f2b      0x168 ./Core/Src/sysmem.o
 .debug_info    0x00006093      0xd8e ./Core/Src/system_stm32h5xx.o
 .debug_info    0x00006e21       0x30 ./Core/Startup/startup_stm32h562rgtx.o
 .debug_info    0x00006e51     0x1381 ./Drivers/STM32H5xx_HAL_Driver/Src/stm32h5xx_hal.o
 .debug_info    0x000081d2     0x163a ./Drivers/STM32H5xx_HAL_Driver/Src/stm32h5xx_hal_cortex.o
 .debug_info    0x0000980c      0x6b6 ./Drivers/STM32H5xx_HAL_Driver/Src/stm32h5xx_hal_gpio.o
 .debug_info    0x00009ec2     0x2322 ./Drivers/STM32H5xx_HAL_Driver/Src/stm32h5xx_hal_i2c.o
 .debug_info    0x0000c1e4      0x8f3 ./Drivers/STM32H5xx_HAL_Driver/Src/stm32h5xx_hal_i2c_ex.o
 .debug_info    0x0000cad7      0x4d6 ./Drivers/STM32H5xx_HAL_Driver/Src/stm32h5xx_hal_icache.o
 .debug_info    0x0000cfad     0x1560 ./Drivers/STM32H5xx_HAL_Driver/Src/stm32h5xx_hal_pcd.o
 .debug_info    0x0000e50d      0x7eb ./Drivers/STM32H5xx_HAL_Driver/Src/stm32h5xx_hal_pcd_ex.o
 .debug_info    0x0000ecf8      0x928 ./Drivers/STM32H5xx_HAL_Driver/Src/stm32h5xx_hal_pwr_ex.o
 .debug_info    0x0000f620     0x109f ./Drivers/STM32H5xx_HAL_Driver/Src/stm32h5xx_hal_rcc.o
 .debug_info    0x000106bf     0x12c8 ./Drivers/STM32H5xx_HAL_Driver/Src/stm32h5xx_hal_rcc_ex.o
 .debug_info    0x00011987     0x1a20 ./Drivers/STM32H5xx_HAL_Driver/Src/stm32h5xx_hal_sd.o
 .debug_info    0x000133a7     0x2e54 ./Drivers/STM32H5xx_HAL_Driver/Src/stm32h5xx_hal_tim.o
 .debug_info    0x000161fb     0x1eaa ./Drivers/STM32H5xx_HAL_Driver/Src/stm32h5xx_hal_tim_ex.o
 .debug_info    0x000180a5     0x16a4 ./Drivers/STM32H5xx_HAL_Driver/Src/stm32h5xx_ll_sdmmc.o
 .debug_info    0x00019749     0x1a08 ./Drivers/STM32H5xx_HAL_Driver/Src/stm32h5xx_ll_usb.o

.debug_abbrev   0x00000000     0x3613
 .debug_abbrev  0x00000000      0x382 ./Core/Src/main.o
 .debug_abbrev  0x00000382      0x246 ./Core/Src/queues.o
 .debug_abbrev  0x000005c8      0x2cb ./Core/Src/solver.o
 .debug_abbrev  0x00000893      0x2db ./Core/Src/stm32h5xx_hal_msp.o
 .debug_abbrev  0x00000b6e       0x73 ./Core/Src/stm32h5xx_it.o
 .debug_abbrev  0x00000be1      0x1b6 ./Core/Src/syscalls.o
 .debug_abbrev  0x00000d97       0xbc ./Core/Src/sysmem.o
 .debug_abbrev  0x00000e53      0x13a ./Core/Src/system_stm32h5xx.o
 .debug_abbrev  0x00000f8d       0x24 ./Core/Startup/startup_stm32h562rgtx.o
 .debug_abbrev  0x00000fb1      0x2af ./Drivers/STM32H5xx_HAL_Driver/Src/stm32h5xx_hal.o
 .debug_abbrev  0x00001260      0x311 ./Drivers/STM32H5xx_HAL_Driver/Src/stm32h5xx_hal_cortex.o
 .debug_abbrev  0x00001571      0x1db ./Drivers/STM32H5xx_HAL_Driver/Src/stm32h5xx_hal_gpio.o
 .debug_abbrev  0x0000174c      0x271 ./Drivers/STM32H5xx_HAL_Driver/Src/stm32h5xx_hal_i2c.o
 .debug_abbrev  0x000019bd      0x1a8 ./Drivers/STM32H5xx_HAL_Driver/Src/stm32h5xx_hal_i2c_ex.o
 .debug_abbrev  0x00001b65      0x228 ./Drivers/STM32H5xx_HAL_Driver/Src/stm32h5xx_hal_icache.o
 .debug_abbrev  0x00001d8d      0x302 ./Drivers/STM32H5xx_HAL_Driver/Src/stm32h5xx_hal_pcd.o
 .debug_abbrev  0x0000208f      0x1e8 ./Drivers/STM32H5xx_HAL_Driver/Src/stm32h5xx_hal_pcd_ex.o
 .debug_abbrev  0x00002277      0x299 ./Drivers/STM32H5xx_HAL_Driver/Src/stm32h5xx_hal_pwr_ex.o
 .debug_abbrev  0x00002510      0x290 ./Drivers/STM32H5xx_HAL_Driver/Src/stm32h5xx_hal_rcc.o
 .debug_abbrev  0x000027a0      0x269 ./Drivers/STM32H5xx_HAL_Driver/Src/stm32h5xx_hal_rcc_ex.o
 .debug_abbrev  0x00002a09      0x25b ./Drivers/STM32H5xx_HAL_Driver/Src/stm32h5xx_hal_sd.o
 .debug_abbrev  0x00002c64      0x2bd ./Drivers/STM32H5xx_HAL_Driver/Src/stm32h5xx_hal_tim.o
 .debug_abbrev  0x00002f21      0x2c7 ./Drivers/STM32H5xx_HAL_Driver/Src/stm32h5xx_hal_tim_ex.o
 .debug_abbrev  0x000031e8      0x1f4 ./Drivers/STM32H5xx_HAL_Driver/Src/stm32h5xx_ll_sdmmc.o
 .debug_abbrev  0x000033dc      0x237 ./Drivers/STM32H5xx_HAL_Driver/Src/stm32h5xx_ll_usb.o

.debug_aranges  0x00000000     0x1a00
 .debug_aranges
                0x00000000       0x68 ./Core/Src/main.o
 .debug_aranges
                0x00000068       0x58 ./Core/Src/queues.o
 .debug_aranges
                0x000000c0       0xc8 ./Core/Src/solver.o
 .debug_aranges
                0x00000188       0x68 ./Core/Src/stm32h5xx_hal_msp.o
 .debug_aranges
                0x000001f0       0x60 ./Core/Src/stm32h5xx_it.o
 .debug_aranges
                0x00000250       0xa8 ./Core/Src/syscalls.o
 .debug_aranges
                0x000002f8       0x20 ./Core/Src/sysmem.o
 .debug_aranges
                0x00000318       0x28 ./Core/Src/system_stm32h5xx.o
 .debug_aranges
                0x00000340       0x28 ./Core/Startup/startup_stm32h562rgtx.o
 .debug_aranges
                0x00000368      0x200 ./Drivers/STM32H5xx_HAL_Driver/Src/stm32h5xx_hal.o
 .debug_aranges
                0x00000568      0x140 ./Drivers/STM32H5xx_HAL_Driver/Src/stm32h5xx_hal_cortex.o
 .debug_aranges
                0x000006a8       0x78 ./Drivers/STM32H5xx_HAL_Driver/Src/stm32h5xx_hal_gpio.o
 .debug_aranges
                0x00000720      0x2a0 ./Drivers/STM32H5xx_HAL_Driver/Src/stm32h5xx_hal_i2c.o
 .debug_aranges
                0x000009c0       0x40 ./Drivers/STM32H5xx_HAL_Driver/Src/stm32h5xx_hal_i2c_ex.o
 .debug_aranges
                0x00000a00       0xa8 ./Drivers/STM32H5xx_HAL_Driver/Src/stm32h5xx_hal_icache.o
 .debug_aranges
                0x00000aa8      0x150 ./Drivers/STM32H5xx_HAL_Driver/Src/stm32h5xx_hal_pcd.o
 .debug_aranges
                0x00000bf8       0x58 ./Drivers/STM32H5xx_HAL_Driver/Src/stm32h5xx_hal_pcd_ex.o
 .debug_aranges
                0x00000c50      0x148 ./Drivers/STM32H5xx_HAL_Driver/Src/stm32h5xx_hal_pwr_ex.o
 .debug_aranges
                0x00000d98       0xa0 ./Drivers/STM32H5xx_HAL_Driver/Src/stm32h5xx_hal_rcc.o
 .debug_aranges
                0x00000e38      0x108 ./Drivers/STM32H5xx_HAL_Driver/Src/stm32h5xx_hal_rcc_ex.o
 .debug_aranges
                0x00000f40      0x160 ./Drivers/STM32H5xx_HAL_Driver/Src/stm32h5xx_hal_sd.o
 .debug_aranges
                0x000010a0      0x3e8 ./Drivers/STM32H5xx_HAL_Driver/Src/stm32h5xx_hal_tim.o
 .debug_aranges
                0x00001488      0x240 ./Drivers/STM32H5xx_HAL_Driver/Src/stm32h5xx_hal_tim_ex.o
 .debug_aranges
                0x000016c8      0x208 ./Drivers/STM32H5xx_HAL_Driver/Src/stm32h5xx_ll_sdmmc.o
 .debug_aranges
                0x000018d0      0x130 ./Drivers/STM32H5xx_HAL_Driver/Src/stm32h5xx_ll_usb.o

.debug_rnglists
                0x00000000     0x140e
 .debug_rnglists
                0x00000000       0x4e ./Core/Src/main.o
 .debug_rnglists
                0x0000004e       0x3f ./Core/Src/queues.o
 .debug_rnglists
                0x0000008d       0x9b ./Core/Src/solver.o
 .debug_rnglists
                0x00000128       0x4d ./Core/Src/stm32h5xx_hal_msp.o
 .debug_rnglists
                0x00000175       0x43 ./Core/Src/stm32h5xx_it.o
 .debug_rnglists
                0x000001b8       0x79 ./Core/Src/syscalls.o
 .debug_rnglists
                0x00000231       0x13 ./Core/Src/sysmem.o
 .debug_rnglists
                0x00000244       0x1b ./Core/Src/system_stm32h5xx.o
 .debug_rnglists
                0x0000025f       0x19 ./Core/Startup/startup_stm32h562rgtx.o
 .debug_rnglists
                0x00000278      0x17d ./Drivers/STM32H5xx_HAL_Driver/Src/stm32h5xx_hal.o
 .debug_rnglists
                0x000003f5       0xec ./Drivers/STM32H5xx_HAL_Driver/Src/stm32h5xx_hal_cortex.o
 .debug_rnglists
                0x000004e1       0x57 ./Drivers/STM32H5xx_HAL_Driver/Src/stm32h5xx_hal_gpio.o
 .debug_rnglists
                0x00000538      0x228 ./Drivers/STM32H5xx_HAL_Driver/Src/stm32h5xx_hal_i2c.o
 .debug_rnglists
                0x00000760       0x30 ./Drivers/STM32H5xx_HAL_Driver/Src/stm32h5xx_hal_i2c_ex.o
 .debug_rnglists
                0x00000790       0x7a ./Drivers/STM32H5xx_HAL_Driver/Src/stm32h5xx_hal_icache.o
 .debug_rnglists
                0x0000080a      0x100 ./Drivers/STM32H5xx_HAL_Driver/Src/stm32h5xx_hal_pcd.o
 .debug_rnglists
                0x0000090a       0x3f ./Drivers/STM32H5xx_HAL_Driver/Src/stm32h5xx_hal_pcd_ex.o
 .debug_rnglists
                0x00000949       0xf3 ./Drivers/STM32H5xx_HAL_Driver/Src/stm32h5xx_hal_pwr_ex.o
 .debug_rnglists
                0x00000a3c       0x79 ./Drivers/STM32H5xx_HAL_Driver/Src/stm32h5xx_hal_rcc.o
 .debug_rnglists
                0x00000ab5       0xcf ./Drivers/STM32H5xx_HAL_Driver/Src/stm32h5xx_hal_rcc_ex.o
 .debug_rnglists
                0x00000b84      0x11c ./Drivers/STM32H5xx_HAL_Driver/Src/stm32h5xx_hal_sd.o
 .debug_rnglists
                0x00000ca0      0x32e ./Drivers/STM32H5xx_HAL_Driver/Src/stm32h5xx_hal_tim.o
 .debug_rnglists
                0x00000fce      0x1cb ./Drivers/STM32H5xx_HAL_Driver/Src/stm32h5xx_hal_tim_ex.o
 .debug_rnglists
                0x00001199      0x18a ./Drivers/STM32H5xx_HAL_Driver/Src/stm32h5xx_ll_sdmmc.o
 .debug_rnglists
                0x00001323       0xeb ./Drivers/STM32H5xx_HAL_Driver/Src/stm32h5xx_ll_usb.o

.debug_macro    0x00000000    0x3024c
 .debug_macro   0x00000000      0x319 ./Core/Src/main.o
 .debug_macro   0x00000319      0x1f8 ./Core/Src/main.o
 .debug_macro   0x00000511      0x190 ./Core/Src/main.o
 .debug_macro   0x000006a1      0x19b ./Core/Src/main.o
 .debug_macro   0x0000083c       0x28 ./Core/Src/main.o
 .debug_macro   0x00000864       0x49 ./Core/Src/main.o
 .debug_macro   0x000008ad      0x103 ./Core/Src/main.o
 .debug_macro   0x000009b0       0x6a ./Core/Src/main.o
 .debug_macro   0x00000a1a      0x1df ./Core/Src/main.o
 .debug_macro   0x00000bf9       0x1c ./Core/Src/main.o
 .debug_macro   0x00000c15       0x29 ./Core/Src/main.o
 .debug_macro   0x00000c3e       0xfb ./Core/Src/main.o
 .debug_macro   0x00000d39     0x1685 ./Core/Src/main.o
 .debug_macro   0x000023be       0x5e ./Core/Src/main.o
 .debug_macro   0x0000241c    0x1dc22 ./Core/Src/main.o
 .debug_macro   0x0002003e       0x6d ./Core/Src/main.o
 .debug_macro   0x000200ab     0x388a ./Core/Src/main.o
 .debug_macro   0x00023935       0x63 ./Core/Src/main.o
 .debug_macro   0x00023998     0x1e49 ./Core/Src/main.o
 .debug_macro   0x000257e1      0xe6c ./Core/Src/main.o
 .debug_macro   0x0002664d      0x166 ./Core/Src/main.o
 .debug_macro   0x000267b3      0x2dd ./Core/Src/main.o
 .debug_macro   0x00026a90       0xca ./Core/Src/main.o
 .debug_macro   0x00026b5a      0x917 ./Core/Src/main.o
 .debug_macro   0x00027471      0x478 ./Core/Src/main.o
 .debug_macro   0x000278e9       0xd6 ./Core/Src/main.o
 .debug_macro   0x000279bf      0x1cd ./Core/Src/main.o
 .debug_macro   0x00027b8c      0x55b ./Core/Src/main.o
 .debug_macro   0x000280e7      0x638 ./Core/Src/main.o
 .debug_macro   0x0002871f       0x7b ./Core/Src/main.o
 .debug_macro   0x0002879a      0x22c ./Core/Src/main.o
 .debug_macro   0x000289c6       0x35 ./Core/Src/main.o
 .debug_macro   0x000289fb       0xa5 ./Core/Src/main.o
 .debug_macro   0x00028aa0      0x313 ./Core/Src/main.o
 .debug_macro   0x00028db3      0x1bb ./Core/Src/main.o
 .debug_macro   0x00028f6e      0xa0c ./Core/Src/main.o
 .debug_macro   0x0002997a       0x1c ./Core/Src/main.o
 .debug_macro   0x00029996      0x1ce ./Core/Src/main.o
 .debug_macro   0x00029b64       0x28 ./Core/Src/main.o
 .debug_macro   0x00029b8c      0xbe8 ./Core/Src/main.o
 .debug_macro   0x0002a774      0x3d8 ./Core/Src/main.o
 .debug_macro   0x0002ab4c      0x23f ./Core/Src/main.o
 .debug_macro   0x0002ad8b      0x177 ./Core/Src/main.o
 .debug_macro   0x0002af02      0x2a0 ./Core/Src/main.o
 .debug_macro   0x0002b1a2      0x4ee ./Core/Src/main.o
 .debug_macro   0x0002b690      0x10c ./Core/Src/main.o