Archive member included to satisfy reference by file (symbol)

C:/ST/STM32CubeIDE_1.19.0/STM32CubeIDE/plugins/com.st.stm32cube.ide.mcu.externaltools.gnu-tools-for-stm32.13.3.rel1.win32_1.0.0.202411081344/tools/bin/../lib/gcc/arm-none-eabi/13.3.1/../../../../arm-none-eabi/lib/thumb/v8-m.main+fp/hard\libc_nano.a(libc_a-abort.o)
                              ./Core/Src/queues.o (abort)
C:/ST/STM32CubeIDE_1.19.0/STM32CubeIDE/plugins/com.st.stm32cube.ide.mcu.externaltools.gnu-tools-for-stm32.13.3.rel1.win32_1.0.0.202411081344/tools/bin/../lib/gcc/arm-none-eabi/13.3.1/../../../../arm-none-eabi/lib/thumb/v8-m.main+fp/hard\libc_nano.a(libc_a-atoi.o)
                              ./Core/Src/API.o (atoi)
C:/ST/STM32CubeIDE_1.19.0/STM32CubeIDE/plugins/com.st.stm32cube.ide.mcu.externaltools.gnu-tools-for-stm32.13.3.rel1.win32_1.0.0.202411081344/tools/bin/../lib/gcc/arm-none-eabi/13.3.1/../../../../arm-none-eabi/lib/thumb/v8-m.main+fp/hard\libc_nano.a(libc_a-exit.o)
                              C:/ST/STM32CubeIDE_1.19.0/STM32CubeIDE/plugins/com.st.stm32cube.ide.mcu.externaltools.gnu-tools-for-stm32.13.3.rel1.win32_1.0.0.202411081344/tools/bin/../lib/gcc/arm-none-eabi/13.3.1/../../../../arm-none-eabi/lib/thumb/v8-m.main+fp/hard/crt0.o (exit)
C:/ST/STM32CubeIDE_1.19.0/STM32CubeIDE/plugins/com.st.stm32cube.ide.mcu.externaltools.gnu-tools-for-stm32.13.3.rel1.win32_1.0.0.202411081344/tools/bin/../lib/gcc/arm-none-eabi/13.3.1/../../../../arm-none-eabi/lib/thumb/v8-m.main+fp/hard\libc_nano.a(libc_a-malloc.o)
                              ./Core/Src/queues.o (malloc)
C:/ST/STM32CubeIDE_1.19.0/STM32CubeIDE/plugins/com.st.stm32cube.ide.mcu.externaltools.gnu-tools-for-stm32.13.3.rel1.win32_1.0.0.202411081344/tools/bin/../lib/gcc/arm-none-eabi/13.3.1/../../../../arm-none-eabi/lib/thumb/v8-m.main+fp/hard\libc_nano.a(libc_a-mallocr.o)
                              C:/ST/STM32CubeIDE_1.19.0/STM32CubeIDE/plugins/com.st.stm32cube.ide.mcu.externaltools.gnu-tools-for-stm32.13.3.rel1.win32_1.0.0.202411081344/tools/bin/../lib/gcc/arm-none-eabi/13.3.1/../../../../arm-none-eabi/lib/thumb/v8-m.main+fp/hard\libc_nano.a(libc_a-malloc.o) (_malloc_r)
C:/ST/STM32CubeIDE_1.19.0/STM32CubeIDE/plugins/com.st.stm32cube.ide.mcu.externaltools.gnu-tools-for-stm32.13.3.rel1.win32_1.0.0.202411081344/tools/bin/../lib/gcc/arm-none-eabi/13.3.1/../../../../arm-none-eabi/lib/thumb/v8-m.main+fp/hard\libc_nano.a(libc_a-mlock.o)
                              C:/ST/STM32CubeIDE_1.19.0/STM32CubeIDE/plugins/com.st.stm32cube.ide.mcu.externaltools.gnu-tools-for-stm32.13.3.rel1.win32_1.0.0.202411081344/tools/bin/../lib/gcc/arm-none-eabi/13.3.1/../../../../arm-none-eabi/lib/thumb/v8-m.main+fp/hard\libc_nano.a(libc_a-mallocr.o) (__malloc_lock)
C:/ST/STM32CubeIDE_1.19.0/STM32CubeIDE/plugins/com.st.stm32cube.ide.mcu.externaltools.gnu-tools-for-stm32.13.3.rel1.win32_1.0.0.202411081344/tools/bin/../lib/gcc/arm-none-eabi/13.3.1/../../../../arm-none-eabi/lib/thumb/v8-m.main+fp/hard\libc_nano.a(libc_a-strtol.o)
                              C:/ST/STM32CubeIDE_1.19.0/STM32CubeIDE/plugins/com.st.stm32cube.ide.mcu.externaltools.gnu-tools-for-stm32.13.3.rel1.win32_1.0.0.202411081344/tools/bin/../lib/gcc/arm-none-eabi/13.3.1/../../../../arm-none-eabi/lib/thumb/v8-m.main+fp/hard\libc_nano.a(libc_a-atoi.o) (_strtol_r)
C:/ST/STM32CubeIDE_1.19.0/STM32CubeIDE/plugins/com.st.stm32cube.ide.mcu.externaltools.gnu-tools-for-stm32.13.3.rel1.win32_1.0.0.202411081344/tools/bin/../lib/gcc/arm-none-eabi/13.3.1/../../../../arm-none-eabi/lib/thumb/v8-m.main+fp/hard\libc_nano.a(libc_a-ctype_.o)
                              C:/ST/STM32CubeIDE_1.19.0/STM32CubeIDE/plugins/com.st.stm32cube.ide.mcu.externaltools.gnu-tools-for-stm32.13.3.rel1.win32_1.0.0.202411081344/tools/bin/../lib/gcc/arm-none-eabi/13.3.1/../../../../arm-none-eabi/lib/thumb/v8-m.main+fp/hard\libc_nano.a(libc_a-strtol.o) (_ctype_)
C:/ST/STM32CubeIDE_1.19.0/STM32CubeIDE/plugins/com.st.stm32cube.ide.mcu.externaltools.gnu-tools-for-stm32.13.3.rel1.win32_1.0.0.202411081344/tools/bin/../lib/gcc/arm-none-eabi/13.3.1/../../../../arm-none-eabi/lib/thumb/v8-m.main+fp/hard\libc_nano.a(libc_a-fflush.o)
                              ./Core/Src/API.o (fflush)
C:/ST/STM32CubeIDE_1.19.0/STM32CubeIDE/plugins/com.st.stm32cube.ide.mcu.externaltools.gnu-tools-for-stm32.13.3.rel1.win32_1.0.0.202411081344/tools/bin/../lib/gcc/arm-none-eabi/13.3.1/../../../../arm-none-eabi/lib/thumb/v8-m.main+fp/hard\libc_nano.a(libc_a-fgets.o)
                              ./Core/Src/API.o (fgets)
C:/ST/STM32CubeIDE_1.19.0/STM32CubeIDE/plugins/com.st.stm32cube.ide.mcu.externaltools.gnu-tools-for-stm32.13.3.rel1.win32_1.0.0.202411081344/tools/bin/../lib/gcc/arm-none-eabi/13.3.1/../../../../arm-none-eabi/lib/thumb/v8-m.main+fp/hard\libc_nano.a(libc_a-findfp.o)
[...]
Memory Configuration

Name             Origin             Length             Attributes
RAM              0x20000000         0x000a0000         xrw
FLASH            0x08000000         0x00100000         xr
*default*        0x00000000         0xffffffff

Linker script and memory map

LOAD C:/ST/STM32CubeIDE_1.19.0/STM32CubeIDE/plugins/com.st.stm32cube.ide.mcu.externaltools.gnu-tools-for-stm32.13.3.rel1.win32_1.0.0.202411081344/tools/bin/../lib/gcc/arm-none-eabi/13.3.1/thumb/v8-m.main+fp/hard/crti.o
LOAD C:/ST/STM32CubeIDE_1.19.0/STM32CubeIDE/plugins/com.st.stm32cube.ide.mcu.externaltools.gnu-tools-for-stm32.13.3.rel1.win32_1.0.0.202411081344/tools/bin/../lib/gcc/arm-none-eabi/13.3.1/thumb/v8-m.main+fp/hard/crtbegin.o
LOAD C:/ST/STM32CubeIDE_1.19.0/STM32CubeIDE/plugins/com.st.stm32cube.ide.mcu.externaltools.gnu-tools-for-stm32.13.3.rel1.win32_1.0.0.202411081344/tools/bin/../lib/gcc/arm-none-eabi/13.3.1/../../../../arm-none-eabi/lib/thumb/v8-m.main+fp/hard/crt0.o
LOAD ./Core/Src/API.o
LOAD ./Core/Src/main.o
LOAD ./Core/Src/queues.o
LOAD ./Core/Src/solver.o
LOAD ./Core/Src/stm32h5xx_hal_msp.o
LOAD ./Core/Src/stm32h5xx_it.o
LOAD ./Core/Src/syscalls.o
LOAD ./Core/Src/sysmem.o
LOAD ./Core/Src/system_stm32h5xx.o
LOAD ./Core/Startup/startup_stm32h562rgtx.o
LOAD ./Drivers/STM32H5xx_HAL_Driver/Src/stm32h5xx_hal.o
LOAD ./Drivers/STM32H5xx_HAL_Driver/Src/stm32h5xx_hal_cortex.o
LOAD ./Drivers/STM32H5xx_HAL_Driver/Src/stm32h5xx_hal_dma.o
LOAD ./Drivers/STM32H5xx_HAL_Driver/Src/stm32h5xx_hal_dma_ex.o
LOAD ./Drivers/STM32H5xx_HAL_Driver/Src/stm32h5xx_hal_exti.o
LOAD ./Drivers/STM32H5xx_HAL_Driver/Src/stm32h5xx_hal_flash.o
LOAD ./Drivers/STM32H5xx_HAL_Driver/Src/stm32h5xx_hal_flash_ex.o
LOAD ./Drivers/STM32H5xx_HAL_Driver/Src/stm32h5xx_hal_gpio.o
LOAD ./Drivers/STM32H5xx_HAL_Driver/Src/stm32h5xx_hal_i2c.o
LOAD ./Drivers/STM32H5xx_HAL_Driver/Src/stm32h5xx_hal_i2c_ex.o
LOAD ./Drivers/STM32H5xx_HAL_Driver/Src/stm32h5xx_hal_icache.o
LOAD ./Drivers/STM32H5xx_HAL_Driver/Src/stm32h5xx_hal_mmc.o
LOAD ./Drivers/STM32H5xx_HAL_Driver/Src/stm32h5xx_hal_mmc_ex.o
LOAD ./Drivers/STM32H5xx_HAL_Driver/Src/stm32h5xx_hal_pcd.o
LOAD ./Drivers/STM32H5xx_HAL_Driver/Src/stm32h5xx_hal_pcd_ex.o
LOAD ./Drivers/STM32H5xx_HAL_Driver/Src/stm32h5xx_hal_pwr.o
LOAD ./Drivers/STM32H5xx_HAL_Driver/Src/stm32h5xx_hal_pwr_ex.o
LOAD ./Drivers/STM32H5xx_HAL_Driver/Src/stm32h5xx_hal_rcc.o
LOAD ./Drivers/STM32H5xx_HAL_Driver/Src/stm32h5xx_hal_rcc_ex.o
LOAD ./Drivers/STM32H5xx_HAL_Driver/Src/stm32h5xx_hal_sd.o
LOAD ./Drivers/STM32H5xx_HAL_Driver/Src/stm32h5xx_hal_sd_ex.o
LOAD ./Drivers/STM32H5xx_HAL_Driver/Src/stm32h5xx_hal_sdio.o
LOAD ./Drivers/STM32H5xx_HAL_Driver/Src/stm32h5xx_hal_tim.o
LOAD ./Drivers/STM32H5xx_HAL_Driver/Src/stm32h5xx_hal_tim_ex.o
LOAD ./Drivers/STM32H5xx_HAL_Driver/Src/stm32h5xx_ll_dlyb.o
LOAD ./Drivers/STM32H5xx_HAL_Driver/Src/stm32h5xx_ll_sdmmc.o
LOAD ./Drivers/STM32H5xx_HAL_Driver/Src/stm32h5xx_ll_usb.o
START GROUP
LOAD C:/ST/STM32CubeIDE_1.19.0/STM32CubeIDE/plugins/com.st.stm32cube.ide.mcu.externaltools.gnu-tools-for-stm32.13.3.rel1.win32_1.0.0.202411081344/tools/bin/../lib/gcc/arm-none-eabi/13.3.1/../../../../arm-none-eabi/lib/thumb/v8-m.main+fp/hard\libc_nano.a
LOAD C:/ST/STM32CubeIDE_1.19.0/STM32CubeIDE/plugins/com.st.stm32cube.ide.mcu.externaltools.gnu-tools-for-stm32.13.3.rel1.win32_1.0.0.202411081344/tools/bin/../lib/gcc/arm-none-eabi/13.3.1/../../../../arm-none-eabi/lib/thumb/v8-m.main+fp/hard\libm.a
END GROUP
START GROUP
LOAD C:/ST/STM32CubeIDE_1.19.0/STM32CubeIDE/plugins/com.st.stm32cube.ide.mcu.externaltools.gnu-tools-for-stm32.13.3.rel1.win32_1.0.0.202411081344/tools/bin/../lib/gcc/arm-none-eabi/13.3.1/thumb/v8-m.main+fp/hard\libgcc.a
LOAD C:/ST/STM32CubeIDE_1.19.0/STM32CubeIDE/plugins/com.st.stm32cube.ide.mcu.externaltools.gnu-tools-for-stm32.13.3.rel1.win32_1.0.0.202411081344/tools/bin/../lib/gcc/arm-none-eabi/13.3.1/../../../../arm-none-eabi/lib/thumb/v8-m.main+fp/hard\libc_nano.a
END GROUP
START GROUP
LOAD C:/ST/STM32CubeIDE_1.19.0/STM32CubeIDE/plugins/com.st.stm32cube.ide.mcu.externaltools.gnu-tools-for-stm32.13.3.rel1.win32_1.0.0.202411081344/tools/bin/../lib/gcc/arm-none-eabi/13.3.1/thumb/v8-m.main+fp/hard\libgcc.a
LOAD C:/ST/STM32CubeIDE_1.19.0/STM32CubeIDE/plugins/com.st.stm32cube.ide.mcu.externaltools.gnu-tools-for-stm32.13.3.rel1.win32_1.0.0.202411081344/tools/bin/../lib/gcc/arm-none-eabi/13.3.1/../../../../arm-none-eabi/lib/thumb/v8-m.main+fp/hard\libc_nano.a
LOAD C:/ST/STM32CubeIDE_1.19.0/STM32CubeIDE/plugins/com.st.stm32cube.ide.mcu.externaltools.gnu-tools-for-stm32.13.3.rel1.win32_1.0.0.202411081344/tools/bin/../lib/gcc/arm-none-eabi/13.3.1/../../../../arm-none-eabi/lib/thumb/v8-m.main+fp/hard\libnosys.a
END GROUP
START GROUP
LOAD C:/ST/STM32CubeIDE_1.19.0/STM32CubeIDE/plugins/com.st.stm32cube.ide.mcu.externaltools.gnu-tools-for-stm32.13.3.rel1.win32_1.0.0.202411081344/tools/bin/../lib/gcc/arm-none-eabi/13.3.1/thumb/v8-m.main+fp/hard\libgcc.a
LOAD C:/ST/STM32CubeIDE_1.19.0/STM32CubeIDE/plugins/com.st.stm32cube.ide.mcu.externaltools.gnu-tools-for-stm32.13.3.rel1.win32_1.0.0.202411081344/tools/bin/../lib/gcc/arm-none-eabi/13.3.1/../../../../arm-none-eabi/lib/thumb/v8-m.main+fp/hard\libc_nano.a
LOAD C:/ST/STM32CubeIDE_1.19.0/STM32CubeIDE/plugins/com.st.stm32cube.ide.mcu.externaltools.gnu-tools-for-stm32.13.3.rel1.win32_1.0.0.202411081344/tools/bin/../lib/gcc/arm-none-eabi/13.3.1/../../../../arm-none-eabi/lib/thumb/v8-m.main+fp/hard\libnosys.a
END GROUP
LOAD C:/ST/STM32CubeIDE_1.19.0/STM32CubeIDE/plugins/com.st.stm32cube.ide.mcu.externaltools.gnu-tools-for-stm32.13.3.rel1.win32_1.0.0.202411081344/tools/bin/../lib/gcc/arm-none-eabi/13.3.1/thumb/v8-m.main+fp/hard/crtend.o
LOAD C:/ST/STM32CubeIDE_1.19.0/STM32CubeIDE/plugins/com.st.stm32cube.ide.mcu.externaltools.gnu-tools-for-stm32.13.3.rel1.win32_1.0.0.202411081344/tools/bin/../lib/gcc/arm-none-eabi/13.3.1/thumb/v8-m.main+fp/hard/crtn.o
                0x200a0000                        _estack = (ORIGIN (RAM) + LENGTH (RAM))
                0x00000200                        _Min_Heap_Size = 0x200
                0x00000400                        _Min_Stack_Size = 0x400

.isr_vector     0x08000000      0x24c
                0x08000000                        . = ALIGN (0x4)
 *(.isr_vector)
 .isr_vector    0x08000000      0x24c ./Core/Startup/startup_stm32h562rgtx.o
                0x08000000                g_pfnVectors
                0x0800024c                        . = ALIGN (0x4)

.text           0x0800024c     0xcf2c
                0x0800024c                        . = ALIGN (0x4)
 *(.text)
 .text          0x0800024c       0x40 C:/ST/STM32CubeIDE_1.19.0/STM32CubeIDE/plugins/com.st.stm32cube.ide.mcu.externaltools.gnu-tools-for-stm32.13.3.rel1.win32_1.0.0.202411081344/tools/bin/../lib/gcc/arm-none-eabi/13.3.1/thumb/v8-m.main+fp/hard/crtbegin.o
 .text          0x0800028c       0x14 C:/ST/STM32CubeIDE_1.19.0/STM32CubeIDE/plugins/com.st.stm32cube.ide.mcu.externaltools.gnu-tools-for-stm32.13.3.rel1.win32_1.0.0.202411081344/tools/bin/../lib/gcc/arm-none-eabi/13.3.1/../../../../arm-none-eabi/lib/thumb/v8-m.main+fp/hard\libc_nano.a(libc_a-strcmp.o)
                0x0800028c                strcmp
 *(.text*)
 .text.getBoolean
                0x080002a0       0x58 ./Core/Src/API.o
                0x080002a0                getBoolean
 .text.getAck   0x080002f8       0x58 ./Core/Src/API.o
                0x080002f8                getAck
 .text.API_wallFront
                0x08000350       0x14 ./Core/Src/API.o
                0x08000350                API_wallFront
 .text.API_wallRight
                0x08000364       0x14 ./Core/Src/API.o
                0x08000364                API_wallRight
 .text.API_wallLeft
                0x08000378       0x14 ./Core/Src/API.o
                0x08000378                API_wallLeft
 .text.API_moveForward
                0x0800038c       0x14 ./Core/Src/API.o
                0x0800038c                API_moveForward
 .text.API_turnRight
                0x080003a0       0x14 ./Core/Src/API.o
                0x080003a0                API_turnRight
 .text.API_turnLeft
                0x080003b4       0x14 ./Core/Src/API.o
                0x080003b4                API_turnLeft
 .text.API_setWall
                0x080003c8       0x38 ./Core/Src/API.o
                0x080003c8                API_setWall
 .text.API_setColor
                0x08000400       0x38 ./Core/Src/API.o
                0x08000400                API_setColor
 .text.API_clearAllColor
                0x08000438       0x24 ./Core/Src/API.o
                0x08000438                API_clearAllColor
 .text.API_setText
                0x0800045c       0x34 ./Core/Src/API.o
                0x0800045c                API_setText
 .text.API_ackReset
                0x08000490       0x14 ./Core/Src/API.o
                0x08000490                API_ackReset
 .text.debug_log
                0x080004a4       0x34 ./Core/Src/API.o
                0x080004a4                debug_log
 .text.main     0x080004d8       0x48 ./Core/Src/main.o
                0x080004d8                main
 .text.SystemClock_Config
                0x08000520       0xe8 ./Core/Src/main.o
                0x08000520                SystemClock_Config
 .text.MX_I2C1_Init
                0x08000608       0x80 ./Core/Src/main.o
 .text.MX_I2C2_Init
                0x08000688       0x80 ./Core/Src/main.o
 .text.MX_ICACHE_Init
                0x08000708       0x26 ./Core/Src/main.o
 *fill*         0x0800072e        0x2 
 .text.MX_SDMMC1_SD_Init
                0x08000730       0x48 ./Core/Src/main.o
 .text.MX_TIM2_Init
                0x08000778      0x104 ./Core/Src/main.o
 .text.MX_USB_PCD_Init
                0x0800087c       0x64 ./Core/Src/main.o
 .text.MX_GPIO_Init
                0x080008e0      0x1a0 ./Core/Src/main.o
 .text.Error_Handler
                0x08000a80        0xc ./Core/Src/main.o
                0x08000a80                Error_Handler
 .text.queue_create
                0x08000a8c       0x50 ./Core/Src/queues.o
                0x08000a8c                queue_create
 .text.queue_push
                0x08000adc       0x90 ./Core/Src/queues.o
                0x08000adc                queue_push
 .text.queue_pop
                0x08000b6c       0x90 ./Core/Src/queues.o
                0x08000b6c                queue_pop
 .text.queue_is_empty
                0x08000bfc       0x40 ./Core/Src/queues.o
                0x08000bfc                queue_is_empty
 .text.checkTravelArray
                0x08000c3c       0x2c ./Core/Src/solver.o
                0x08000c3c                checkTravelArray
 .text.updateTravelArray
                0x08000c68       0x2c ./Core/Src/solver.o
                0x08000c68                updateTravelArray
 .text.updateFloodArray
                0x08000c94       0x30 ./Core/Src/solver.o
                0x08000c94                updateFloodArray
 .text.getFloodArray
                0x08000cc4       0x2c ./Core/Src/solver.o
                0x08000cc4                getFloodArray
 .text.updatePathArray
                0x08000cf0       0x34 ./Core/Src/solver.o
                0x08000cf0                updatePathArray
 .text.getPathArray
                0x08000d24       0x2c ./Core/Src/solver.o
                0x08000d24                getPathArray
 .text.resetFloodArray
                0x08000d50       0x94 ./Core/Src/solver.o
                0x08000d50                resetFloodArray
 .text.checkWall
                0x08000de4       0x8c ./Core/Src/solver.o
                0x08000de4                checkWall
 .text.incrementCoord
                0x08000e70       0x98 ./Core/Src/solver.o
                0x08000e70                incrementCoord
 .text.turnLeft
                0x08000f08       0x2c ./Core/Src/solver.o
                0x08000f08                turnLeft
 .text.turnRight
                0x08000f34       0x2c ./Core/Src/solver.o
                0x08000f34                turnRight
 .text.mouseInGoal
                0x08000f60       0x48 ./Core/Src/solver.o
                0x08000f60                mouseInGoal
 .text.getNeighbor
                0x08000fa8       0xb4 ./Core/Src/solver.o
                0x08000fa8                getNeighbor
 .text.generateNeighbor
                0x0800105c       0xf6 ./Core/Src/solver.o
                0x0800105c                generateNeighbor
 *fill*         0x08001152        0x2 
 .text.floodFill
                0x08001154      0x200 ./Core/Src/solver.o
                0x08001154                floodFill
 .text.placeWall
                0x08001354       0xc0 ./Core/Src/solver.o
                0x08001354                placeWall
 .text.generateInitialWalls
                0x08001414       0x8a ./Core/Src/solver.o
                0x08001414                generateInitialWalls
 *fill*         0x0800149e        0x2 
 .text.updateWalls
                0x080014a0       0x7c ./Core/Src/solver.o
                0x080014a0                updateWalls
 .text.nextAction
                0x0800151c      0x16c ./Core/Src/solver.o
                0x0800151c                nextAction
 .text.checkDestination
                0x08001688       0x70 ./Core/Src/solver.o
                0x08001688                checkDestination
 .text.highlightPath
                0x080016f8      0x13c ./Core/Src/solver.o
                0x080016f8                highlightPath
 .text.solver   0x08001834       0x24 ./Core/Src/solver.o
                0x08001834                solver
 .text.HAL_MspInit
                0x08001858        0xe ./Core/Src/stm32h5xx_hal_msp.o
                0x08001858                HAL_MspInit
 *fill*         0x08001866        0x2 
 .text.HAL_I2C_MspInit
                0x08001868      0x1f4 ./Core/Src/stm32h5xx_hal_msp.o
                0x08001868                HAL_I2C_MspInit
 .text.HAL_SD_MspInit
                0x08001a5c      0x17c ./Core/Src/stm32h5xx_hal_msp.o
                0x08001a5c                HAL_SD_MspInit
 .text.HAL_TIM_Base_MspInit
                0x08001bd8       0x40 ./Core/Src/stm32h5xx_hal_msp.o
                0x08001bd8                HAL_TIM_Base_MspInit
 .text.HAL_TIM_MspPostInit
                0x08001c18       0xb4 ./Core/Src/stm32h5xx_hal_msp.o
                0x08001c18                HAL_TIM_MspPostInit
 .text.HAL_PCD_MspInit
                0x08001ccc       0xb4 ./Core/Src/stm32h5xx_hal_msp.o
                0x08001ccc                HAL_PCD_MspInit
 .text.NMI_Handler
                0x08001d80        0x8 ./Core/Src/stm32h5xx_it.o
                0x08001d80                NMI_Handler
 .text.HardFault_Handler
                0x08001d88        0x8 ./Core/Src/stm32h5xx_it.o
                0x08001d88                HardFault_Handler
 .text.MemManage_Handler
                0x08001d90        0x8 ./Core/Src/stm32h5xx_it.o
                0x08001d90                MemManage_Handler
 .text.BusFault_Handler
                0x08001d98        0x8 ./Core/Src/stm32h5xx_it.o
                0x08001d98                BusFault_Handler
 .text.UsageFault_Handler
                0x08001da0        0x8 ./Core/Src/stm32h5xx_it.o
                0x08001da0                UsageFault_Handler
 .text.SVC_Handler
                0x08001da8        0xe ./Core/Src/stm32h5xx_it.o
                0x08001da8                SVC_Handler
 .text.DebugMon_Handler
                0x08001db6        0xe ./Core/Src/stm32h5xx_it.o
                0x08001db6                DebugMon_Handler
 .text.PendSV_Handler
                0x08001dc4        0xe ./Core/Src/stm32h5xx_it.o
                0x08001dc4                PendSV_Handler
 .text.SysTick_Handler
                0x08001dd2        0xc ./Core/Src/stm32h5xx_it.o
                0x08001dd2                SysTick_Handler
 .text._getpid  0x08001dde       0x10 ./Core/Src/syscalls.o
                0x08001dde                _getpid
 .text._kill    0x08001dee       0x20 ./Core/Src/syscalls.o
                0x08001dee                _kill
 .text._exit    0x08001e0e       0x16 ./Core/Src/syscalls.o
                0x08001e0e                _exit
 .text._read    0x08001e24       0x3a ./Core/Src/syscalls.o
                0x08001e24                _read
 .text._write   0x08001e5e       0x38 ./Core/Src/syscalls.o
                0x08001e5e                _write
 .text._close   0x08001e96       0x18 ./Core/Src/syscalls.o
                0x08001e96                _close
 .text._fstat   0x08001eae       0x20 ./Core/Src/syscalls.o
                0x08001eae                _fstat
 .text._isatty  0x08001ece       0x16 ./Core/Src/syscalls.o
                0x08001ece                _isatty
 .text._lseek   0x08001ee4       0x1a ./Core/Src/syscalls.o
                0x08001ee4                _lseek
 *fill*         0x08001efe        0x2 
 .text._sbrk    0x08001f00       0x6c ./Core/Src/sysmem.o
                0x08001f00                _sbrk
 .text.SystemInit
                0x08001f6c       0xf8 ./Core/Src/system_stm32h5xx.o
                0x08001f6c                SystemInit
 .text.Reset_Handler
                0x08002064       0x50 ./Core/Startup/startup_stm32h562rgtx.o
                0x08002064                Reset_Handler
 .text.Default_Handler
                0x080020b4        0x2 ./Core/Startup/startup_stm32h562rgtx.o
                0x080020b4                EXTI2_IRQHandler
                0x080020b4                TIM8_TRG_COM_IRQHandler
                0x080020b4                TIM8_CC_IRQHandler
                0x080020b4                EXTI5_IRQHandler
                0x080020b4                I3C1_ER_IRQHandler
                0x080020b4                UART8_IRQHandler
                0x080020b4                SPI4_IRQHandler
                0x080020b4                GPDMA2_Channel1_IRQHandler
                0x080020b4                FLASH_S_IRQHandler
                0x080020b4                EXTI13_IRQHandler
                0x080020b4                TIM1_CC_IRQHandler
                0x080020b4                GPDMA2_Channel3_IRQHandler
                0x080020b4                TAMP_IRQHandler
                0x080020b4                TIM6_IRQHandler
                0x080020b4                EXTI12_IRQHandler
                0x080020b4                CORDIC_IRQHandler
                0x080020b4                USB_DRD_FS_IRQHandler
                0x080020b4                EXTI3_IRQHandler
                0x080020b4                LPTIM4_IRQHandler
                0x080020b4                GPDMA1_Channel5_IRQHandler
                0x080020b4                EXTI8_IRQHandler
                0x080020b4                GPDMA2_Channel5_IRQHandler
                0x080020b4                LPTIM2_IRQHandler
                0x080020b4                I2C3_ER_IRQHandler
                0x080020b4                GPDMA2_Channel2_IRQHandler
                0x080020b4                USART10_IRQHandler
                0x080020b4                LPTIM3_IRQHandler
                0x080020b4                EXTI0_IRQHandler
                0x080020b4                I2C2_EV_IRQHandler
                0x080020b4                FPU_IRQHandler
                0x080020b4                GPDMA1_Channel3_IRQHandler
                0x080020b4                GPDMA1_Channel7_IRQHandler
                0x080020b4                FDCAN1_IT1_IRQHandler
                0x080020b4                RAMCFG_IRQHandler
                0x080020b4                DCACHE1_IRQHandler
                0x080020b4                SPI1_IRQHandler
                0x080020b4                OCTOSPI1_IRQHandler
                0x080020b4                GPDMA1_Channel2_IRQHandler
                0x080020b4                TIM8_UP_IRQHandler
                0x080020b4                RCC_S_IRQHandler
                0x080020b4                SAI2_IRQHandler
                0x080020b4                ADC1_IRQHandler
                0x080020b4                USART6_IRQHandler
                0x080020b4                EXTI15_IRQHandler
                0x080020b4                TIM17_IRQHandler
                0x080020b4                USART3_IRQHandler
                0x080020b4                RTC_IRQHandler
                0x080020b4                EXTI9_IRQHandler
                0x080020b4                LPTIM5_IRQHandler
                0x080020b4                UART5_IRQHandler
                0x080020b4                TIM4_IRQHandler
                0x080020b4                I2C1_EV_IRQHandler
                0x080020b4                GPDMA1_Channel1_IRQHandler
                0x080020b4                TIM16_IRQHandler
                0x080020b4                UART4_IRQHandler
                0x080020b4                SecureFault_Handler
                0x080020b4                TIM3_IRQHandler
                0x080020b4                RCC_IRQHandler
                0x080020b4                UART9_IRQHandler
                0x080020b4                TIM1_TRG_COM_IRQHandler
                0x080020b4                Default_Handler
                0x080020b4                FMAC_IRQHandler
                0x080020b4                CEC_IRQHandler
                0x080020b4                USART11_IRQHandler
                0x080020b4                TIM14_IRQHandler
                0x080020b4                TIM13_IRQHandler
                0x080020b4                GPDMA2_Channel4_IRQHandler
                0x080020b4                SPI5_IRQHandler
                0x080020b4                TIM12_IRQHandler
                0x080020b4                TIM7_IRQHandler
                0x080020b4                SDMMC1_IRQHandler
                0x080020b4                TIM5_IRQHandler
                0x080020b4                UCPD1_IRQHandler
                0x080020b4                GPDMA1_Channel0_IRQHandler
                0x080020b4                I3C1_EV_IRQHandler
                0x080020b4                TIM15_IRQHandler
                0x080020b4                PVD_AVD_IRQHandler
                0x080020b4                I2C3_EV_IRQHandler
                0x080020b4                ADC2_IRQHandler
                0x080020b4                SPI2_IRQHandler
                0x080020b4                EXTI14_IRQHandler
                0x080020b4                EXTI11_IRQHandler
                0x080020b4                CRS_IRQHandler
                0x080020b4                EXTI4_IRQHandler
                0x080020b4                GPDMA2_Channel0_IRQHandler
                0x080020b4                RTC_S_IRQHandler
                0x080020b4                RNG_IRQHandler
                0x080020b4                GPDMA2_Channel6_IRQHandler
                0x080020b4                TIM1_UP_IRQHandler
                0x080020b4                UART12_IRQHandler
                0x080020b4                WWDG_IRQHandler
                0x080020b4                SPI6_IRQHandler
                0x080020b4                I2C4_EV_IRQHandler
                0x080020b4                IWDG_IRQHandler
                0x080020b4                LPUART1_IRQHandler
                0x080020b4                FDCAN1_IT0_IRQHandler
                0x080020b4                TIM2_IRQHandler
                0x080020b4                GPDMA1_Channel4_IRQHandler
                0x080020b4                EXTI7_IRQHandler
                0x080020b4                TIM1_BRK_IRQHandler
                0x080020b4                EXTI1_IRQHandler
                0x080020b4                LPTIM6_IRQHandler
                0x080020b4                DAC1_IRQHandler
                0x080020b4                DTS_IRQHandler
                0x080020b4                UART7_IRQHandler
                0x080020b4                GTZC_IRQHandler
                0x080020b4                USART2_IRQHandler
                0x080020b4                GPDMA1_Channel6_IRQHandler
                0x080020b4                GPDMA2_Channel7_IRQHandler
                0x080020b4                I2C2_ER_IRQHandler
                0x080020b4                TIM8_BRK_IRQHandler
                0x080020b4                FLASH_IRQHandler
                0x080020b4                USART1_IRQHandler
                0x080020b4                EXTI10_IRQHandler
                0x080020b4                SPI3_IRQHandler
                0x080020b4                I2C1_ER_IRQHandler
                0x080020b4                FMC_IRQHandler
                0x080020b4                EXTI6_IRQHandler
                0x080020b4                LPTIM1_IRQHandler
                0x080020b4                DCMI_PSSI_IRQHandler
                0x080020b4                I2C4_ER_IRQHandler
                0x080020b4                ICACHE_IRQHandler
                0x080020b4                SAI1_IRQHandler
                0x080020b4                HASH_IRQHandler
 *fill*         0x080020b6        0x2 
 .text.HAL_Init
                0x080020b8       0x50 ./Drivers/STM32H5xx_HAL_Driver/Src/stm32h5xx_hal.o
                0x080020b8                HAL_Init
 .text.HAL_InitTick
                0x08002108       0xec ./Drivers/STM32H5xx_HAL_Driver/Src/stm32h5xx_hal.o
                0x08002108                HAL_InitTick
 .text.HAL_IncTick
                0x080021f4       0x28 ./Drivers/STM32H5xx_HAL_Driver/Src/stm32h5xx_hal.o
                0x080021f4                HAL_IncTick
 .text.HAL_GetTick
                0x0800221c       0x18 ./Drivers/STM32H5xx_HAL_Driver/Src/stm32h5xx_hal.o
                0x0800221c                HAL_GetTick
 .text.HAL_Delay
                0x08002234       0x48 ./Drivers/STM32H5xx_HAL_Driver/Src/stm32h5xx_hal.o
                0x08002234                HAL_Delay
 .text.__NVIC_SetPriorityGrouping
                0x0800227c       0x48 ./Drivers/STM32H5xx_HAL_Driver/Src/stm32h5xx_hal_cortex.o
 .text.__NVIC_GetPriorityGrouping
                0x080022c4       0x1c ./Drivers/STM32H5xx_HAL_Driver/Src/stm32h5xx_hal_cortex.o
 .text.__NVIC_SetPriority
                0x080022e0       0x54 ./Drivers/STM32H5xx_HAL_Driver/Src/stm32h5xx_hal_cortex.o
 .text.NVIC_EncodePriority
                0x08002334       0x66 ./Drivers/STM32H5xx_HAL_Driver/Src/stm32h5xx_hal_cortex.o
 .text.HAL_NVIC_SetPriorityGrouping
                0x0800239a       0x16 ./Drivers/STM32H5xx_HAL_Driver/Src/stm32h5xx_hal_cortex.o
                0x0800239a                HAL_NVIC_SetPriorityGrouping
 .text.HAL_NVIC_SetPriority
                0x080023b0       0x34 ./Drivers/STM32H5xx_HAL_Driver/Src/stm32h5xx_hal_cortex.o
                0x080023b0                HAL_NVIC_SetPriority
 .text.HAL_SYSTICK_Config
                0x080023e4       0x44 ./Drivers/STM32H5xx_HAL_Driver/Src/stm32h5xx_hal_cortex.o
                0x080023e4                HAL_SYSTICK_Config
 .text.HAL_SYSTICK_CLKSourceConfig
                0x08002428       0xb0 ./Drivers/STM32H5xx_HAL_Driver/Src/stm32h5xx_hal_cortex.o
                0x08002428                HAL_SYSTICK_CLKSourceConfig
 .text.HAL_SYSTICK_GetCLKSourceConfig
                0x080024d8       0x6c ./Drivers/STM32H5xx_HAL_Driver/Src/stm32h5xx_hal_cortex.o
                0x080024d8                HAL_SYSTICK_GetCLKSourceConfig
 .text.HAL_GPIO_Init
                0x08002544      0x2bc ./Drivers/STM32H5xx_HAL_Driver/Src/stm32h5xx_hal_gpio.o
                0x08002544                HAL_GPIO_Init
 .text.HAL_GPIO_WritePin
                0x08002800       0x30 ./Drivers/STM32H5xx_HAL_Driver/Src/stm32h5xx_hal_gpio.o
                0x08002800                HAL_GPIO_WritePin
 .text.HAL_I2C_Init
                0x08002830      0x136 ./Drivers/STM32H5xx_HAL_Driver/Src/stm32h5xx_hal_i2c.o
                0x08002830                HAL_I2C_Init
 .text.HAL_I2CEx_ConfigAnalogFilter
                0x08002966       0x96 ./Drivers/STM32H5xx_HAL_Driver/Src/stm32h5xx_hal_i2c_ex.o
                0x08002966                HAL_I2CEx_ConfigAnalogFilter
 .text.HAL_I2CEx_ConfigDigitalFilter
                0x080029fc       0x98 ./Drivers/STM32H5xx_HAL_Driver/Src/stm32h5xx_hal_i2c_ex.o
                0x080029fc                HAL_I2CEx_ConfigDigitalFilter
 .text.HAL_ICACHE_ConfigAssociativityMode
                0x08002a94       0x40 ./Drivers/STM32H5xx_HAL_Driver/Src/stm32h5xx_hal_icache.o
                0x08002a94                HAL_ICACHE_ConfigAssociativityMode
 .text.HAL_ICACHE_Enable
                0x08002ad4       0x20 ./Drivers/STM32H5xx_HAL_Driver/Src/stm32h5xx_hal_icache.o
                0x08002ad4                HAL_ICACHE_Enable
 .text.HAL_PCD_Init
                0x08002af4      0x202 ./Drivers/STM32H5xx_HAL_Driver/Src/stm32h5xx_hal_pcd.o
                0x08002af4                HAL_PCD_Init
 .text.HAL_PCDEx_ActivateLPM
                0x08002cf6       0x44 ./Drivers/STM32H5xx_HAL_Driver/Src/stm32h5xx_hal_pcd_ex.o
                0x08002cf6                HAL_PCDEx_ActivateLPM
 *fill*         0x08002d3a        0x2 
 .text.HAL_PWREx_EnableVddUSB
                0x08002d3c       0x20 ./Drivers/STM32H5xx_HAL_Driver/Src/stm32h5xx_hal_pwr_ex.o
                0x08002d3c                HAL_PWREx_EnableVddUSB
 .text.HAL_RCC_OscConfig
                0x08002d5c      0x870 ./Drivers/STM32H5xx_HAL_Driver/Src/stm32h5xx_hal_rcc.o
                0x08002d5c                HAL_RCC_OscConfig
 .text.HAL_RCC_ClockConfig
                0x080035cc      0x370 ./Drivers/STM32H5xx_HAL_Driver/Src/stm32h5xx_hal_rcc.o
                0x080035cc                HAL_RCC_ClockConfig
 .text.HAL_RCC_GetSysClockFreq
                0x0800393c      0x258 ./Drivers/STM32H5xx_HAL_Driver/Src/stm32h5xx_hal_rcc.o
                0x0800393c                HAL_RCC_GetSysClockFreq
 .text.HAL_RCC_GetHCLKFreq
                0x08003b94       0x38 ./Drivers/STM32H5xx_HAL_Driver/Src/stm32h5xx_hal_rcc.o
                0x08003b94                HAL_RCC_GetHCLKFreq
 .text.HAL_RCC_GetPCLK1Freq
                0x08003bcc       0x2c ./Drivers/STM32H5xx_HAL_Driver/Src/stm32h5xx_hal_rcc.o
                0x08003bcc                HAL_RCC_GetPCLK1Freq
 .text.HAL_RCC_GetPCLK2Freq
                0x08003bf8       0x2c ./Drivers/STM32H5xx_HAL_Driver/Src/stm32h5xx_hal_rcc.o
                0x08003bf8                HAL_RCC_GetPCLK2Freq
 .text.HAL_RCC_GetPCLK3Freq
                0x08003c24       0x2c ./Drivers/STM32H5xx_HAL_Driver/Src/stm32h5xx_hal_rcc.o
                0x08003c24                HAL_RCC_GetPCLK3Freq
 .text.HAL_RCCEx_PeriphCLKConfig
                0x08003c50     0x1e8c ./Drivers/STM32H5xx_HAL_Driver/Src/stm32h5xx_hal_rcc_ex.o
                0x08003c50                HAL_RCCEx_PeriphCLKConfig
 .text.HAL_RCCEx_GetPLL1ClockFreq
                0x08005adc      0x2d8 ./Drivers/STM32H5xx_HAL_Driver/Src/stm32h5xx_hal_rcc_ex.o
                0x08005adc                HAL_RCCEx_GetPLL1ClockFreq
 .text.HAL_RCCEx_GetPLL2ClockFreq
                0x08005db4      0x2d8 ./Drivers/STM32H5xx_HAL_Driver/Src/stm32h5xx_hal_rcc_ex.o
                0x08005db4                HAL_RCCEx_GetPLL2ClockFreq
 .text.HAL_RCCEx_GetPLL3ClockFreq
                0x0800608c      0x2d8 ./Drivers/STM32H5xx_HAL_Driver/Src/stm32h5xx_hal_rcc_ex.o
                0x0800608c                HAL_RCCEx_GetPLL3ClockFreq
 .text.HAL_RCCEx_GetPeriphCLKFreq
                0x08006364     0x264c ./Drivers/STM32H5xx_HAL_Driver/Src/stm32h5xx_hal_rcc_ex.o
                0x08006364                HAL_RCCEx_GetPeriphCLKFreq
 .text.RCCEx_PLL2_Config
                0x080089b0      0x130 ./Drivers/STM32H5xx_HAL_Driver/Src/stm32h5xx_hal_rcc_ex.o
 .text.RCCEx_PLL3_Config
                0x08008ae0      0x130 ./Drivers/STM32H5xx_HAL_Driver/Src/stm32h5xx_hal_rcc_ex.o
 .text.HAL_SD_Init
                0x08008c10      0x106 ./Drivers/STM32H5xx_HAL_Driver/Src/stm32h5xx_hal_sd.o
                0x08008c10                HAL_SD_Init
 *fill*         0x08008d16        0x2 
 .text.HAL_SD_InitCard
                0x08008d18      0x148 ./Drivers/STM32H5xx_HAL_Driver/Src/stm32h5xx_hal_sd.o
                0x08008d18                HAL_SD_InitCard
 .text.HAL_SD_GetCardCSD
                0x08008e60      0x348 ./Drivers/STM32H5xx_HAL_Driver/Src/stm32h5xx_hal_sd.o
                0x08008e60                HAL_SD_GetCardCSD
 .text.HAL_SD_GetCardStatus
                0x080091a8      0x17c ./Drivers/STM32H5xx_HAL_Driver/Src/stm32h5xx_hal_sd.o
                0x080091a8                HAL_SD_GetCardStatus
 .text.HAL_SD_ConfigWideBusOperation
                0x08009324      0x238 ./Drivers/STM32H5xx_HAL_Driver/Src/stm32h5xx_hal_sd.o
                0x08009324                HAL_SD_ConfigWideBusOperation
 .text.HAL_SD_GetCardState
                0x0800955c       0x40 ./Drivers/STM32H5xx_HAL_Driver/Src/stm32h5xx_hal_sd.o
                0x0800955c                HAL_SD_GetCardState
 .text.SD_InitCard
                0x0800959c      0x19c ./Drivers/STM32H5xx_HAL_Driver/Src/stm32h5xx_hal_sd.o
 .text.SD_PowerON
                0x08009738      0x11c ./Drivers/STM32H5xx_HAL_Driver/Src/stm32h5xx_hal_sd.o
 .text.SD_SendSDStatus
                0x08009854      0x1a0 ./Drivers/STM32H5xx_HAL_Driver/Src/stm32h5xx_hal_sd.o
 .text.SD_SendStatus
                0x080099f4       0x50 ./Drivers/STM32H5xx_HAL_Driver/Src/stm32h5xx_hal_sd.o
 .text.SD_WideBus_Enable
                0x08009a44       0x96 ./Drivers/STM32H5xx_HAL_Driver/Src/stm32h5xx_hal_sd.o
 .text.SD_WideBus_Disable
                0x08009ada       0x96 ./Drivers/STM32H5xx_HAL_Driver/Src/stm32h5xx_hal_sd.o
 .text.SD_FindSCR
                0x08009b70      0x1a0 ./Drivers/STM32H5xx_HAL_Driver/Src/stm32h5xx_hal_sd.o
 .text.HAL_TIM_Base_Init
                0x08009d10       0xae ./Drivers/STM32H5xx_HAL_Driver/Src/stm32h5xx_hal_tim.o
                0x08009d10                HAL_TIM_Base_Init
 .text.HAL_TIM_PWM_Init
                0x08009dbe       0xae ./Drivers/STM32H5xx_HAL_Driver/Src/stm32h5xx_hal_tim.o
                0x08009dbe                HAL_TIM_PWM_Init
 .text.HAL_TIM_PWM_MspInit
                0x08009e6c       0x14 ./Drivers/STM32H5xx_HAL_Driver/Src/stm32h5xx_hal_tim.o
                0x08009e6c                HAL_TIM_PWM_MspInit
 .text.HAL_TIM_PWM_ConfigChannel
                0x08009e80      0x228 ./Drivers/STM32H5xx_HAL_Driver/Src/stm32h5xx_hal_tim.o
                0x08009e80                HAL_TIM_PWM_ConfigChannel
 .text.HAL_TIM_ConfigClockSource
                0x0800a0a8      0x23c ./Drivers/STM32H5xx_HAL_Driver/Src/stm32h5xx_hal_tim.o
                0x0800a0a8                HAL_TIM_ConfigClockSource
 .text.TIM_Base_SetConfig
                0x0800a2e4      0x254 ./Drivers/STM32H5xx_HAL_Driver/Src/stm32h5xx_hal_tim.o
                0x0800a2e4                TIM_Base_SetConfig
 .text.TIM_OC1_SetConfig
                0x0800a538      0x184 ./Drivers/STM32H5xx_HAL_Driver/Src/stm32h5xx_hal_tim.o
 .text.TIM_OC2_SetConfig
                0x0800a6bc      0x160 ./Drivers/STM32H5xx_HAL_Driver/Src/stm32h5xx_hal_tim.o
                0x0800a6bc                TIM_OC2_SetConfig
 .text.TIM_OC3_SetConfig
                0x0800a81c      0x15c ./Drivers/STM32H5xx_HAL_Driver/Src/stm32h5xx_hal_tim.o
 .text.TIM_OC4_SetConfig
                0x0800a978      0x160 ./Drivers/STM32H5xx_HAL_Driver/Src/stm32h5xx_hal_tim.o
 .text.TIM_OC5_SetConfig
                0x0800aad8      0x104 ./Drivers/STM32H5xx_HAL_Driver/Src/stm32h5xx_hal_tim.o
 .text.TIM_OC6_SetConfig
                0x0800abdc      0x108 ./Drivers/STM32H5xx_HAL_Driver/Src/stm32h5xx_hal_tim.o
 .text.TIM_TI1_ConfigInputStage
                0x0800ace4       0x5e ./Drivers/STM32H5xx_HAL_Driver/Src/stm32h5xx_hal_tim.o
 .text.TIM_TI2_ConfigInputStage
                0x0800ad42       0x60 ./Drivers/STM32H5xx_HAL_Driver/Src/stm32h5xx_hal_tim.o
 .text.TIM_ITRx_SetConfig
                0x0800ada2       0x3a ./Drivers/STM32H5xx_HAL_Driver/Src/stm32h5xx_hal_tim.o
 .text.TIM_ETR_SetConfig
                0x0800addc       0x40 ./Drivers/STM32H5xx_HAL_Driver/Src/stm32h5xx_hal_tim.o
                0x0800addc                TIM_ETR_SetConfig
 .text.HAL_TIMEx_MasterConfigSynchronization
                0x0800ae1c      0x1a0 ./Drivers/STM32H5xx_HAL_Driver/Src/stm32h5xx_hal_tim_ex.o
                0x0800ae1c                HAL_TIMEx_MasterConfigSynchronization
 .text.SDMMC_Init
                0x0800afbc       0x54 ./Drivers/STM32H5xx_HAL_Driver/Src/stm32h5xx_ll_sdmmc.o
                0x0800afbc                SDMMC_Init
 .text.SDMMC_ReadFIFO
                0x0800b010       0x1a ./Drivers/STM32H5xx_HAL_Driver/Src/stm32h5xx_ll_sdmmc.o
                0x0800b010                SDMMC_ReadFIFO
 .text.SDMMC_PowerState_ON
                0x0800b02a       0x22 ./Drivers/STM32H5xx_HAL_Driver/Src/stm32h5xx_ll_sdmmc.o
                0x0800b02a                SDMMC_PowerState_ON
 .text.SDMMC_GetPowerState
                0x0800b04c       0x1c ./Drivers/STM32H5xx_HAL_Driver/Src/stm32h5xx_ll_sdmmc.o
                0x0800b04c                SDMMC_GetPowerState
 .text.SDMMC_SendCommand
                0x0800b068       0x54 ./Drivers/STM32H5xx_HAL_Driver/Src/stm32h5xx_ll_sdmmc.o
                0x0800b068                SDMMC_SendCommand
 .text.SDMMC_GetCommandResponse
                0x0800b0bc       0x1a ./Drivers/STM32H5xx_HAL_Driver/Src/stm32h5xx_ll_sdmmc.o
                0x0800b0bc                SDMMC_GetCommandResponse
 .text.SDMMC_GetResponse
                0x0800b0d6       0x26 ./Drivers/STM32H5xx_HAL_Driver/Src/stm32h5xx_ll_sdmmc.o
                0x0800b0d6                SDMMC_GetResponse
 .text.SDMMC_ConfigData
                0x0800b0fc       0x58 ./Drivers/STM32H5xx_HAL_Driver/Src/stm32h5xx_ll_sdmmc.o
                0x0800b0fc                SDMMC_ConfigData
 .text.SDMMC_CmdBlockLength
                0x0800b154       0x46 ./Drivers/STM32H5xx_HAL_Driver/Src/stm32h5xx_ll_sdmmc.o
                0x0800b154                SDMMC_CmdBlockLength
 .text.SDMMC_CmdSelDesel
                0x0800b19a       0x46 ./Drivers/STM32H5xx_HAL_Driver/Src/stm32h5xx_ll_sdmmc.o
                0x0800b19a                SDMMC_CmdSelDesel
 .text.SDMMC_CmdGoIdleState
                0x0800b1e0       0x3c ./Drivers/STM32H5xx_HAL_Driver/Src/stm32h5xx_ll_sdmmc.o
                0x0800b1e0                SDMMC_CmdGoIdleState
 .text.SDMMC_CmdOperCond
                0x0800b21c       0x40 ./Drivers/STM32H5xx_HAL_Driver/Src/stm32h5xx_ll_sdmmc.o
                0x0800b21c                SDMMC_CmdOperCond
 .text.SDMMC_CmdAppCommand
                0x0800b25c       0x46 ./Drivers/STM32H5xx_HAL_Driver/Src/stm32h5xx_ll_sdmmc.o
                0x0800b25c                SDMMC_CmdAppCommand
 .text.SDMMC_CmdAppOperCommand
                0x0800b2a2       0x40 ./Drivers/STM32H5xx_HAL_Driver/Src/stm32h5xx_ll_sdmmc.o
                0x0800b2a2                SDMMC_CmdAppOperCommand
 .text.SDMMC_CmdBusWidth
                0x0800b2e2       0x46 ./Drivers/STM32H5xx_HAL_Driver/Src/stm32h5xx_ll_sdmmc.o
                0x0800b2e2                SDMMC_CmdBusWidth
 .text.SDMMC_CmdSendSCR
                0x0800b328       0x44 ./Drivers/STM32H5xx_HAL_Driver/Src/stm32h5xx_ll_sdmmc.o
                0x0800b328                SDMMC_CmdSendSCR
 .text.SDMMC_CmdSendCID
                0x0800b36c       0x3e ./Drivers/STM32H5xx_HAL_Driver/Src/stm32h5xx_ll_sdmmc.o
                0x0800b36c                SDMMC_CmdSendCID
 .text.SDMMC_CmdSendCSD
                0x0800b3aa       0x40 ./Drivers/STM32H5xx_HAL_Driver/Src/stm32h5xx_ll_sdmmc.o
                0x0800b3aa                SDMMC_CmdSendCSD
 .text.SDMMC_CmdSetRelAdd
                0x0800b3ea       0x44 ./Drivers/STM32H5xx_HAL_Driver/Src/stm32h5xx_ll_sdmmc.o
                0x0800b3ea                SDMMC_CmdSetRelAdd
 .text.SDMMC_CmdSendStatus
                0x0800b42e       0x46 ./Drivers/STM32H5xx_HAL_Driver/Src/stm32h5xx_ll_sdmmc.o
                0x0800b42e                SDMMC_CmdSendStatus
 .text.SDMMC_CmdStatusRegister
                0x0800b474       0x44 ./Drivers/STM32H5xx_HAL_Driver/Src/stm32h5xx_ll_sdmmc.o
                0x0800b474                SDMMC_CmdStatusRegister
 .text.SDMMC_GetCmdResp1
                0x0800b4b8      0x1e4 ./Drivers/STM32H5xx_HAL_Driver/Src/stm32h5xx_ll_sdmmc.o
                0x0800b4b8                SDMMC_GetCmdResp1
 .text.SDMMC_GetCmdResp2
                0x0800b69c       0x94 ./Drivers/STM32H5xx_HAL_Driver/Src/stm32h5xx_ll_sdmmc.o
                0x0800b69c                SDMMC_GetCmdResp2
 .text.SDMMC_GetCmdResp3
                0x0800b730       0x80 ./Drivers/STM32H5xx_HAL_Driver/Src/stm32h5xx_ll_sdmmc.o
                0x0800b730                SDMMC_GetCmdResp3
 .text.SDMMC_GetCmdResp6
                0x0800b7b0       0xf0 ./Drivers/STM32H5xx_HAL_Driver/Src/stm32h5xx_ll_sdmmc.o
                0x0800b7b0                SDMMC_GetCmdResp6
 .text.SDMMC_GetCmdResp7
                0x0800b8a0       0x9c ./Drivers/STM32H5xx_HAL_Driver/Src/stm32h5xx_ll_sdmmc.o
                0x0800b8a0                SDMMC_GetCmdResp7
 .text.SDMMC_GetCmdError
                0x0800b93c       0x5c ./Drivers/STM32H5xx_HAL_Driver/Src/stm32h5xx_ll_sdmmc.o
 .text.USB_CoreReset
                0x0800b998       0x2e ./Drivers/STM32H5xx_HAL_Driver/Src/stm32h5xx_ll_usb.o
 .text.USB_CoreInit
                0x0800b9c6       0x3c ./Drivers/STM32H5xx_HAL_Driver/Src/stm32h5xx_ll_usb.o
                0x0800b9c6                USB_CoreInit
 .text.USB_DisableGlobalInt
                0x0800ba02       0x2a ./Drivers/STM32H5xx_HAL_Driver/Src/stm32h5xx_ll_usb.o
                0x0800ba02                USB_DisableGlobalInt
 .text.USB_SetCurrentMode
                0x0800ba2c       0x46 ./Drivers/STM32H5xx_HAL_Driver/Src/stm32h5xx_ll_usb.o
                0x0800ba2c                USB_SetCurrentMode
 .text.USB_DevInit
                0x0800ba72       0x46 ./Drivers/STM32H5xx_HAL_Driver/Src/stm32h5xx_ll_usb.o
                0x0800ba72                USB_DevInit
 .text.USB_DevDisconnect
                0x0800bab8       0x22 ./Drivers/STM32H5xx_HAL_Driver/Src/stm32h5xx_ll_usb.o
                0x0800bab8                USB_DevDisconnect
 .text.abort    0x0800bada        0xe C:/ST/STM32CubeIDE_1.19.0/STM32CubeIDE/plugins/com.st.stm32cube.ide.mcu.externaltools.gnu-tools-for-stm32.13.3.rel1.win32_1.0.0.202411081344/tools/bin/../lib/gcc/arm-none-eabi/13.3.1/../../../../arm-none-eabi/lib/thumb/v8-m.main+fp/hard\libc_nano.a(libc_a-abort.o)
                0x0800bada                abort
 .text.malloc   0x0800bae8       0x10 C:/ST/STM32CubeIDE_1.19.0/STM32CubeIDE/plugins/com.st.stm32cube.ide.mcu.externaltools.gnu-tools-for-stm32.13.3.rel1.win32_1.0.0.202411081344/tools/bin/../lib/gcc/arm-none-eabi/13.3.1/../../../../arm-none-eabi/lib/thumb/v8-m.main+fp/hard\libc_nano.a(libc_a-malloc.o)
                0x0800bae8                malloc
 .text.free     0x0800baf8       0x10 C:/ST/STM32CubeIDE_1.19.0/STM32CubeIDE/plugins/com.st.stm32cube.ide.mcu.externaltools.gnu-tools-for-stm32.13.3.rel1.win32_1.0.0.202411081344/tools/bin/../lib/gcc/arm-none-eabi/13.3.1/../../../../arm-none-eabi/lib/thumb/v8-m.main+fp/hard\libc_nano.a(libc_a-malloc.o)
                0x0800baf8                free
 .text.sbrk_aligned
                0x0800bb08       0x44 C:/ST/STM32CubeIDE_1.19.0/STM32CubeIDE/plugins/com.st.stm32cube.ide.mcu.externaltools.gnu-tools-for-stm32.13.3.rel1.win32_1.0.0.202411081344/tools/bin/../lib/gcc/arm-none-eabi/13.3.1/../../../../arm-none-eabi/lib/thumb/v8-m.main+fp/hard\libc_nano.a(libc_a-mallocr.o)
 .text._malloc_r
                0x0800bb4c      0x100 C:/ST/STM32CubeIDE_1.19.0/STM32CubeIDE/plugins/com.st.stm32cube.ide.mcu.externaltools.gnu-tools-for-stm32.13.3.rel1.win32_1.0.0.202411081344/tools/bin/../lib/gcc/arm-none-eabi/13.3.1/../../../../arm-none-eabi/lib/thumb/v8-m.main+fp/hard\libc_nano.a(libc_a-mallocr.o)
                0x0800bb4c                _malloc_r
 .text.__malloc_lock
                0x0800bc4c        0xc C:/ST/STM32CubeIDE_1.19.0/STM32CubeIDE/plugins/com.st.stm32cube.ide.mcu.externaltools.gnu-tools-for-stm32.13.3.rel1.win32_1.0.0.202411081344/tools/bin/../lib/gcc/arm-none-eabi/13.3.1/../../../../arm-none-eabi/lib/thumb/v8-m.main+fp/hard\libc_nano.a(libc_a-mlock.o)
                0x0800bc4c                __malloc_lock
 .text.__malloc_unlock
                0x0800bc58        0xc C:/ST/STM32CubeIDE_1.19.0/STM32CubeIDE/plugins/com.st.stm32cube.ide.mcu.externaltools.gnu-tools-for-stm32.13.3.rel1.win32_1.0.0.202411081344/tools/bin/../lib/gcc/arm-none-eabi/13.3.1/../../../../arm-none-eabi/lib/thumb/v8-m.main+fp/hard\libc_nano.a(libc_a-mlock.o)
                0x0800bc58                __malloc_unlock
 .text.__sflush_r
                0x0800bc64      0x108 C:/ST/STM32CubeIDE_1.19.0/STM32CubeIDE/plugins/com.st.stm32cube.ide.mcu.externaltools.gnu-tools-for-stm32.13.3.rel1.win32_1.0.0.202411081344/tools/bin/../lib/gcc/arm-none-eabi/13.3.1/../../../../arm-none-eabi/lib/thumb/v8-m.main+fp/hard\libc_nano.a(libc_a-fflush.o)
                0x0800bc64                __sflush_r
 .text._fflush_r
                0x0800bd6c       0x50 C:/ST/STM32CubeIDE_1.19.0/STM32CubeIDE/plugins/com.st.stm32cube.ide.mcu.externaltools.gnu-tools-for-stm32.13.3.rel1.win32_1.0.0.202411081344/tools/bin/../lib/gcc/arm-none-eabi/13.3.1/../../../../arm-none-eabi/lib/thumb/v8-m.main+fp/hard\libc_nano.a(libc_a-fflush.o)
                0x0800bd6c                _fflush_r
 .text.fflush   0x0800bdbc       0x28 C:/ST/STM32CubeIDE_1.19.0/STM32CubeIDE/plugins/com.st.stm32cube.ide.mcu.externaltools.gnu-tools-for-stm32.13.3.rel1.win32_1.0.0.202411081344/tools/bin/../lib/gcc/arm-none-eabi/13.3.1/../../../../arm-none-eabi/lib/thumb/v8-m.main+fp/hard\libc_nano.a(libc_a-fflush.o)
                0x0800bdbc                fflush
 .text._fgets_r
                0x0800bde4       0xce C:/ST/STM32CubeIDE_1.19.0/STM32CubeIDE/plugins/com.st.stm32cube.ide.mcu.externaltools.gnu-tools-for-stm32.13.3.rel1.win32_1.0.0.202411081344/tools/bin/../lib/gcc/arm-none-eabi/13.3.1/../../../../arm-none-eabi/lib/thumb/v8-m.main+fp/hard\libc_nano.a(libc_a-fgets.o)
                0x0800bde4                _fgets_r
 *fill*         0x0800beb2        0x2 
 .text.fgets    0x0800beb4       0x14 C:/ST/STM32CubeIDE_1.19.0/STM32CubeIDE/plugins/com.st.stm32cube.ide.mcu.externaltools.gnu-tools-for-stm32.13.3.rel1.win32_1.0.0.202411081344/tools/bin/../lib/gcc/arm-none-eabi/13.3.1/../../../../arm-none-eabi/lib/thumb/v8-m.main+fp/hard\libc_nano.a(libc_a-fgets.o)
                0x0800beb4                fgets
 .text.std      0x0800bec8       0x6c C:/ST/STM32CubeIDE_1.19.0/STM32CubeIDE/plugins/com.st.stm32cube.ide.mcu.externaltools.gnu-tools-for-stm32.13.3.rel1.win32_1.0.0.202411081344/tools/bin/../lib/gcc/arm-none-eabi/13.3.1/../../../../arm-none-eabi/lib/thumb/v8-m.main+fp/hard\libc_nano.a(libc_a-findfp.o)
 .text.stdio_exit_handler
                0x0800bf34       0x18 C:/ST/STM32CubeIDE_1.19.0/STM32CubeIDE/plugins/com.st.stm32cube.ide.mcu.externaltools.gnu-tools-for-stm32.13.3.rel1.win32_1.0.0.202411081344/tools/bin/../lib/gcc/arm-none-eabi/13.3.1/../../../../arm-none-eabi/lib/thumb/v8-m.main+fp/hard\libc_nano.a(libc_a-findfp.o)
 .text.cleanup_stdio
                0x0800bf4c       0x40 C:/ST/STM32CubeIDE_1.19.0/STM32CubeIDE/plugins/com.st.stm32cube.ide.mcu.externaltools.gnu-tools-for-stm32.13.3.rel1.win32_1.0.0.202411081344/tools/bin/../lib/gcc/arm-none-eabi/13.3.1/../../../../arm-none-eabi/lib/thumb/v8-m.main+fp/hard\libc_nano.a(libc_a-findfp.o)
 .text.global_stdio_init.part.0
                0x0800bf8c       0x3c C:/ST/STM32CubeIDE_1.19.0/STM32CubeIDE/plugins/com.st.stm32cube.ide.mcu.externaltools.gnu-tools-for-stm32.13.3.rel1.win32_1.0.0.202411081344/tools/bin/../lib/gcc/arm-none-eabi/13.3.1/../../../../arm-none-eabi/lib/thumb/v8-m.main+fp/hard\libc_nano.a(libc_a-findfp.o)
 .text.__sfp_lock_acquire
                0x0800bfc8        0xc C:/ST/STM32CubeIDE_1.19.0/STM32CubeIDE/plugins/com.st.stm32cube.ide.mcu.externaltools.gnu-tools-for-stm32.13.3.rel1.win32_1.0.0.202411081344/tools/bin/../lib/gcc/arm-none-eabi/13.3.1/../../../../arm-none-eabi/lib/thumb/v8-m.main+fp/hard\libc_nano.a(libc_a-findfp.o)
                0x0800bfc8                __sfp_lock_acquire
 .text.__sfp_lock_release
                0x0800bfd4        0xc C:/ST/STM32CubeIDE_1.19.0/STM32CubeIDE/plugins/com.st.stm32cube.ide.mcu.externaltools.gnu-tools-for-stm32.13.3.rel1.win32_1.0.0.202411081344/tools/bin/../lib/gcc/arm-none-eabi/13.3.1/../../../../arm-none-eabi/lib/thumb/v8-m.main+fp/hard\libc_nano.a(libc_a-findfp.o)
                0x0800bfd4                __sfp_lock_release
 .text.__sinit  0x0800bfe0       0x30 C:/ST/STM32CubeIDE_1.19.0/STM32CubeIDE/plugins/com.st.stm32cube.ide.mcu.externaltools.gnu-tools-for-stm32.13.3.rel1.win32_1.0.0.202411081344/tools/bin/../lib/gcc/arm-none-eabi/13.3.1/../../../../arm-none-eabi/lib/thumb/v8-m.main+fp/hard\libc_nano.a(libc_a-findfp.o)
                0x0800bfe0                __sinit
 .text.fprintf  0x0800c010       0x24 C:/ST/STM32CubeIDE_1.19.0/STM32CubeIDE/plugins/com.st.stm32cube.ide.mcu.externaltools.gnu-tools-for-stm32.13.3.rel1.win32_1.0.0.202411081344/tools/bin/../lib/gcc/arm-none-eabi/13.3.1/../../../../arm-none-eabi/lib/thumb/v8-m.main+fp/hard\libc_nano.a(libc_a-fprintf.o)
                0x0800c010                fiprintf
                0x0800c010                fprintf
 .text._fwalk_sglue
                0x0800c034       0x3c C:/ST/STM32CubeIDE_1.19.0/STM32CubeIDE/plugins/com.st.stm32cube.ide.mcu.externaltools.gnu-tools-for-stm32.13.3.rel1.win32_1.0.0.202411081344/tools/bin/../lib/gcc/arm-none-eabi/13.3.1/../../../../arm-none-eabi/lib/thumb/v8-m.main+fp/hard\libc_nano.a(libc_a-fwalk.o)
                0x0800c034                _fwalk_sglue
 .text._fwrite_r
                0x0800c070       0x96 C:/ST/STM32CubeIDE_1.19.0/STM32CubeIDE/plugins/com.st.stm32cube.ide.mcu.externaltools.gnu-tools-for-stm32.13.3.rel1.win32_1.0.0.202411081344/tools/bin/../lib/gcc/arm-none-eabi/13.3.1/../../../../arm-none-eabi/lib/thumb/v8-m.main+fp/hard\libc_nano.a(libc_a-fwrite.o)
                0x0800c070                _fwrite_r
 *fill*         0x0800c106        0x2 
 .text.fwrite   0x0800c108       0x1c C:/ST/STM32CubeIDE_1.19.0/STM32CubeIDE/plugins/com.st.stm32cube.ide.mcu.externaltools.gnu-tools-for-stm32.13.3.rel1.win32_1.0.0.202411081344/tools/bin/../lib/gcc/arm-none-eabi/13.3.1/../../../../arm-none-eabi/lib/thumb/v8-m.main+fp/hard\libc_nano.a(libc_a-fwrite.o)
                0x0800c108                fwrite
 .text.printf   0x0800c124       0x24 C:/ST/STM32CubeIDE_1.19.0/STM32CubeIDE/plugins/com.st.stm32cube.ide.mcu.externaltools.gnu-tools-for-stm32.13.3.rel1.win32_1.0.0.202411081344/tools/bin/../lib/gcc/arm-none-eabi/13.3.1/../../../../arm-none-eabi/lib/thumb/v8-m.main+fp/hard\libc_nano.a(libc_a-printf.o)
                0x0800c124                iprintf
                0x0800c124                printf
 .text._puts_r  0x0800c148       0xaa C:/ST/STM32CubeIDE_1.19.0/STM32CubeIDE/plugins/com.st.stm32cube.ide.mcu.externaltools.gnu-tools-for-stm32.13.3.rel1.win32_1.0.0.202411081344/tools/bin/../lib/gcc/arm-none-eabi/13.3.1/../../../../arm-none-eabi/lib/thumb/v8-m.main+fp/hard\libc_nano.a(libc_a-puts.o)
                0x0800c148                _puts_r
 *fill*         0x0800c1f2        0x2 
 .text.puts     0x0800c1f4       0x10 C:/ST/STM32CubeIDE_1.19.0/STM32CubeIDE/plugins/com.st.stm32cube.ide.mcu.externaltools.gnu-tools-for-stm32.13.3.rel1.win32_1.0.0.202411081344/tools/bin/../lib/gcc/arm-none-eabi/13.3.1/../../../../arm-none-eabi/lib/thumb/v8-m.main+fp/hard\libc_nano.a(libc_a-puts.o)
                0x0800c1f4                puts
 .text.lflush   0x0800c204       0x1c C:/ST/STM32CubeIDE_1.19.0/STM32CubeIDE/plugins/com.st.stm32cube.ide.mcu.externaltools.gnu-tools-for-stm32.13.3.rel1.win32_1.0.0.202411081344/tools/bin/../lib/gcc/arm-none-eabi/13.3.1/../../../../arm-none-eabi/lib/thumb/v8-m.main+fp/hard\libc_nano.a(libc_a-refill.o)
 .text.__srefill_r
                0x0800c220       0xe8 C:/ST/STM32CubeIDE_1.19.0/STM32CubeIDE/plugins/com.st.stm32cube.ide.mcu.externaltools.gnu-tools-for-stm32.13.3.rel1.win32_1.0.0.202411081344/tools/bin/../lib/gcc/arm-none-eabi/13.3.1/../../../../arm-none-eabi/lib/thumb/v8-m.main+fp/hard\libc_nano.a(libc_a-refill.o)
                0x0800c220                __srefill_r
 .text.sprintf  0x0800c308       0x44 C:/ST/STM32CubeIDE_1.19.0/STM32CubeIDE/plugins/com.st.stm32cube.ide.mcu.externaltools.gnu-tools-for-stm32.13.3.rel1.win32_1.0.0.202411081344/tools/bin/../lib/gcc/arm-none-eabi/13.3.1/../../../../arm-none-eabi/lib/thumb/v8-m.main+fp/hard\libc_nano.a(libc_a-sprintf.o)
                0x0800c308                siprintf
                0x0800c308                sprintf
 .text.__sread  0x0800c34c       0x22 C:/ST/STM32CubeIDE_1.19.0/STM32CubeIDE/plugins/com.st.stm32cube.ide.mcu.externaltools.gnu-tools-for-stm32.13.3.rel1.win32_1.0.0.202411081344/tools/bin/../lib/gcc/arm-none-eabi/13.3.1/../../../../arm-none-eabi/lib/thumb/v8-m.main+fp/hard\libc_nano.a(libc_a-stdio.o)
                0x0800c34c                __sread
 .text.__swrite
                0x0800c36e       0x38 C:/ST/STM32CubeIDE_1.19.0/STM32CubeIDE/plugins/com.st.stm32cube.ide.mcu.externaltools.gnu-tools-for-stm32.13.3.rel1.win32_1.0.0.202411081344/tools/bin/../lib/gcc/arm-none-eabi/13.3.1/../../../../arm-none-eabi/lib/thumb/v8-m.main+fp/hard\libc_nano.a(libc_a-stdio.o)
                0x0800c36e                __swrite
 .text.__sseek  0x0800c3a6       0x24 C:/ST/STM32CubeIDE_1.19.0/STM32CubeIDE/plugins/com.st.stm32cube.ide.mcu.externaltools.gnu-tools-for-stm32.13.3.rel1.win32_1.0.0.202411081344/tools/bin/../lib/gcc/arm-none-eabi/13.3.1/../../../../arm-none-eabi/lib/thumb/v8-m.main+fp/hard\libc_nano.a(libc_a-stdio.o)
                0x0800c3a6                __sseek
 .text.__sclose
                0x0800c3ca        0x8 C:/ST/STM32CubeIDE_1.19.0/STM32CubeIDE/plugins/com.st.stm32cube.ide.mcu.externaltools.gnu-tools-for-stm32.13.3.rel1.win32_1.0.0.202411081344/tools/bin/../lib/gcc/arm-none-eabi/13.3.1/../../../../arm-none-eabi/lib/thumb/v8-m.main+fp/hard\libc_nano.a(libc_a-stdio.o)
                0x0800c3ca                __sclose
 .text.__swbuf_r
                0x0800c3d2       0x7c C:/ST/STM32CubeIDE_1.19.0/STM32CubeIDE/plugins/com.st.stm32cube.ide.mcu.externaltools.gnu-tools-for-stm32.13.3.rel1.win32_1.0.0.202411081344/tools/bin/../lib/gcc/arm-none-eabi/13.3.1/../../../../arm-none-eabi/lib/thumb/v8-m.main+fp/hard\libc_nano.a(libc_a-wbuf.o)
                0x0800c3d2                __swbuf_r
 *fill*         0x0800c44e        0x2 
 .text.__swsetup_r
                0x0800c450       0xac C:/ST/STM32CubeIDE_1.19.0/STM32CubeIDE/plugins/com.st.stm32cube.ide.mcu.externaltools.gnu-tools-for-stm32.13.3.rel1.win32_1.0.0.202411081344/tools/bin/../lib/gcc/arm-none-eabi/13.3.1/../../../../arm-none-eabi/lib/thumb/v8-m.main+fp/hard\libc_nano.a(libc_a-wsetup.o)
                0x0800c450                __swsetup_r
 .text.memset   0x0800c4fc       0x10 C:/ST/STM32CubeIDE_1.19.0/STM32CubeIDE/plugins/com.st.stm32cube.ide.mcu.externaltools.gnu-tools-for-stm32.13.3.rel1.win32_1.0.0.202411081344/tools/bin/../lib/gcc/arm-none-eabi/13.3.1/../../../../arm-none-eabi/lib/thumb/v8-m.main+fp/hard\libc_nano.a(libc_a-memset.o)
                0x0800c4fc                memset
 .text._raise_r
                0x0800c50c       0x50 C:/ST/STM32CubeIDE_1.19.0/STM32CubeIDE/plugins/com.st.stm32cube.ide.mcu.externaltools.gnu-tools-for-stm32.13.3.rel1.win32_1.0.0.202411081344/tools/bin/../lib/gcc/arm-none-eabi/13.3.1/../../../../arm-none-eabi/lib/thumb/v8-m.main+fp/hard\libc_nano.a(libc_a-signal.o)
                0x0800c50c                _raise_r
 .text.raise    0x0800c55c       0x10 C:/ST/STM32CubeIDE_1.19.0/STM32CubeIDE/plugins/com.st.stm32cube.ide.mcu.externaltools.gnu-tools-for-stm32.13.3.rel1.win32_1.0.0.202411081344/tools/bin/../lib/gcc/arm-none-eabi/13.3.1/../../../../arm-none-eabi/lib/thumb/v8-m.main+fp/hard\libc_nano.a(libc_a-signal.o)
                0x0800c55c                raise
 .text._close_r
                0x0800c56c       0x20 C:/ST/STM32CubeIDE_1.19.0/STM32CubeIDE/plugins/com.st.stm32cube.ide.mcu.externaltools.gnu-tools-for-stm32.13.3.rel1.win32_1.0.0.202411081344/tools/bin/../lib/gcc/arm-none-eabi/13.3.1/../../../../arm-none-eabi/lib/thumb/v8-m.main+fp/hard\libc_nano.a(libc_a-closer.o)
                0x0800c56c                _close_r
 .text._lseek_r
                0x0800c58c       0x24 C:/ST/STM32CubeIDE_1.19.0/STM32CubeIDE/plugins/com.st.stm32cube.ide.mcu.externaltools.gnu-tools-for-stm32.13.3.rel1.win32_1.0.0.202411081344/tools/bin/../lib/gcc/arm-none-eabi/13.3.1/../../../../arm-none-eabi/lib/thumb/v8-m.main+fp/hard\libc_nano.a(libc_a-lseekr.o)
                0x0800c58c                _lseek_r
 .text._read_r  0x0800c5b0       0x24 C:/ST/STM32CubeIDE_1.19.0/STM32CubeIDE/plugins/com.st.stm32cube.ide.mcu.externaltools.gnu-tools-for-stm32.13.3.rel1.win32_1.0.0.202411081344/tools/bin/../lib/gcc/arm-none-eabi/13.3.1/../../../../arm-none-eabi/lib/thumb/v8-m.main+fp/hard\libc_nano.a(libc_a-readr.o)
                0x0800c5b0                _read_r
 .text._kill_r  0x0800c5d4       0x24 C:/ST/STM32CubeIDE_1.19.0/STM32CubeIDE/plugins/com.st.stm32cube.ide.mcu.externaltools.gnu-tools-for-stm32.13.3.rel1.win32_1.0.0.202411081344/tools/bin/../lib/gcc/arm-none-eabi/13.3.1/../../../../arm-none-eabi/lib/thumb/v8-m.main+fp/hard\libc_nano.a(libc_a-signalr.o)
                0x0800c5d4                _kill_r
 .text._getpid_r
                0x0800c5f8        0x4 C:/ST/STM32CubeIDE_1.19.0/STM32CubeIDE/plugins/com.st.stm32cube.ide.mcu.externaltools.gnu-tools-for-stm32.13.3.rel1.win32_1.0.0.202411081344/tools/bin/../lib/gcc/arm-none-eabi/13.3.1/../../../../arm-none-eabi/lib/thumb/v8-m.main+fp/hard\libc_nano.a(libc_a-signalr.o)
                0x0800c5f8                _getpid_r
 .text._sbrk_r  0x0800c5fc       0x20 C:/ST/STM32CubeIDE_1.19.0/STM32CubeIDE/plugins/com.st.stm32cube.ide.mcu.externaltools.gnu-tools-for-stm32.13.3.rel1.win32_1.0.0.202411081344/tools/bin/../lib/gcc/arm-none-eabi/13.3.1/../../../../arm-none-eabi/lib/thumb/v8-m.main+fp/hard\libc_nano.a(libc_a-sbrkr.o)
                0x0800c5fc                _sbrk_r
 .text._write_r
                0x0800c61c       0x24 C:/ST/STM32CubeIDE_1.19.0/STM32CubeIDE/plugins/com.st.stm32cube.ide.mcu.externaltools.gnu-tools-for-stm32.13.3.rel1.win32_1.0.0.202411081344/tools/bin/../lib/gcc/arm-none-eabi/13.3.1/../../../../arm-none-eabi/lib/thumb/v8-m.main+fp/hard\libc_nano.a(libc_a-writer.o)
                0x0800c61c                _write_r
 .text.__errno  0x0800c640        0xc C:/ST/STM32CubeIDE_1.19.0/STM32CubeIDE/plugins/com.st.stm32cube.ide.mcu.externaltools.gnu-tools-for-stm32.13.3.rel1.win32_1.0.0.202411081344/tools/bin/../lib/gcc/arm-none-eabi/13.3.1/../../../../arm-none-eabi/lib/thumb/v8-m.main+fp/hard\libc_nano.a(libc_a-errno.o)
                0x0800c640                __errno
 .text.__libc_init_array
                0x0800c64c       0x48 C:/ST/STM32CubeIDE_1.19.0/STM32CubeIDE/plugins/com.st.stm32cube.ide.mcu.externaltools.gnu-tools-for-stm32.13.3.rel1.win32_1.0.0.202411081344/tools/bin/../lib/gcc/arm-none-eabi/13.3.1/../../../../arm-none-eabi/lib/thumb/v8-m.main+fp/hard\libc_nano.a(libc_a-init.o)
                0x0800c64c                __libc_init_array
 .text.__retarget_lock_init_recursive
                0x0800c694        0x2 C:/ST/STM32CubeIDE_1.19.0/STM32CubeIDE/plugins/com.st.stm32cube.ide.mcu.externaltools.gnu-tools-for-stm32.13.3.rel1.win32_1.0.0.202411081344/tools/bin/../lib/gcc/arm-none-eabi/13.3.1/../../../../arm-none-eabi/lib/thumb/v8-m.main+fp/hard\libc_nano.a(libc_a-lock.o)
                0x0800c694                __retarget_lock_init_recursive
 .text.__retarget_lock_acquire_recursive
                0x0800c696        0x2 C:/ST/STM32CubeIDE_1.19.0/STM32CubeIDE/plugins/com.st.stm32cube.ide.mcu.externaltools.gnu-tools-for-stm32.13.3.rel1.win32_1.0.0.202411081344/tools/bin/../lib/gcc/arm-none-eabi/13.3.1/../../../../arm-none-eabi/lib/thumb/v8-m.main+fp/hard\libc_nano.a(libc_a-lock.o)
                0x0800c696                __retarget_lock_acquire_recursive
 .text.__retarget_lock_release_recursive
                0x0800c698        0x2 C:/ST/STM32CubeIDE_1.19.0/STM32CubeIDE/plugins/com.st.stm32cube.ide.mcu.externaltools.gnu-tools-for-stm32.13.3.rel1.win32_1.0.0.202411081344/tools/bin/../lib/gcc/arm-none-eabi/13.3.1/../../../../arm-none-eabi/lib/thumb/v8-m.main+fp/hard\libc_nano.a(libc_a-lock.o)
                0x0800c698                __retarget_lock_release_recursive
 .text.memchr   0x0800c69a       0x1c C:/ST/STM32CubeIDE_1.19.0/STM32CubeIDE/plugins/com.st.stm32cube.ide.mcu.externaltools.gnu-tools-for-stm32.13.3.rel1.win32_1.0.0.202411081344/tools/bin/../lib/gcc/arm-none-eabi/13.3.1/../../../../arm-none-eabi/lib/thumb/v8-m.main+fp/hard\libc_nano.a(libc_a-memchr-stub.o)
                0x0800c69a                memchr
 .text.memcpy   0x0800c6b6       0x1a C:/ST/STM32CubeIDE_1.19.0/STM32CubeIDE/plugins/com.st.stm32cube.ide.mcu.externaltools.gnu-tools-for-stm32.13.3.rel1.win32_1.0.0.202411081344/tools/bin/../lib/gcc/arm-none-eabi/13.3.1/../../../../arm-none-eabi/lib/thumb/v8-m.main+fp/hard\libc_nano.a(libc_a-memcpy-stub.o)
                0x0800c6b6                memcpy
 .text._free_r  0x0800c6d0       0x94 C:/ST/STM32CubeIDE_1.19.0/STM32CubeIDE/plugins/com.st.stm32cube.ide.mcu.externaltools.gnu-tools-for-stm32.13.3.rel1.win32_1.0.0.202411081344/tools/bin/../lib/gcc/arm-none-eabi/13.3.1/../../../../arm-none-eabi/lib/thumb/v8-m.main+fp/hard\libc_nano.a(libc_a-freer.o)
                0x0800c6d0                _free_r
 .text.__ssputs_r
                0x0800c764       0xb6 C:/ST/STM32CubeIDE_1.19.0/STM32CubeIDE/plugins/com.st.stm32cube.ide.mcu.externaltools.gnu-tools-for-stm32.13.3.rel1.win32_1.0.0.202411081344/tools/bin/../lib/gcc/arm-none-eabi/13.3.1/../../../../arm-none-eabi/lib/thumb/v8-m.main+fp/hard\libc_nano.a(libc_a-nano-svfprintf.o)
                0x0800c764                __ssputs_r
 *fill*         0x0800c81a        0x2 
 .text._svfprintf_r
                0x0800c81c      0x1f8 C:/ST/STM32CubeIDE_1.19.0/STM32CubeIDE/plugins/com.st.stm32cube.ide.mcu.externaltools.gnu-tools-for-stm32.13.3.rel1.win32_1.0.0.202411081344/tools/bin/../lib/gcc/arm-none-eabi/13.3.1/../../../../arm-none-eabi/lib/thumb/v8-m.main+fp/hard\libc_nano.a(libc_a-nano-svfprintf.o)
                0x0800c81c                _svfiprintf_r
                0x0800c81c                _svfprintf_r
 .text.__sfputc_r
                0x0800ca14       0x2e C:/ST/STM32CubeIDE_1.19.0/STM32CubeIDE/plugins/com.st.stm32cube.ide.mcu.externaltools.gnu-tools-for-stm32.13.3.rel1.win32_1.0.0.202411081344/tools/bin/../lib/gcc/arm-none-eabi/13.3.1/../../../../arm-none-eabi/lib/thumb/v8-m.main+fp/hard\libc_nano.a(libc_a-nano-vfprintf.o)
 .text.__sfputs_r
                0x0800ca42       0x24 C:/ST/STM32CubeIDE_1.19.0/STM32CubeIDE/plugins/com.st.stm32cube.ide.mcu.externaltools.gnu-tools-for-stm32.13.3.rel1.win32_1.0.0.202411081344/tools/bin/../lib/gcc/arm-none-eabi/13.3.1/../../../../arm-none-eabi/lib/thumb/v8-m.main+fp/hard\libc_nano.a(libc_a-nano-vfprintf.o)
                0x0800ca42                __sfputs_r
 *fill*         0x0800ca66        0x2 
 .text._vfprintf_r
                0x0800ca68      0x230 C:/ST/STM32CubeIDE_1.19.0/STM32CubeIDE/plugins/com.st.stm32cube.ide.mcu.externaltools.gnu-tools-for-stm32.13.3.rel1.win32_1.0.0.202411081344/tools/bin/../lib/gcc/arm-none-eabi/13.3.1/../../../../arm-none-eabi/lib/thumb/v8-m.main+fp/hard\libc_nano.a(libc_a-nano-vfprintf.o)
                0x0800ca68                _vfprintf_r
                0x0800ca68                _vfiprintf_r
 .text._printf_common
                0x0800cc98       0xe4 C:/ST/STM32CubeIDE_1.19.0/STM32CubeIDE/plugins/com.st.stm32cube.ide.mcu.externaltools.gnu-tools-for-stm32.13.3.rel1.win32_1.0.0.202411081344/tools/bin/../lib/gcc/arm-none-eabi/13.3.1/../../../../arm-none-eabi/lib/thumb/v8-m.main+fp/hard\libc_nano.a(libc_a-nano-vfprintf_i.o)
                0x0800cc98                _printf_common
 .text._printf_i
                0x0800cd7c      0x23c C:/ST/STM32CubeIDE_1.19.0/STM32CubeIDE/plugins/com.st.stm32cube.ide.mcu.externaltools.gnu-tools-for-stm32.13.3.rel1.win32_1.0.0.202411081344/tools/bin/../lib/gcc/arm-none-eabi/13.3.1/../../../../arm-none-eabi/lib/thumb/v8-m.main+fp/hard\libc_nano.a(libc_a-nano-vfprintf_i.o)
                0x0800cd7c                _printf_i
 .text.__swhatbuf_r
                0x0800cfb8       0x4a C:/ST/STM32CubeIDE_1.19.0/STM32CubeIDE/plugins/com.st.stm32cube.ide.mcu.externaltools.gnu-tools-for-stm32.13.3.rel1.win32_1.0.0.202411081344/tools/bin/../lib/gcc/arm-none-eabi/13.3.1/../../../../arm-none-eabi/lib/thumb/v8-m.main+fp/hard\libc_nano.a(libc_a-makebuf.o)
                0x0800cfb8                __swhatbuf_r
 .text.__smakebuf_r
                0x0800d002       0x78 C:/ST/STM32CubeIDE_1.19.0/STM32CubeIDE/plugins/com.st.stm32cube.ide.mcu.externaltools.gnu-tools-for-stm32.13.3.rel1.win32_1.0.0.202411081344/tools/bin/../lib/gcc/arm-none-eabi/13.3.1/../../../../arm-none-eabi/lib/thumb/v8-m.main+fp/hard\libc_nano.a(libc_a-makebuf.o)
                0x0800d002                __smakebuf_r
 .text.memmove  0x0800d07a       0x34 C:/ST/STM32CubeIDE_1.19.0/STM32CubeIDE/plugins/com.st.stm32cube.ide.mcu.externaltools.gnu-tools-for-stm32.13.3.rel1.win32_1.0.0.202411081344/tools/bin/../lib/gcc/arm-none-eabi/13.3.1/../../../../arm-none-eabi/lib/thumb/v8-m.main+fp/hard\libc_nano.a(libc_a-memmove.o)
                0x0800d07a                memmove
 *fill*         0x0800d0ae        0x2 
 .text._fstat_r
                0x0800d0b0       0x24 C:/ST/STM32CubeIDE_1.19.0/STM32CubeIDE/plugins/com.st.stm32cube.ide.mcu.externaltools.gnu-tools-for-stm32.13.3.rel1.win32_1.0.0.202411081344/tools/bin/../lib/gcc/arm-none-eabi/13.3.1/../../../../arm-none-eabi/lib/thumb/v8-m.main+fp/hard\libc_nano.a(libc_a-fstatr.o)
                0x0800d0b0                _fstat_r
 .text._isatty_r
                0x0800d0d4       0x20 C:/ST/STM32CubeIDE_1.19.0/STM32CubeIDE/plugins/com.st.stm32cube.ide.mcu.externaltools.gnu-tools-for-stm32.13.3.rel1.win32_1.0.0.202411081344/tools/bin/../lib/gcc/arm-none-eabi/13.3.1/../../../../arm-none-eabi/lib/thumb/v8-m.main+fp/hard\libc_nano.a(libc_a-isattyr.o)
                0x0800d0d4                _isatty_r
 .text._realloc_r
                0x0800d0f4       0x5c C:/ST/STM32CubeIDE_1.19.0/STM32CubeIDE/plugins/com.st.stm32cube.ide.mcu.externaltools.gnu-tools-for-stm32.13.3.rel1.win32_1.0.0.202411081344/tools/bin/../lib/gcc/arm-none-eabi/13.3.1/../../../../arm-none-eabi/lib/thumb/v8-m.main+fp/hard\libc_nano.a(libc_a-reallocr.o)
                0x0800d0f4                _realloc_r
 .text._malloc_usable_size_r
                0x0800d150       0x10 C:/ST/STM32CubeIDE_1.19.0/STM32CubeIDE/plugins/com.st.stm32cube.ide.mcu.externaltools.gnu-tools-for-stm32.13.3.rel1.win32_1.0.0.202411081344/tools/bin/../lib/gcc/arm-none-eabi/13.3.1/../../../../arm-none-eabi/lib/thumb/v8-m.main+fp/hard\libc_nano.a(libc_a-msizer.o)
                0x0800d150                _malloc_usable_size_r
 *(.glue_7)
 .glue_7        0x0800d160        0x0 linker stubs
 *(.glue_7t)
 .glue_7t       0x0800d160        0x0 linker stubs
 *(.eh_frame)
 .eh_frame      0x0800d160        0x0 C:/ST/STM32CubeIDE_1.19.0/STM32CubeIDE/plugins/com.st.stm32cube.ide.mcu.externaltools.gnu-tools-for-stm32.13.3.rel1.win32_1.0.0.202411081344/tools/bin/../lib/gcc/arm-none-eabi/13.3.1/thumb/v8-m.main+fp/hard/crtbegin.o
 *(.init)
 .init          0x0800d160        0x4 C:/ST/STM32CubeIDE_1.19.0/STM32CubeIDE/plugins/com.st.stm32cube.ide.mcu.externaltools.gnu-tools-for-stm32.13.3.rel1.win32_1.0.0.202411081344/tools/bin/../lib/gcc/arm-none-eabi/13.3.1/thumb/v8-m.main+fp/hard/crti.o
                0x0800d160                _init
 .init          0x0800d164        0x8 C:/ST/STM32CubeIDE_1.19.0/STM32CubeIDE/plugins/com.st.stm32cube.ide.mcu.externaltools.gnu-tools-for-stm32.13.3.rel1.win32_1.0.0.202411081344/tools/bin/../lib/gcc/arm-none-eabi/13.3.1/thumb/v8-m.main+fp/hard/crtn.o
 *(.fini)
 .fini          0x0800d16c        0x4 C:/ST/STM32CubeIDE_1.19.0/STM32CubeIDE/plugins/com.st.stm32cube.ide.mcu.externaltools.gnu-tools-for-stm32.13.3.rel1.win32_1.0.0.202411081344/tools/bin/../lib/gcc/arm-none-eabi/13.3.1/thumb/v8-m.main+fp/hard/crti.o
                0x0800d16c                _fini
 .fini          0x0800d170        0x8 C:/ST/STM32CubeIDE_1.19.0/STM32CubeIDE/plugins/com.st.stm32cube.ide.mcu.externaltools.gnu-tools-for-stm32.13.3.rel1.win32_1.0.0.202411081344/tools/bin/../lib/gcc/arm-none-eabi/13.3.1/thumb/v8-m.main+fp/hard/crtn.o
                0x0800d178                        . = ALIGN (0x4)
                0x0800d178                        _etext = .

.vfp11_veneer   0x0800d178        0x0
 .vfp11_veneer  0x0800d178        0x0 linker stubs

.v4_bx          0x0800d178        0x0
 .v4_bx         0x0800d178        0x0 linker stubs

.iplt           0x0800d178        0x0
 .iplt          0x0800d178        0x0 C:/ST/STM32CubeIDE_1.19.0/STM32CubeIDE/plugins/com.st.stm32cube.ide.mcu.externaltools.gnu-tools-for-stm32.13.3.rel1.win32_1.0.0.202411081344/tools/bin/../lib/gcc/arm-none-eabi/13.3.1/thumb/v8-m.main+fp/hard/crtbegin.o

.rodata         0x0800d178      0x298
                0x0800d178                        . = ALIGN (0x4)
 *(.rodata)
 .rodata        0x0800d178      0x124 ./Core/Src/API.o
 .rodata        0x0800d29c        0xb ./Core/Src/main.o
 *fill*         0x0800d2a7        0x1 
 .rodata        0x0800d2a8      0x10a ./Core/Src/queues.o
 *fill*         0x0800d3b2        0x2 
 .rodata        0x0800d3b4        0xf ./Core/Src/solver.o
 *(.rodata*)
 *fill*         0x0800d3c3        0x1 
 .rodata.AHBPrescTable
                0x0800d3c4       0x10 ./Core/Src/system_stm32h5xx.o
                0x0800d3c4                AHBPrescTable
 .rodata.APBPrescTable
                0x0800d3d4        0x8 ./Core/Src/system_stm32h5xx.o
                0x0800d3d4                APBPrescTable
 .rodata._svfprintf_r.str1.1
                0x0800d3dc       0x33 C:/ST/STM32CubeIDE_1.19.0/STM32CubeIDE/plugins/com.st.stm32cube.ide.mcu.externaltools.gnu-tools-for-stm32.13.3.rel1.win32_1.0.0.202411081344/tools/bin/../lib/gcc/arm-none-eabi/13.3.1/../../../../arm-none-eabi/lib/thumb/v8-m.main+fp/hard\libc_nano.a(libc_a-nano-svfprintf.o)
                                 0x11 (size before relaxing)
 .rodata._vfprintf_r.str1.1
                0x0800d40f       0x11 C:/ST/STM32CubeIDE_1.19.0/STM32CubeIDE/plugins/com.st.stm32cube.ide.mcu.externaltools.gnu-tools-for-stm32.13.3.rel1.win32_1.0.0.202411081344/tools/bin/../lib/gcc/arm-none-eabi/13.3.1/../../../../arm-none-eabi/lib/thumb/v8-m.main+fp/hard\libc_nano.a(libc_a-nano-vfprintf.o)
 .rodata._printf_i.str1.1
                0x0800d40f       0x22 C:/ST/STM32CubeIDE_1.19.0/STM32CubeIDE/plugins/com.st.stm32cube.ide.mcu.externaltools.gnu-tools-for-stm32.13.3.rel1.win32_1.0.0.202411081344/tools/bin/../lib/gcc/arm-none-eabi/13.3.1/../../../../arm-none-eabi/lib/thumb/v8-m.main+fp/hard\libc_nano.a(libc_a-nano-vfprintf_i.o)
                0x0800d434                        . = ALIGN (0x4)
 *fill*         0x0800d40f        0x1 

.ARM.extab      0x0800d410        0x0
                0x0800d410                        . = ALIGN (0x4)
 *(.ARM.extab* .gnu.linkonce.armextab.*)
                0x0800d410                        . = ALIGN (0x4)

.ARM            0x0800d410        0x8
                0x0800d410                        . = ALIGN (0x4)
                0x0800d410                        __exidx_start = .
 *(.ARM.exidx*)
 .ARM.exidx     0x0800d410        0x8 C:/ST/STM32CubeIDE_1.19.0/STM32CubeIDE/plugins/com.st.stm32cube.ide.mcu.externaltools.gnu-tools-for-stm32.13.3.rel1.win32_1.0.0.202411081344/tools/bin/../lib/gcc/arm-none-eabi/13.3.1/../../../../arm-none-eabi/lib/thumb/v8-m.main+fp/hard\libc_nano.a(libc_a-strcmp.o)
                0x0800d418                        __exidx_end = .
                0x0800d418                        . = ALIGN (0x4)

.preinit_array  0x0800d418        0x0
                0x0800d418                        . = ALIGN (0x4)
                0x0800d418                        PROVIDE (__preinit_array_start = .)
 *(.preinit_array*)
                0x0800d418                        PROVIDE (__preinit_array_end = .)
                0x0800d418                        . = ALIGN (0x4)

.init_array     0x0800d418        0x4
                0x0800d418                        . = ALIGN (0x4)
                0x0800d418                        PROVIDE (__init_array_start = .)
 *(SORT_BY_NAME(.init_array.*))
 *(.init_array*)
 .init_array    0x0800d418        0x4 C:/ST/STM32CubeIDE_1.19.0/STM32CubeIDE/plugins/com.st.stm32cube.ide.mcu.externaltools.gnu-tools-for-stm32.13.3.rel1.win32_1.0.0.202411081344/tools/bin/../lib/gcc/arm-none-eabi/13.3.1/thumb/v8-m.main+fp/hard/crtbegin.o
                0x0800d41c                        PROVIDE (__init_array_end = .)
                0x0800d41c                        . = ALIGN (0x4)

.fini_array     0x0800d41c        0x4
                0x0800d41c                        . = ALIGN (0x4)
                [!provide]                        PROVIDE (__fini_array_start = .)
 *(SORT_BY_NAME(.fini_array.*))
 *(.fini_array*)
 .fini_array    0x0800d41c        0x4 C:/ST/STM32CubeIDE_1.19.0/STM32CubeIDE/plugins/com.st.stm32cube.ide.mcu.externaltools.gnu-tools-for-stm32.13.3.rel1.win32_1.0.0.202411081344/tools/bin/../lib/gcc/arm-none-eabi/13.3.1/thumb/v8-m.main+fp/hard/crtbegin.o
                [!provide]                        PROVIDE (__fini_array_end = .)
                0x0800d420                        . = ALIGN (0x4)
                0x0800d420                        _sidata = LOADADDR (.data)

.rel.dyn        0x0800d420        0x0
 .rel.iplt      0x0800d420        0x0 C:/ST/STM32CubeIDE_1.19.0/STM32CubeIDE/plugins/com.st.stm32cube.ide.mcu.externaltools.gnu-tools-for-stm32.13.3.rel1.win32_1.0.0.202411081344/tools/bin/../lib/gcc/arm-none-eabi/13.3.1/thumb/v8-m.main+fp/hard/crtbegin.o

.data           0x20000000       0x6c load address 0x0800d420
                0x20000000                        . = ALIGN (0x4)
                0x20000000                        _sdata = .
 *(.data)
 *(.data*)
 .data.target   0x20000000        0x1 ./Core/Src/solver.o
                0x20000000                target
 *fill*         0x20000001        0x3 
 .data.SystemCoreClock
                0x20000004        0x4 ./Core/Src/system_stm32h5xx.o
                0x20000004                SystemCoreClock
 .data.uwTickPrio
                0x20000008        0x4 ./Drivers/STM32H5xx_HAL_Driver/Src/stm32h5xx_hal.o
                0x20000008                uwTickPrio
 .data.uwTickFreq
                0x2000000c        0x1 ./Drivers/STM32H5xx_HAL_Driver/Src/stm32h5xx_hal.o
                0x2000000c                uwTickFreq
 *fill*         0x2000000d        0x3 
 .data.__sglue  0x20000010        0xc C:/ST/STM32CubeIDE_1.19.0/STM32CubeIDE/plugins/com.st.stm32cube.ide.mcu.externaltools.gnu-tools-for-stm32.13.3.rel1.win32_1.0.0.202411081344/tools/bin/../lib/gcc/arm-none-eabi/13.3.1/../../../../arm-none-eabi/lib/thumb/v8-m.main+fp/hard\libc_nano.a(libc_a-findfp.o)
                0x20000010                __sglue
 .data._impure_ptr
                0x2000001c        0x4 C:/ST/STM32CubeIDE_1.19.0/STM32CubeIDE/plugins/com.st.stm32cube.ide.mcu.externaltools.gnu-tools-for-stm32.13.3.rel1.win32_1.0.0.202411081344/tools/bin/../lib/gcc/arm-none-eabi/13.3.1/../../../../arm-none-eabi/lib/thumb/v8-m.main+fp/hard\libc_nano.a(libc_a-impure.o)
                0x2000001c                _impure_ptr
 .data._impure_data
                0x20000020       0x4c C:/ST/STM32CubeIDE_1.19.0/STM32CubeIDE/plugins/com.st.stm32cube.ide.mcu.externaltools.gnu-tools-for-stm32.13.3.rel1.win32_1.0.0.202411081344/tools/bin/../lib/gcc/arm-none-eabi/13.3.1/../../../../arm-none-eabi/lib/thumb/v8-m.main+fp/hard\libc_nano.a(libc_a-impure.o)
                0x20000020                _impure_data
 *(.RamFunc)
 *(.RamFunc*)
                0x2000006c                        . = ALIGN (0x4)
                0x2000006c                        _edata = .

.igot.plt       0x2000006c        0x0 load address 0x0800d48c
 .igot.plt      0x2000006c        0x0 C:/ST/STM32CubeIDE_1.19.0/STM32CubeIDE/plugins/com.st.stm32cube.ide.mcu.externaltools.gnu-tools-for-stm32.13.3.rel1.win32_1.0.0.202411081344/tools/bin/../lib/gcc/arm-none-eabi/13.3.1/thumb/v8-m.main+fp/hard/crtbegin.o
                0x2000006c                        . = ALIGN (0x4)

.bss            0x2000006c     0x1750 load address 0x0800d48c
                0x2000006c                        _sbss = .
                0x2000006c                        __bss_start__ = _sbss
 *(.bss)
 .bss           0x2000006c       0x1c C:/ST/STM32CubeIDE_1.19.0/STM32CubeIDE/plugins/com.st.stm32cube.ide.mcu.externaltools.gnu-tools-for-stm32.13.3.rel1.win32_1.0.0.202411081344/tools/bin/../lib/gcc/arm-none-eabi/13.3.1/thumb/v8-m.main+fp/hard/crtbegin.o
 *(.bss*)
 .bss.hi2c1     0x20000088       0x54 ./Core/Src/main.o
                0x20000088                hi2c1
 .bss.hi2c2     0x200000dc       0x54 ./Core/Src/main.o
                0x200000dc                hi2c2
 .bss.hsd1      0x20000130       0x7c ./Core/Src/main.o
                0x20000130                hsd1
 .bss.htim2     0x200001ac       0x4c ./Core/Src/main.o
                0x200001ac                htim2
 .bss.hpcd_USB_DRD_FS
                0x200001f8      0x2e4 ./Core/Src/main.o
                0x200001f8                hpcd_USB_DRD_FS
 .bss.currentXY
                0x200004dc        0x8 ./Core/Src/solver.o
                0x200004dc                currentXY
 .bss.currentHeading
                0x200004e4        0x1 ./Core/Src/solver.o
                0x200004e4                currentHeading
 *fill*         0x200004e5        0x3 
 .bss.verticalWalls
                0x200004e8      0x440 ./Core/Src/solver.o
                0x200004e8                verticalWalls
 .bss.horizontalWalls
                0x20000928      0x440 ./Core/Src/solver.o
                0x20000928                horizontalWalls
 .bss.floodArray
                0x20000d68      0x400 ./Core/Src/solver.o
                0x20000d68                floodArray
 .bss.pathArray
                0x20001168      0x100 ./Core/Src/solver.o
                0x20001168                pathArray
 .bss.travelArray
                0x20001268      0x400 ./Core/Src/solver.o
                0x20001268                travelArray
 .bss.__sbrk_heap_end
                0x20001668        0x4 ./Core/Src/sysmem.o
 .bss.uwTick    0x2000166c        0x4 ./Drivers/STM32H5xx_HAL_Driver/Src/stm32h5xx_hal.o
                0x2000166c                uwTick
 .bss.__malloc_sbrk_start
                0x20001670        0x4 C:/ST/STM32CubeIDE_1.19.0/STM32CubeIDE/plugins/com.st.stm32cube.ide.mcu.externaltools.gnu-tools-for-stm32.13.3.rel1.win32_1.0.0.202411081344/tools/bin/../lib/gcc/arm-none-eabi/13.3.1/../../../../arm-none-eabi/lib/thumb/v8-m.main+fp/hard\libc_nano.a(libc_a-mallocr.o)
                0x20001670                __malloc_sbrk_start
 .bss.__malloc_free_list
                0x20001674        0x4 C:/ST/STM32CubeIDE_1.19.0/STM32CubeIDE/plugins/com.st.stm32cube.ide.mcu.externaltools.gnu-tools-for-stm32.13.3.rel1.win32_1.0.0.202411081344/tools/bin/../lib/gcc/arm-none-eabi/13.3.1/../../../../arm-none-eabi/lib/thumb/v8-m.main+fp/hard\libc_nano.a(libc_a-mallocr.o)
                0x20001674                __malloc_free_list
 .bss.__sf      0x20001678      0x138 C:/ST/STM32CubeIDE_1.19.0/STM32CubeIDE/plugins/com.st.stm32cube.ide.mcu.externaltools.gnu-tools-for-stm32.13.3.rel1.win32_1.0.0.202411081344/tools/bin/../lib/gcc/arm-none-eabi/13.3.1/../../../../arm-none-eabi/lib/thumb/v8-m.main+fp/hard\libc_nano.a(libc_a-findfp.o)
                0x20001678                __sf
 .bss.__stdio_exit_handler
                0x200017b0        0x4 C:/ST/STM32CubeIDE_1.19.0/STM32CubeIDE/plugins/com.st.stm32cube.ide.mcu.externaltools.gnu-tools-for-stm32.13.3.rel1.win32_1.0.0.202411081344/tools/bin/../lib/gcc/arm-none-eabi/13.3.1/../../../../arm-none-eabi/lib/thumb/v8-m.main+fp/hard\libc_nano.a(libc_a-findfp.o)
                0x200017b0                __stdio_exit_handler
 .bss.errno     0x200017b4        0x4 C:/ST/STM32CubeIDE_1.19.0/STM32CubeIDE/plugins/com.st.stm32cube.ide.mcu.externaltools.gnu-tools-for-stm32.13.3.rel1.win32_1.0.0.202411081344/tools/bin/../lib/gcc/arm-none-eabi/13.3.1/../../../../arm-none-eabi/lib/thumb/v8-m.main+fp/hard\libc_nano.a(libc_a-reent.o)
                0x200017b4                errno
 .bss.__lock___malloc_recursive_mutex
                0x200017b8        0x1 C:/ST/STM32CubeIDE_1.19.0/STM32CubeIDE/plugins/com.st.stm32cube.ide.mcu.externaltools.gnu-tools-for-stm32.13.3.rel1.win32_1.0.0.202411081344/tools/bin/../lib/gcc/arm-none-eabi/13.3.1/../../../../arm-none-eabi/lib/thumb/v8-m.main+fp/hard\libc_nano.a(libc_a-lock.o)
                0x200017b8                __lock___malloc_recursive_mutex
 .bss.__lock___sfp_recursive_mutex
                0x200017b9        0x1 C:/ST/STM32CubeIDE_1.19.0/STM32CubeIDE/plugins/com.st.stm32cube.ide.mcu.externaltools.gnu-tools-for-stm32.13.3.rel1.win32_1.0.0.202411081344/tools/bin/../lib/gcc/arm-none-eabi/13.3.1/../../../../arm-none-eabi/lib/thumb/v8-m.main+fp/hard\libc_nano.a(libc_a-lock.o)
                0x200017b9                __lock___sfp_recursive_mutex
 *(COMMON)
                0x200017bc                        . = ALIGN (0x4)
 *fill*         0x200017ba        0x2 
                0x200017bc                        _ebss = .
                0x200017bc                        __bss_end__ = _ebss

._user_heap_stack
                0x200017bc      0x604 load address 0x0800d48c
                0x200017c0                        . = ALIGN (0x8)
 *fill*         0x200017bc        0x4 
                [!provide]                        PROVIDE (end = .)
                0x200017c0                        PROVIDE (_end = .)
                0x200019c0                        . = (. + _Min_Heap_Size)
 *fill*         0x200017c0      0x200 
                0x20001dc0                        . = (. + _Min_Stack_Size)
 *fill*         0x200019c0      0x400 
                0x20001dc0                        . = ALIGN (0x8)

/DISCARD/
 libc.a(*)
 libm.a(*)
 libgcc.a(*)

.ARM.attributes
                0x00000000       0x36
 *(.ARM.attributes)
 .ARM.attributes
                0x00000000       0x26 C:/ST/STM32CubeIDE_1.19.0/STM32CubeIDE/plugins/com.st.stm32cube.ide.mcu.externaltools.gnu-tools-for-stm32.13.3.rel1.win32_1.0.0.202411081344/tools/bin/../lib/gcc/arm-none-eabi/13.3.1/thumb/v8-m.main+fp/hard/crti.o
 .ARM.attributes
                0x00000026       0x38 C:/ST/STM32CubeIDE_1.19.0/STM32CubeIDE/plugins/com.st.stm32cube.ide.mcu.externaltools.gnu-tools-for-stm32.13.3.rel1.win32_1.0.0.202411081344/tools/bin/../lib/gcc/arm-none-eabi/13.3.1/thumb/v8-m.main+fp/hard/crtbegin.o
 .ARM.attributes
                0x0000005e       0x3a ./Core/Src/API.o
 .ARM.attributes
                0x00000098       0x3a ./Core/Src/main.o
 .ARM.attributes
                0x000000d2       0x3a ./Core/Src/queues.o
 .ARM.attributes
                0x0000010c       0x3a ./Core/Src/solver.o
 .ARM.attributes
                0x00000146       0x3a ./Core/Src/stm32h5xx_hal_msp.o
 .ARM.attributes
                0x00000180       0x3a ./Core/Src/stm32h5xx_it.o
 .ARM.attributes
                0x000001ba       0x3a ./Core/Src/syscalls.o
 .ARM.attributes
                0x000001f4       0x3a ./Core/Src/sysmem.o
 .ARM.attributes
                0x0000022e       0x3a ./Core/Src/system_stm32h5xx.o
 .ARM.attributes
                0x00000268       0x24 ./Core/Startup/startup_stm32h562rgtx.o
 .ARM.attributes
                0x0000028c       0x3a ./Drivers/STM32H5xx_HAL_Driver/Src/stm32h5xx_hal.o
 .ARM.attributes
                0x000002c6       0x3a ./Drivers/STM32H5xx_HAL_Driver/Src/stm32h5xx_hal_cortex.o
 .ARM.attributes
                0x00000300       0x3a ./Drivers/STM32H5xx_HAL_Driver/Src/stm32h5xx_hal_gpio.o
 .ARM.attributes
                0x0000033a       0x3a ./Drivers/STM32H5xx_HAL_Driver/Src/stm32h5xx_hal_i2c.o
 .ARM.attributes
                0x00000374       0x3a ./Drivers/STM32H5xx_HAL_Driver/Src/stm32h5xx_hal_i2c_ex.o
 .ARM.attributes
                0x000003ae       0x3a ./Drivers/STM32H5xx_HAL_Driver/Src/stm32h5xx_hal_icache.o
 .ARM.attributes
                0x000003e8       0x3a ./Drivers/STM32H5xx_HAL_Driver/Src/stm32h5xx_hal_pcd.o
 .ARM.attributes
                0x00000422       0x3a ./Drivers/STM32H5xx_HAL_Driver/Src/stm32h5xx_hal_pcd_ex.o
 .ARM.attributes
                0x0000045c       0x3a ./Drivers/STM32H5xx_HAL_Driver/Src/stm32h5xx_hal_pwr_ex.o
 .ARM.attributes
                0x00000496       0x3a ./Drivers/STM32H5xx_HAL_Driver/Src/stm32h5xx_hal_rcc.o
 .ARM.attributes
                0x000004d0       0x3a ./Drivers/STM32H5xx_HAL_Driver/Src/stm32h5xx_hal_rcc_ex.o
 .ARM.attributes
                0x0000050a       0x3a ./Drivers/STM32H5xx_HAL_Driver/Src/stm32h5xx_hal_sd.o
 .ARM.attributes
                0x00000544       0x3a ./Drivers/STM32H5xx_HAL_Driver/Src/stm32h5xx_hal_tim.o
 .ARM.attributes
                0x0000057e       0x3a ./Drivers/STM32H5xx_HAL_Driver/Src/stm32h5xx_hal_tim_ex.o
 .ARM.attributes
                0x000005b8       0x3a ./Drivers/STM32H5xx_HAL_Driver/Src/stm32h5xx_ll_sdmmc.o
 .ARM.attributes
                0x000005f2       0x3a ./Drivers/STM32H5xx_HAL_Driver/Src/stm32h5xx_ll_usb.o
 .ARM.attributes
                0x0000062c       0x38 C:/ST/STM32CubeIDE_1.19.0/STM32CubeIDE/plugins/com.st.stm32cube.ide.mcu.externaltools.gnu-tools-for-stm32.13.3.rel1.win32_1.0.0.202411081344/tools/bin/../lib/gcc/arm-none-eabi/13.3.1/../../../../arm-none-eabi/lib/thumb/v8-m.main+fp/hard\libc_nano.a(libc_a-abort.o)
 .ARM.attributes
                0x00000664       0x38 C:/ST/STM32CubeIDE_1.19.0/STM32CubeIDE/plugins/com.st.stm32cube.ide.mcu.externaltools.gnu-tools-for-stm32.13.3.rel1.win32_1.0.0.202411081344/tools/bin/../lib/gcc/arm-none-eabi/13.3.1/../../../../arm-none-eabi/lib/thumb/v8-m.main+fp/hard\libc_nano.a(libc_a-malloc.o)
 .ARM.attributes
                0x0000069c       0x38 C:/ST/STM32CubeIDE_1.19.0/STM32CubeIDE/plugins/com.st.stm32cube.ide.mcu.externaltools.gnu-tools-for-stm32.13.3.rel1.win32_1.0.0.202411081344/tools/bin/../lib/gcc/arm-none-eabi/13.3.1/../../../../arm-none-eabi/lib/thumb/v8-m.main+fp/hard\libc_nano.a(libc_a-mallocr.o)
 .ARM.attributes
                0x000006d4       0x38 C:/ST/STM32CubeIDE_1.19.0/STM32CubeIDE/plugins/com.st.stm32cube.ide.mcu.externaltools.gnu-tools-for-stm32.13.3.rel1.win32_1.0.0.202411081344/tools/bin/../lib/gcc/arm-none-eabi/13.3.1/../../../../arm-none-eabi/lib/thumb/v8-m.main+fp/hard\libc_nano.a(libc_a-mlock.o)
 .ARM.attributes
                0x0000070c       0x38 C:/ST/STM32CubeIDE_1.19.0/STM32CubeIDE/plugins/com.st.stm32cube.ide.mcu.externaltools.gnu-tools-for-stm32.13.3.rel1.win32_1.0.0.202411081344/tools/bin/../lib/gcc/arm-none-eabi/13.3.1/../../../../arm-none-eabi/lib/thumb/v8-m.main+fp/hard\libc_nano.a(libc_a-fflush.o)
 .ARM.attributes
                0x00000744       0x38 C:/ST/STM32CubeIDE_1.19.0/STM32CubeIDE/plugins/com.st.stm32cube.ide.mcu.externaltools.gnu-tools-for-stm32.13.3.rel1.win32_1.0.0.202411081344/tools/bin/../lib/gcc/arm-none-eabi/13.3.1/../../../../arm-none-eabi/lib/thumb/v8-m.main+fp/hard\libc_nano.a(libc_a-fgets.o)
 .ARM.attributes
                0x0000077c       0x38 C:/ST/STM32CubeIDE_1.19.0/STM32CubeIDE/plugins/com.st.stm32cube.ide.mcu.externaltools.gnu-tools-for-stm32.13.3.rel1.win32_1.0.0.202411081344/tools/bin/../lib/gcc/arm-none-eabi/13.3.1/../../../../arm-none-eabi/lib/thumb/v8-m.main+fp/hard\libc_nano.a(libc_a-findfp.o)
 .ARM.attributes
                0x000007b4       0x38 C:/ST/STM32CubeIDE_1.19.0/STM32CubeIDE/plugins/com.st.stm32cube.ide.mcu.externaltools.gnu-tools-for-stm32.13.3.rel1.win32_1.0.0.202411081344/tools/bin/../lib/gcc/arm-none-eabi/13.3.1/../../../../arm-none-eabi/lib/thumb/v8-m.main+fp/hard\libc_nano.a(libc_a-fprintf.o)
 .ARM.attributes
                0x000007ec       0x38 C:/ST/STM32CubeIDE_1.19.0/STM32CubeIDE/plugins/com.st.stm32cube.ide.mcu.externaltools.gnu-tools-for-stm32.13.3.rel1.win32_1.0.0.202411081344/tools/bin/../lib/gcc/arm-none-eabi/13.3.1/../../../../arm-none-eabi/lib/thumb/v8-m.main+fp/hard\libc_nano.a(libc_a-fwalk.o)
 .ARM.attributes
                0x00000824       0x38 C:/ST/STM32CubeIDE_1.19.0/STM32CubeIDE/plugins/com.st.stm32cube.ide.mcu.externaltools.gnu-tools-for-stm32.13.3.rel1.win32_1.0.0.202411081344/tools/bin/../lib/gcc/arm-none-eabi/13.3.1/../../../../arm-none-eabi/lib/thumb/v8-m.main+fp/hard\libc_nano.a(libc_a-fwrite.o)
 .ARM.attributes
                0x0000085c       0x38 C:/ST/STM32CubeIDE_1.19.0/STM32CubeIDE/plugins/com.st.stm32cube.ide.mcu.externaltools.gnu-tools-for-stm32.13.3.rel1.win32_1.0.0.202411081344/tools/bin/../lib/gcc/arm-none-eabi/13.3.1/../../../../arm-none-eabi/lib/thumb/v8-m.main+fp/hard\libc_nano.a(libc_a-printf.o)
 .ARM.attributes
                0x00000894       0x38 C:/ST/STM32CubeIDE_1.19.0/STM32CubeIDE/plugins/com.st.stm32cube.ide.mcu.externaltools.gnu-tools-for-stm32.13.3.rel1.win32_1.0.0.202411081344/tools/bin/../lib/gcc/arm-none-eabi/13.3.1/../../../../arm-none-eabi/lib/thumb/v8-m.main+fp/hard\libc_nano.a(libc_a-puts.o)
 .ARM.attributes
                0x000008cc       0x38 C:/ST/STM32CubeIDE_1.19.0/STM32CubeIDE/plugins/com.st.stm32cube.ide.mcu.externaltools.gnu-tools-for-stm32.13.3.rel1.win32_1.0.0.202411081344/tools/bin/../lib/gcc/arm-none-eabi/13.3.1/../../../../arm-none-eabi/lib/thumb/v8-m.main+fp/hard\libc_nano.a(libc_a-refill.o)
 .ARM.attributes
                0x00000904       0x38 C:/ST/STM32CubeIDE_1.19.0/STM32CubeIDE/plugins/com.st.stm32cube.ide.mcu.externaltools.gnu-tools-for-stm32.13.3.rel1.win32_1.0.0.202411081344/tools/bin/../lib/gcc/arm-none-eabi/13.3.1/../../../../arm-none-eabi/lib/thumb/v8-m.main+fp/hard\libc_nano.a(libc_a-sprintf.o)
 .ARM.attributes
                0x0000093c       0x38 C:/ST/STM32CubeIDE_1.19.0/STM32CubeIDE/plugins/com.st.stm32cube.ide.mcu.externaltools.gnu-tools-for-stm32.13.3.rel1.win32_1.0.0.202411081344/tools/bin/../lib/gcc/arm-none-eabi/13.3.1/../../../../arm-none-eabi/lib/thumb/v8-m.main+fp/hard\libc_nano.a(libc_a-stdio.o)
 .ARM.attributes
                0x00000974       0x38 C:/ST/STM32CubeIDE_1.19.0/STM32CubeIDE/plugins/com.st.stm32cube.ide.mcu.externaltools.gnu-tools-for-stm32.13.3.rel1.win32_1.0.0.202411081344/tools/bin/../lib/gcc/arm-none-eabi/13.3.1/../../../../arm-none-eabi/lib/thumb/v8-m.main+fp/hard\libc_nano.a(libc_a-wbuf.o)
 .ARM.attributes
                0x000009ac       0x38 C:/ST/STM32CubeIDE_1.19.0/STM32CubeIDE/plugins/com.st.stm32cube.ide.mcu.externaltools.gnu-tools-for-stm32.13.3.rel1.win32_1.0.0.202411081344/tools/bin/../lib/gcc/arm-none-eabi/13.3.1/../../../../arm-none-eabi/lib/thumb/v8-m.main+fp/hard\libc_nano.a(libc_a-wsetup.o)
 .ARM.attributes
                0x000009e4       0x38 C:/ST/STM32CubeIDE_1.19.0/STM32CubeIDE/plugins/com.st.stm32cube.ide.mcu.externaltools.gnu-tools-for-stm32.13.3.rel1.win32_1.0.0.202411081344/tools/bin/../lib/gcc/arm-none-eabi/13.3.1/../../../../arm-none-eabi/lib/thumb/v8-m.main+fp/hard\libc_nano.a(libc_a-memset.o)
 .ARM.attributes
                0x00000a1c       0x38 C:/ST/STM32CubeIDE_1.19.0/STM32CubeIDE/plugins/com.st.stm32cube.ide.mcu.externaltools.gnu-tools-for-stm32.13.3.rel1.win32_1.0.0.202411081344/tools/bin/../lib/gcc/arm-none-eabi/13.3.1/../../../../arm-none-eabi/lib/thumb/v8-m.main+fp/hard\libc_nano.a(libc_a-signal.o)
 .ARM.attributes
                0x00000a54       0x38 C:/ST/STM32CubeIDE_1.19.0/STM32CubeIDE/plugins/com.st.stm32cube.ide.mcu.externaltools.gnu-tools-for-stm32.13.3.rel1.win32_1.0.0.202411081344/tools/bin/../lib/gcc/arm-none-eabi/13.3.1/../../../../arm-none-eabi/lib/thumb/v8-m.main+fp/hard\libc_nano.a(libc_a-closer.o)
 .ARM.attributes
                0x00000a8c       0x38 C:/ST/STM32CubeIDE_1.19.0/STM32CubeIDE/plugins/com.st.stm32cube.ide.mcu.externaltools.gnu-tools-for-stm32.13.3.rel1.win32_1.0.0.202411081344/tools/bin/../lib/gcc/arm-none-eabi/13.3.1/../../../../arm-none-eabi/lib/thumb/v8-m.main+fp/hard\libc_nano.a(libc_a-reent.o)
 .ARM.attributes
                0x00000ac4       0x38 C:/ST/STM32CubeIDE_1.19.0/STM32CubeIDE/plugins/com.st.stm32cube.ide.mcu.externaltools.gnu-tools-for-stm32.13.3.rel1.win32_1.0.0.202411081344/tools/bin/../lib/gcc/arm-none-eabi/13.3.1/../../../../arm-none-eabi/lib/thumb/v8-m.main+fp/hard\libc_nano.a(libc_a-impure.o)
 .ARM.attributes
                0x00000afc       0x38 C:/ST/STM32CubeIDE_1.19.0/STM32CubeIDE/plugins/com.st.stm32cube.ide.mcu.externaltools.gnu-tools-for-stm32.13.3.rel1.win32_1.0.0.202411081344/tools/bin/../lib/gcc/arm-none-eabi/13.3.1/../../../../arm-none-eabi/lib/thumb/v8-m.main+fp/hard\libc_nano.a(libc_a-lseekr.o)
 .ARM.attributes
                0x00000b34       0x38 C:/ST/STM32CubeIDE_1.19.0/STM32CubeIDE/plugins/com.st.stm32cube.ide.mcu.externaltools.gnu-tools-for-stm32.13.3.rel1.win32_1.0.0.202411081344/tools/bin/../lib/gcc/arm-none-eabi/13.3.1/../../../../arm-none-eabi/lib/thumb/v8-m.main+fp/hard\libc_nano.a(libc_a-readr.o)
 .ARM.attributes
                0x00000b6c       0x38 C:/ST/STM32CubeIDE_1.19.0/STM32CubeIDE/plugins/com.st.stm32cube.ide.mcu.externaltools.gnu-tools-for-stm32.13.3.rel1.win32_1.0.0.202411081344/tools/bin/../lib/gcc/arm-none-eabi/13.3.1/../../../../arm-none-eabi/lib/thumb/v8-m.main+fp/hard\libc_nano.a(libc_a-signalr.o)
 .ARM.attributes
                0x00000ba4       0x38 C:/ST/STM32CubeIDE_1.19.0/STM32CubeIDE/plugins/com.st.stm32cube.ide.mcu.externaltools.gnu-tools-for-stm32.13.3.rel1.win32_1.0.0.202411081344/tools/bin/../lib/gcc/arm-none-eabi/13.3.1/../../../../arm-none-eabi/lib/thumb/v8-m.main+fp/hard\libc_nano.a(libc_a-sbrkr.o)
 .ARM.attributes
                0x00000bdc       0x38 C:/ST/STM32CubeIDE_1.19.0/STM32CubeIDE/plugins/com.st.stm32cube.ide.mcu.externaltools.gnu-tools-for-stm32.13.3.rel1.win32_1.0.0.202411081344/tools/bin/../lib/gcc/arm-none-eabi/13.3.1/../../../../arm-none-eabi/lib/thumb/v8-m.main+fp/hard\libc_nano.a(libc_a-writer.o)
 .ARM.attributes
                0x00000c14       0x38 C:/ST/STM32CubeIDE_1.19.0/STM32CubeIDE/plugins/com.st.stm32cube.ide.mcu.externaltools.gnu-tools-for-stm32.13.3.rel1.win32_1.0.0.202411081344/tools/bin/../lib/gcc/arm-none-eabi/13.3.1/../../../../arm-none-eabi/lib/thumb/v8-m.main+fp/hard\libc_nano.a(libc_a-errno.o)
 .ARM.attributes
                0x00000c4c       0x38 C:/ST/STM32CubeIDE_1.19.0/STM32CubeIDE/plugins/com.st.stm32cube.ide.mcu.externaltools.gnu-tools-for-stm32.13.3.rel1.win32_1.0.0.202411081344/tools/bin/../lib/gcc/arm-none-eabi/13.3.1/../../../../arm-none-eabi/lib/thumb/v8-m.main+fp/hard\libc_nano.a(libc_a-init.o)
 .ARM.attributes
                0x00000c84       0x38 C:/ST/STM32CubeIDE_1.19.0/STM32CubeIDE/plugins/com.st.stm32cube.ide.mcu.externaltools.gnu-tools-for-stm32.13.3.rel1.win32_1.0.0.202411081344/tools/bin/../lib/gcc/arm-none-eabi/13.3.1/../../../../arm-none-eabi/lib/thumb/v8-m.main+fp/hard\libc_nano.a(libc_a-lock.o)
 .ARM.attributes