../Core/Src/main.c:81:5:main	24	static
../Core/Src/main.c:132:6:SystemClock_Config	120	static
../Core/Src/main.c:190:13:MX_I2C1_Init	8	static
../Core/Src/main.c:238:13:MX_I2C2_Init	8	static
../Core/Src/main.c:286:13:MX_ICACHE_Init	8	static
../Core/Src/main.c:318:13:MX_SDMMC1_SD_Init	8	static
../Core/Src/main.c:349:13:MX_TIM2_Init	64	static
../Core/Src/main.c:412:13:MX_USB_PCD_Init	8	static
../Core/Src/main.c:448:13:MX_GPIO_Init	48	static
../Core/Src/main.c:529:6:Error_Handler	4	static,ignoring_inline_asm
