../Core/Src/solver.c:29:5:checkTravelArray	16	static
../Core/Src/solver.c:31:6:updateTravelArray	16	static
../Core/Src/solver.c:33:6:updateFloodArray	24	static
../Core/Src/solver.c:35:5:getFloodArray	16	static
../Core/Src/solver.c:37:6:updatePathArray	24	static
../Core/Src/solver.c:39:9:getPathArray	16	static
../Core/Src/solver.c:44:6:resetFloodArray	24	static
../Core/Src/solver.c:60:5:checkWall	24	static
../Core/Src/solver.c:70:7:incrementCoord	56	static
../Core/Src/solver.c:81:8:turnLeft	8	static
../Core/Src/solver.c:89:8:turnRight	8	static
../Core/Src/solver.c:96:15:mouseInGoal	4	static
../Core/Src/solver.c:102:5:getNeighbor	24	static
../Core/Src/solver.c:120:10:generateNeighbor	64	static
../Core/Src/solver.c:147:6:floodFill	184	static
../Core/Src/solver.c:186:6:placeWall	24	static
../Core/Src/solver.c:208:6:generateInitialWalls	48	static
../Core/Src/solver.c:220:6:updateWalls	8	static
../Core/Src/solver.c:229:8:nextAction	56	static
../Core/Src/solver.c:271:6:checkDestination	16	static
../Core/Src/solver.c:288:6:highlightPath	32	static
../Core/Src/solver.c:324:8:solver	8	static
