../Core/Src/solver.c:29:5:checkTravelArray	16	static
../Core/Src/solver.c:31:6:updateTravelArray	16	static
../Core/Src/solver.c:33:6:updateFloodArray	24	static
../Core/Src/solver.c:35:5:getFloodArray	16	static
../Core/Src/solver.c:37:6:updatePathArray	24	static
../Core/Src/solver.c:39:9:getPathArray	16	static
../Core/Src/solver.c:44:6:resetFloodArray	24	static
../Core/Src/solver.c:60:5:checkWall	24	static
../Core/Src/solver.c:71:7:incrementCoord	56	static
../Core/Src/solver.c:83:8:turnLeft	4	static
../Core/Src/solver.c:91:8:turnRight	4	static
../Core/Src/solver.c:98:15:mouseInGoal	4	static
../Core/Src/solver.c:104:5:getNeighbor	24	static
../Core/Src/solver.c:123:10:generateNeighbor	72	static
../Core/Src/solver.c:151:6:floodFill	176	static
../Core/Src/solver.c:190:6:placeWall	24	static
../Core/Src/solver.c:212:6:generateInitialWalls	48	static
../Core/Src/solver.c:224:6:updateWalls	4	static
../Core/Src/solver.c:233:8:nextAction	48	static
../Core/Src/solver.c:275:6:checkDestination	16	static
../Core/Src/solver.c:292:6:highlightPath	32	static
../Core/Src/solver.c:329:8:solver	8	static
